[13:01:32.938] ❌ 连接失败，重试中...
[13:01:36.137] ❌ 连接失败，重试中...
[13:01:39.346] ❌ 连接失败，重试中...
[13:01:42.555] ❌ 连接失败，重试中...
[13:01:45.775] ❌ 连接失败，重试中...
[13:01:48.988] ❌ 连接失败，重试中...
[13:01:52.201] ❌ 连接失败，重试中...
[13:01:55.366] ❌ 连接失败，重试中...
[13:01:58.583] ❌ 连接失败，重试中...
[13:02:01.787] ❌ 连接失败，重试中...
[13:02:04.998] ❌ 连接失败，重试中...
[13:02:08.234] ❌ 连接失败，重试中...
[13:02:11.442] ❌ 连接失败，重试中...
[13:02:14.648] ❌ 连接失败，重试中...
[13:02:17.837] ❌ 连接失败，重试中...
[13:02:21.054] ❌ 连接失败，重试中...
[13:02:24.268] ❌ 连接失败，重试中...
[13:02:27.471] ❌ 连接失败，重试中...
[13:02:30.686] ❌ 连接失败，重试中...
[13:02:33.893] ❌ 连接失败，重试中...
[13:02:36.412] ✅ 连接成功，开始接收数据
[13:02:39.283] [SENSOR_INIT]
[13:02:39.283] [MAX30102] I2C CALL OK, INIT OK
[13:02:39.283] [ICM20948] INIT OK (WHO_AM_I + 10x probe passed)
[13:02:39.284] [/SENSOR_INIT]
[13:02:39.328] [ICM_INT_FLAG_PIN_CHECK_BEGIN]
[13:02:39.389] ICM_CFG_CHECK,CFG=0xE0,EN1=0x01
[13:02:39.405] ICM_BEFORE_WAIT,PIN=0,IRQ=2
[13:02:39.547] ICM_FLAG_PIN_RESULT,PIN_BEFORE_ST1=0,ST1=0x01,PIN_AFTER_ST1=1,IRQ_BEFORE=2,IRQ_AFTER=2
[13:02:39.563] [ICM_INT_FLAG_PIN_CHECK_END]
[13:06:43.485] ⚠ 串口异常: ClearCommError failed (PermissionError(13, '设备不识别此命令。', None, 22))
[13:06:43.486] 📊 本次连接统计: 9行数据
[13:06:43.486] ⚠ 连接断开，等待重连...
[13:06:43.738] ❌ 连接失败，重试中...
[13:06:46.954] ❌ 连接失败，重试中...
[13:06:50.167] ❌ 连接失败，重试中...
[13:06:53.382] ❌ 连接失败，重试中...
[13:06:55.404] ✅ 连接成功，开始接收数据
[13:06:55.404] 📈 累计重连次数: 2
[13:06:58.230] [SENSOR_INIT]
[13:06:58.230] [MAX30102] I2C CALL OK, INIT OK
[13:06:58.230] [ICM20948] INIT OK (WHO_AM_I + 10x probe passed)
[13:06:58.230] [/SENSOR_INIT]
[13:06:58.278] [ICM_INT_FLAG_PIN_CHECK_BEGIN]
[13:06:58.326] ICM_CFG_CHECK,CFG=0xE0,EN1=0x01
[13:06:58.342] ICM_BEFORE_WAIT,PIN=0,IRQ=2
[13:06:58.499] ICM_FLAG_PIN_RESULT,PIN_BEFORE_ST1=0,ST1=0x01,PIN_AFTER_ST1=1,IRQ_BEFORE=2,IRQ_AFTER=2
[13:06:58.514] [ICM_INT_FLAG_PIN_CHECK_END]
