[14:13:04.397] ✅ 连接成功，开始接收数据
[14:13:07.288] ⚠ 串口异常: ClearCommError failed (PermissionError(13, '设备不识别此命令。', None, 22))
[14:13:07.288] ⚠ 连接断开，等待重连...
[14:13:07.563] ❌ 连接失败，重试中...
[14:13:11.026] ❌ 连接失败，重试中...
[14:13:14.345] ❌ 连接失败，重试中...
[14:13:17.675] ❌ 连接失败，重试中...
[14:13:19.296] ✅ 连接成功，开始接收数据
[14:13:19.296] 📈 累计重连次数: 2
[14:13:22.000] [SENSOR_INIT]
[14:13:22.001] [MAX30102] I2C CALL FAIL, DEVICE NOT FOUND
[14:13:22.001] [ICM20948] INIT FAILED, RET=1 (1=WHO_AM_I,2=PWR,3=Bank2,4=INT_CFG,5=VerifyRd,6=VerifyVal,7=10xWHO)
[14:13:22.001] [/SENSOR_INIT]
[14:13:25.241] [ECG_CTRL] SD_OPEN_TIMEOUT, continuing without SD
[14:13:25.241] [ECG_CTRL] START file=0:/ecg_001.csv tick=6478
[14:14:22.488] ⚠ 串口异常: ClearCommError failed (PermissionError(13, '设备不识别此命令。', None, 22))
[14:14:22.488] 📊 本次连接统计: 6行数据
[14:14:22.488] ⚠ 连接断开，等待重连...
[14:14:22.750] ❌ 连接失败，重试中...
[14:14:26.097] ❌ 连接失败，重试中...
[14:14:29.423] ❌ 连接失败，重试中...
[14:14:32.702] ❌ 连接失败，重试中...
[14:14:34.315] ✅ 连接成功，开始接收数据
[14:14:34.315] 📈 累计重连次数: 3
[14:14:36.905] [SENSOR_INIT]
[14:14:36.905] [MAX30102] I2C CALL FAIL, DEVICE NOT FOUND
[14:14:36.905] [ICM20948] INIT FAILED, RET=1 (1=WHO_AM_I,2=PWR,3=Bank2,4=INT_CFG,5=VerifyRd,6=VerifyVal,7=10xWHO)
[14:14:36.905] [/SENSOR_INIT]
