[12:44:04.916] ✅ 连接成功，开始接收数据
[12:44:08.152] ⚠ 串口异常: ClearCommError failed (PermissionError(13, '设备不识别此命令。', None, 22))
[12:44:08.152] ⚠ 连接断开，等待重连...
[12:44:08.408] ❌ 连接失败，重试中...
[12:44:11.618] ❌ 连接失败，重试中...
[12:44:14.845] ❌ 连接失败，重试中...
[12:44:18.076] ❌ 连接失败，重试中...
[12:44:20.108] ✅ 连接成功，开始接收数据
[12:44:20.108] 📈 累计重连次数: 2
[12:44:22.756] [SENSOR_INIT]
[12:44:22.756] [MAX30102] I2C CALL OK, INIT OK
[12:44:22.756] [ICM20948] INIT OK (WHO_AM_I + 10x probe passed)
[12:44:22.756] [/SENSOR_INIT]
[12:44:22.804] [ICM_INT_FLAG_PIN_CHECK_BEGIN]
[12:44:22.852] ICM_CFG_CHECK,CFG=0xE0,EN1=0x01
[12:44:22.868] ICM_BEFORE_WAIT,PIN=0,IRQ=13
[12:44:22.994] ICM_FLAG_PIN_RESULT,PIN_BEFORE_ST1=0,ST1=0x01,PIN_AFTER_ST1=1,IRQ_BEFORE=13,IRQ_AFTER=13
[12:44:23.026] [ICM_INT_FLAG_PIN_CHECK_END]
[12:45:06.702] ⚠ 串口异常: ClearCommError failed (PermissionError(13, '设备不识别此命令。', None, 22))
[12:45:06.702] 📊 本次连接统计: 9行数据
[12:45:06.702] ⚠ 连接断开，等待重连...
[12:45:06.956] ❌ 连接失败，重试中...
[12:45:10.173] ❌ 连接失败，重试中...
[12:45:13.396] ❌ 连接失败，重试中...
[12:45:16.619] ❌ 连接失败，重试中...
[12:45:18.648] ✅ 连接成功，开始接收数据
[12:45:18.648] 📈 累计重连次数: 3
[12:45:21.311] [SENSOR_INIT]
[12:45:21.311] [MAX30102] I2C CALL OK, INIT OK
[12:45:21.311] [ICM20948] INIT OK (WHO_AM_I + 10x probe passed)
[12:45:21.311] [/SENSOR_INIT]
[12:45:21.358] [ICM_INT_FLAG_PIN_CHECK_BEGIN]
[12:45:21.406] ICM_CFG_CHECK,CFG=0xE0,EN1=0x01
[12:45:21.422] ICM_BEFORE_WAIT,PIN=0,IRQ=163
[12:45:21.548] ICM_FLAG_PIN_RESULT,PIN_BEFORE_ST1=0,ST1=0x01,PIN_AFTER_ST1=1,IRQ_BEFORE=163,IRQ_AFTER=163
[12:45:21.563] [ICM_INT_FLAG_PIN_CHECK_END]
[12:47:37.733] ⚠ 串口异常: ClearCommError failed (PermissionError(13, '设备不识别此命令。', None, 22))
[12:47:37.734] 📊 本次连接统计: 9行数据
[12:47:37.735] ⚠ 连接断开，等待重连...
[12:47:37.985] ❌ 连接失败，重试中...
[12:47:41.206] ❌ 连接失败，重试中...
[12:47:44.423] ❌ 连接失败，重试中...
[12:47:47.640] ❌ 连接失败，重试中...
[12:47:50.852] ❌ 连接失败，重试中...
[12:47:54.065] ❌ 连接失败，重试中...
[12:47:57.280] ❌ 连接失败，重试中...
[12:48:00.497] ❌ 连接失败，重试中...
[12:48:03.711] ❌ 连接失败，重试中...
[12:48:06.932] ❌ 连接失败，重试中...
[12:48:10.152] ❌ 连接失败，重试中...
[12:48:13.370] ❌ 连接失败，重试中...
[12:48:16.579] ❌ 连接失败，重试中...
[12:48:19.793] ❌ 连接失败，重试中...
[12:48:23.008] ❌ 连接失败，重试中...
[12:48:26.257] ❌ 连接失败，重试中...
[12:48:29.473] ❌ 连接失败，重试中...
[12:48:32.697] ❌ 连接失败，重试中...
[12:48:35.881] ❌ 连接失败，重试中...
[12:48:39.100] ❌ 连接失败，重试中...
[12:48:42.327] ❌ 连接失败，重试中...
[12:48:45.547] ❌ 连接失败，重试中...
[12:48:48.769] ❌ 连接失败，重试中...
[12:48:51.983] ❌ 连接失败，重试中...
[12:48:55.201] ❌ 连接失败，重试中...
[12:48:58.432] ❌ 连接失败，重试中...
[12:49:01.647] ❌ 连接失败，重试中...
[12:49:04.862] ❌ 连接失败，重试中...
[12:49:08.038] ❌ 连接失败，重试中...
[12:49:11.259] ❌ 连接失败，重试中...
[12:49:14.471] ❌ 连接失败，重试中...
[12:49:17.701] ❌ 连接失败，重试中...
[12:49:20.937] ❌ 连接失败，重试中...
[12:49:24.169] ❌ 连接失败，重试中...
[12:49:27.330] ❌ 连接失败，重试中...
[12:49:30.549] ❌ 连接失败，重试中...
[12:49:33.767] ❌ 连接失败，重试中...
[12:49:36.979] ❌ 连接失败，重试中...
[12:49:40.191] ❌ 连接失败，重试中...
[12:49:43.370] ❌ 连接失败，重试中...
[12:49:46.584] ❌ 连接失败，重试中...
[12:49:49.793] ❌ 连接失败，重试中...
[12:49:53.004] ❌ 连接失败，重试中...
[12:49:56.224] ❌ 连接失败，重试中...
[12:49:59.440] ❌ 连接失败，重试中...
[12:50:02.668] ❌ 连接失败，重试中...
[12:50:05.882] ❌ 连接失败，重试中...
[12:50:09.090] ❌ 连接失败，重试中...
[12:50:12.303] ❌ 连接失败，重试中...
[12:50:15.514] ❌ 连接失败，重试中...
[12:50:18.726] ❌ 连接失败，重试中...
[12:50:21.946] ❌ 连接失败，重试中...
[12:50:25.163] ❌ 连接失败，重试中...
[12:50:28.380] ❌ 连接失败，重试中...
[12:50:31.598] ❌ 连接失败，重试中...
[12:50:34.810] ❌ 连接失败，重试中...
[12:50:38.037] ❌ 连接失败，重试中...
[12:50:41.274] ❌ 连接失败，重试中...
[12:50:44.493] ❌ 连接失败，重试中...
[12:50:47.725] ❌ 连接失败，重试中...
[12:50:50.921] ❌ 连接失败，重试中...
[12:50:54.078] ❌ 连接失败，重试中...
[12:50:57.286] ❌ 连接失败，重试中...
[12:51:00.454] ❌ 连接失败，重试中...
[12:51:03.665] ❌ 连接失败，重试中...
[12:51:06.882] ❌ 连接失败，重试中...
[12:51:10.086] ❌ 连接失败，重试中...
[12:51:13.288] ❌ 连接失败，重试中...
[12:51:16.497] ❌ 连接失败，重试中...
[12:51:19.714] ❌ 连接失败，重试中...
[12:51:22.915] ❌ 连接失败，重试中...
[12:51:26.129] ❌ 连接失败，重试中...
[12:51:29.336] ❌ 连接失败，重试中...
[12:51:32.547] ❌ 连接失败，重试中...
[12:51:35.784] ❌ 连接失败，重试中...
[12:51:38.996] ❌ 连接失败，重试中...
[12:51:42.199] ❌ 连接失败，重试中...
[12:51:45.411] ❌ 连接失败，重试中...
[12:51:48.655] ❌ 连接失败，重试中...
[12:51:51.835] ❌ 连接失败，重试中...
[12:51:55.041] ❌ 连接失败，重试中...
[12:51:58.270] ❌ 连接失败，重试中...
[12:52:01.449] ❌ 连接失败，重试中...
[12:52:04.655] ❌ 连接失败，重试中...
[12:52:07.863] ❌ 连接失败，重试中...
[12:52:11.072] ❌ 连接失败，重试中...
[12:52:14.286] ❌ 连接失败，重试中...
[12:52:17.500] ❌ 连接失败，重试中...
[12:52:20.716] ❌ 连接失败，重试中...
[12:52:23.933] ❌ 连接失败，重试中...
[12:52:27.140] ❌ 连接失败，重试中...
[12:52:30.351] ❌ 连接失败，重试中...
[12:52:33.573] ❌ 连接失败，重试中...
[12:52:36.789] ❌ 连接失败，重试中...
[12:52:40.001] ❌ 连接失败，重试中...
[12:52:43.211] ❌ 连接失败，重试中...
[12:52:46.414] ❌ 连接失败，重试中...
[12:52:49.628] ❌ 连接失败，重试中...
[12:52:52.848] ❌ 连接失败，重试中...
[12:52:56.054] ❌ 连接失败，重试中...
[12:52:59.262] ❌ 连接失败，重试中...
[12:53:02.476] ❌ 连接失败，重试中...
[12:53:05.686] ❌ 连接失败，重试中...
[12:53:08.873] ❌ 连接失败，重试中...
[12:53:12.076] ❌ 连接失败，重试中...
[12:53:15.290] ❌ 连接失败，重试中...
[12:53:18.507] ❌ 连接失败，重试中...
[12:53:21.754] ❌ 连接失败，重试中...
[12:53:24.972] ❌ 连接失败，重试中...
[12:53:28.189] ❌ 连接失败，重试中...
[12:53:31.402] ❌ 连接失败，重试中...
[12:53:34.617] ❌ 连接失败，重试中...
[12:53:37.828] ❌ 连接失败，重试中...
[12:53:41.047] ❌ 连接失败，重试中...
[12:53:44.273] ❌ 连接失败，重试中...
[12:53:47.491] ❌ 连接失败，重试中...
[12:53:50.712] ❌ 连接失败，重试中...
[12:53:53.930] ❌ 连接失败，重试中...
[12:53:57.144] ❌ 连接失败，重试中...
[12:54:00.361] ❌ 连接失败，重试中...
[12:54:03.571] ❌ 连接失败，重试中...
[12:54:06.792] ❌ 连接失败，重试中...
[12:54:10.007] ❌ 连接失败，重试中...
[12:54:13.220] ❌ 连接失败，重试中...
[12:54:16.435] ❌ 连接失败，重试中...
[12:54:19.657] ❌ 连接失败，重试中...
[12:54:22.878] ❌ 连接失败，重试中...
[12:54:26.093] ❌ 连接失败，重试中...
[12:54:29.315] ❌ 连接失败，重试中...
[12:54:32.529] ❌ 连接失败，重试中...
[12:54:35.743] ❌ 连接失败，重试中...
[12:54:38.963] ❌ 连接失败，重试中...
[12:54:42.176] ❌ 连接失败，重试中...
[12:54:45.387] ❌ 连接失败，重试中...
[12:54:48.609] ❌ 连接失败，重试中...
[12:54:51.834] ❌ 连接失败，重试中...
[12:54:55.056] ❌ 连接失败，重试中...
[12:54:58.279] ❌ 连接失败，重试中...
[12:55:01.496] ❌ 连接失败，重试中...
[12:55:04.715] ❌ 连接失败，重试中...
[12:55:07.936] ❌ 连接失败，重试中...
[12:55:11.150] ❌ 连接失败，重试中...
[12:55:14.362] ❌ 连接失败，重试中...
[12:55:17.575] ❌ 连接失败，重试中...
[12:55:20.797] ❌ 连接失败，重试中...
[12:55:24.013] ❌ 连接失败，重试中...
[12:55:27.235] ❌ 连接失败，重试中...
[12:55:30.489] ❌ 连接失败，重试中...
[12:55:33.699] ❌ 连接失败，重试中...
[12:55:36.914] ❌ 连接失败，重试中...
[12:55:40.147] ❌ 连接失败，重试中...
[12:55:43.356] ❌ 连接失败，重试中...
[12:55:46.567] ❌ 连接失败，重试中...
[12:55:49.780] ❌ 连接失败，重试中...
[12:55:52.994] ❌ 连接失败，重试中...
[12:55:56.203] ❌ 连接失败，重试中...
[12:55:59.418] ❌ 连接失败，重试中...
[12:56:02.588] ❌ 连接失败，重试中...
[12:56:05.802] ❌ 连接失败，重试中...
[12:56:09.012] ❌ 连接失败，重试中...
[12:56:12.224] ❌ 连接失败，重试中...
[12:56:15.462] ❌ 连接失败，重试中...
[12:56:18.675] ❌ 连接失败，重试中...
[12:56:21.834] ❌ 连接失败，重试中...
[12:56:25.025] ❌ 连接失败，重试中...
[12:56:28.226] ❌ 连接失败，重试中...
[12:56:31.435] ❌ 连接失败，重试中...
[12:56:34.643] ❌ 连接失败，重试中...
[12:56:37.870] ❌ 连接失败，重试中...
[12:56:41.058] ❌ 连接失败，重试中...
[12:56:44.267] ❌ 连接失败，重试中...
[12:56:47.479] ❌ 连接失败，重试中...
[12:56:50.687] ❌ 连接失败，重试中...
[12:56:53.857] ❌ 连接失败，重试中...
[12:56:57.066] ❌ 连接失败，重试中...
[12:57:00.277] ❌ 连接失败，重试中...
[12:57:03.487] ❌ 连接失败，重试中...
[12:57:06.707] ❌ 连接失败，重试中...
[12:57:09.908] ❌ 连接失败，重试中...
[12:57:13.137] ❌ 连接失败，重试中...
[12:57:16.366] ❌ 连接失败，重试中...
[12:57:19.534] ❌ 连接失败，重试中...
