[12:57:26.560] ❌ 连接失败，重试中...
[12:57:27.210] ✅ 连接成功，开始接收数据
[12:57:29.511] ⚠ 串口异常: ClearCommError failed (PermissionError(13, '设备不识别此命令。', None, 22))
[12:57:29.511] ⚠ 连接断开，等待重连...
[12:57:29.767] ❌ 连接失败，重试中...
[12:57:32.991] ❌ 连接失败，重试中...
[12:57:36.213] ❌ 连接失败，重试中...
[12:57:39.440] ❌ 连接失败，重试中...
[12:57:41.474] ✅ 连接成功，开始接收数据
[12:57:41.474] 📈 累计重连次数: 2
[12:57:43.952] [SENSOR_INIT]
[12:57:43.952] [MAX30102] I2C CALL OK, INIT OK
[12:57:43.952] [ICM20948] INIT OK (WHO_AM_I + 10x probe passed)
[12:57:43.953] [/SENSOR_INIT]
[12:57:44.000] [ICM_INT_FLAG_PIN_CHECK_BEGIN]
[12:57:44.048] ICM_CFG_CHECK,CFG=0xE0,EN1=0x01
[12:57:44.064] ICM_BEFORE_WAIT,PIN=0,IRQ=163
[12:57:44.205] ICM_FLAG_PIN_RESULT,PIN_BEFORE_ST1=0,ST1=0x01,PIN_AFTER_ST1=1,IRQ_BEFORE=163,IRQ_AFTER=163
[12:57:44.221] [ICM_INT_FLAG_PIN_CHECK_END]
[13:00:59.342] ⚠ 串口异常: ClearCommError failed (PermissionError(13, '设备不识别此命令。', None, 22))
[13:00:59.343] 📊 本次连接统计: 9行数据
[13:00:59.343] ⚠ 连接断开，等待重连...
[13:00:59.594] ❌ 连接失败，重试中...
[13:01:02.877] ❌ 连接失败，重试中...
[13:01:06.087] ❌ 连接失败，重试中...
[13:01:09.383] ❌ 连接失败，重试中...
[13:01:12.360] ✅ 连接成功，开始接收数据
[13:01:12.360] 📈 累计重连次数: 3
[13:01:15.024] [SENSOR_INIT]
[13:01:15.024] [MAX30102] I2C CALL OK, INIT OK
[13:01:15.024] [ICM20948] INIT OK (WHO_AM_I + 10x probe passed)
[13:01:15.024] [/SENSOR_INIT]
[13:01:15.086] [ICM_INT_FLAG_PIN_CHECK_BEGIN]
[13:01:15.150] ICM_CFG_CHECK,CFG=0xE0,EN1=0x01
[13:01:15.182] ICM_BEFORE_WAIT,PIN=0,IRQ=13
[13:01:15.322] ICM_FLAG_PIN_RESULT,PIN_BEFORE_ST1=0,ST1=0x01,PIN_AFTER_ST1=1,IRQ_BEFORE=13,IRQ_AFTER=13
[13:01:15.354] [ICM_INT_FLAG_PIN_CHECK_END]
[13:01:15.751] [ECG_CTRL] START file=0:/ecg_001.csv tick=4108
[13:02:24.668] ⚠ 串口异常: ClearCommError failed (PermissionError(13, '设备不识别此命令。', None, 22))
[13:02:24.668] 📊 本次连接统计: 10行数据
[13:02:24.669] ⚠ 连接断开，等待重连...
[13:02:24.918] ❌ 连接失败，重试中...
[13:02:28.136] ❌ 连接失败，重试中...
[13:02:31.354] ❌ 连接失败，重试中...
[13:02:34.560] ❌ 连接失败，重试中...
[13:02:37.766] ❌ 连接失败，重试中...
[13:02:40.973] ❌ 连接失败，重试中...
[13:02:44.183] ❌ 连接失败，重试中...
[13:02:47.388] ❌ 连接失败，重试中...
[13:02:50.602] ❌ 连接失败，重试中...
[13:02:53.801] ❌ 连接失败，重试中...
[13:02:57.027] ❌ 连接失败，重试中...
[13:03:00.243] ❌ 连接失败，重试中...
[13:03:03.456] ❌ 连接失败，重试中...
[13:03:06.663] ❌ 连接失败，重试中...
[13:03:09.890] ❌ 连接失败，重试中...
[13:03:13.025] ❌ 连接失败，重试中...
[13:03:16.203] ❌ 连接失败，重试中...
[13:03:19.479] ❌ 连接失败，重试中...
[13:03:22.748] ❌ 连接失败，重试中...
[13:03:25.981] ❌ 连接失败，重试中...
[13:03:29.192] ❌ 连接失败，重试中...
[13:03:32.398] ❌ 连接失败，重试中...
[13:03:35.592] ❌ 连接失败，重试中...
[13:03:38.806] ❌ 连接失败，重试中...
[13:03:42.024] ❌ 连接失败，重试中...
[13:03:45.228] ❌ 连接失败，重试中...
[13:03:48.447] ❌ 连接失败，重试中...
[13:03:51.664] ❌ 连接失败，重试中...
[13:03:54.868] ❌ 连接失败，重试中...
[13:03:58.080] ❌ 连接失败，重试中...
[13:04:01.294] ❌ 连接失败，重试中...
[13:04:04.502] ❌ 连接失败，重试中...
[13:04:07.705] ❌ 连接失败，重试中...
[13:04:10.957] ❌ 连接失败，重试中...
[13:04:14.119] ❌ 连接失败，重试中...
[13:04:17.323] ❌ 连接失败，重试中...
[13:04:20.535] ❌ 连接失败，重试中...
[13:04:23.746] ❌ 连接失败，重试中...
[13:04:26.959] ❌ 连接失败，重试中...
[13:04:30.170] ❌ 连接失败，重试中...
[13:04:33.387] ❌ 连接失败，重试中...
[13:04:36.608] ❌ 连接失败，重试中...
[13:04:39.831] ❌ 连接失败，重试中...
[13:04:43.080] ❌ 连接失败，重试中...
[13:04:46.297] ❌ 连接失败，重试中...
[13:04:49.544] ❌ 连接失败，重试中...
[13:04:52.767] ❌ 连接失败，重试中...
[13:04:55.986] ❌ 连接失败，重试中...
[13:04:59.217] ❌ 连接失败，重试中...
[13:05:02.410] ❌ 连接失败，重试中...
[13:05:05.635] ❌ 连接失败，重试中...
[13:05:08.859] ❌ 连接失败，重试中...
[13:05:12.064] ❌ 连接失败，重试中...
[13:05:15.273] ❌ 连接失败，重试中...
[13:05:18.469] ❌ 连接失败，重试中...
[13:05:21.676] ❌ 连接失败，重试中...
[13:05:24.929] ❌ 连接失败，重试中...
[13:05:28.117] ❌ 连接失败，重试中...
[13:05:31.326] ❌ 连接失败，重试中...
[13:05:34.554] ❌ 连接失败，重试中...
[13:05:37.763] ❌ 连接失败，重试中...
[13:05:40.979] ❌ 连接失败，重试中...
[13:05:44.190] ❌ 连接失败，重试中...
[13:05:47.395] ❌ 连接失败，重试中...
[13:05:50.599] ❌ 连接失败，重试中...
[13:05:53.816] ❌ 连接失败，重试中...
[13:05:57.030] ❌ 连接失败，重试中...
[13:06:00.247] ❌ 连接失败，重试中...
[13:06:03.463] ❌ 连接失败，重试中...
[13:06:06.685] ❌ 连接失败，重试中...
[13:06:09.897] ❌ 连接失败，重试中...
[13:06:13.113] ❌ 连接失败，重试中...
[13:06:16.294] ❌ 连接失败，重试中...
[13:06:19.512] ❌ 连接失败，重试中...
[13:06:22.724] ❌ 连接失败，重试中...
[13:06:25.935] ❌ 连接失败，重试中...
[13:06:29.146] ❌ 连接失败，重试中...
[13:06:32.352] ❌ 连接失败，重试中...
[13:06:35.561] ❌ 连接失败，重试中...
[13:06:38.787] ❌ 连接失败，重试中...
[13:06:42.003] ❌ 连接失败，重试中...
[13:06:45.226] ❌ 连接失败，重试中...
[13:06:48.439] ❌ 连接失败，重试中...
[13:06:51.653] ❌ 连接失败，重试中...
[13:06:54.869] ❌ 连接失败，重试中...
[13:06:58.106] ❌ 连接失败，重试中...
[13:07:01.311] ❌ 连接失败，重试中...
[13:07:04.522] ❌ 连接失败，重试中...
[13:07:07.645] ❌ 连接失败，重试中...
[13:07:10.862] ❌ 连接失败，重试中...
[13:07:14.073] ❌ 连接失败，重试中...
[13:07:17.275] ❌ 连接失败，重试中...
[13:07:20.477] ❌ 连接失败，重试中...
[13:07:23.683] ❌ 连接失败，重试中...
[13:07:26.895] ❌ 连接失败，重试中...
[13:07:30.103] ❌ 连接失败，重试中...
[13:07:33.318] ❌ 连接失败，重试中...
[13:07:36.543] ❌ 连接失败，重试中...
[13:07:39.702] ❌ 连接失败，重试中...
[13:07:42.943] ❌ 连接失败，重试中...
[13:07:46.167] ❌ 连接失败，重试中...
