[11:36:03.332] ❌ 连接失败，重试中...
[11:36:06.521] ❌ 连接失败，重试中...
[11:36:09.710] ❌ 连接失败，重试中...
[11:36:12.930] ❌ 连接失败，重试中...
[11:36:16.117] ❌ 连接失败，重试中...
[11:36:19.323] ❌ 连接失败，重试中...
[11:36:21.345] ✅ 连接成功，开始接收数据
[11:36:24.172] [SENSOR_INIT]
[11:36:24.172] [MAX30102] I2C CALL OK, INIT OK
[11:36:24.172] [ICM20948] INIT OK (WHO_AM_I + 10x probe passed)
[11:36:24.172] [/SENSOR_INIT]
[11:36:24.218] [ICM_INT_FLAG_PIN_CHECK_BEGIN]
[11:36:24.266] ICM_CFG_CHECK,CFG=0xE0,EN1=0x01
[11:36:24.281] ICM_BEFORE_WAIT,PIN=0,IRQ=163
[11:36:24.421] ICM_FLAG_PIN_RESULT,PIN_BEFORE_ST1=0,ST1=0x01,PIN_AFTER_ST1=1,IRQ_BEFORE=163,IRQ_AFTER=163
[11:36:24.436] [ICM_INT_FLAG_PIN_CHECK_END]
[11:36:24.436] [DBG0] before MAX30003_Init
[11:37:37.323] ⚠ 串口异常: ClearCommError failed (PermissionError(13, '设备不识别此命令。', None, 22))
[11:37:37.324] 📊 本次连接统计: 10行数据
[11:37:37.324] ⚠ 连接断开，等待重连...
[11:37:37.576] ❌ 连接失败，重试中...
[11:37:40.865] ❌ 连接失败，重试中...
[11:37:44.042] ❌ 连接失败，重试中...
[11:37:47.246] ❌ 连接失败，重试中...
[11:37:50.473] ❌ 连接失败，重试中...
[11:37:53.695] ❌ 连接失败，重试中...
[11:37:56.881] ❌ 连接失败，重试中...
[11:38:00.077] ❌ 连接失败，重试中...
[11:38:03.281] ❌ 连接失败，重试中...
[11:38:06.475] ❌ 连接失败，重试中...
[11:38:09.662] ❌ 连接失败，重试中...
[11:38:12.889] ❌ 连接失败，重试中...
[11:38:16.113] ❌ 连接失败，重试中...
[11:38:19.315] ❌ 连接失败，重试中...
[11:38:22.550] ❌ 连接失败，重试中...
[11:38:25.762] ❌ 连接失败，重试中...
[11:38:28.997] ❌ 连接失败，重试中...
[11:38:32.229] ❌ 连接失败，重试中...
[11:38:35.494] ❌ 连接失败，重试中...
[11:38:38.718] ❌ 连接失败，重试中...
[11:38:41.930] ❌ 连接失败，重试中...
[11:38:45.147] ❌ 连接失败，重试中...
[11:38:48.315] ❌ 连接失败，重试中...
[11:38:51.554] ❌ 连接失败，重试中...
[11:38:54.771] ❌ 连接失败，重试中...
[11:38:57.749] ✅ 连接成功，开始接收数据
[11:38:57.749] 📈 累计重连次数: 2
[11:39:00.625] [SENSOR_INIT]
[11:39:00.625] [MAX30102] I2C CALL OK, INIT OK
[11:39:00.625] [ICM20948] INIT OK (WHO_AM_I + 10x probe passed)
[11:39:00.625] [/SENSOR_INIT]
[11:39:00.668] [ICM_INT_FLAG_PIN_CHECK_BEGIN]
[11:39:00.715] ICM_CFG_CHECK,CFG=0xE0,EN1=0x01
[11:39:00.731] ICM_BEFORE_WAIT,PIN=0,IRQ=163
[11:39:00.867] ICM_FLAG_PIN_RESULT,PIN_BEFORE_ST1=0,ST1=0x01,PIN_AFTER_ST1=1,IRQ_BEFORE=163,IRQ_AFTER=163
[11:39:00.887] [ICM_INT_FLAG_PIN_CHECK_END]
[11:39:00.888] [DBG0] before MAX30003_Init
[11:39:00.888] [DBG1] SKIPPED MAX30003_Init
[11:39:00.888] [DBG2] request_start = 1, state=0
[11:39:00.980] [ECG_CTRL] START file=0:/ecg_001.csv tick=3754
[11:39:44.584] ⚠ 串口异常: ClearCommError failed (PermissionError(13, '设备不识别此命令。', None, 22))
[11:39:44.584] 📊 本次连接统计: 13行数据
[11:39:44.584] ⚠ 连接断开，等待重连...
[11:39:44.835] ❌ 连接失败，重试中...
[11:39:48.151] ❌ 连接失败，重试中...
[11:39:51.348] ❌ 连接失败，重试中...
[11:39:54.576] ❌ 连接失败，重试中...
[11:39:57.825] ❌ 连接失败，重试中...
[11:40:01.101] ❌ 连接失败，重试中...
[11:40:04.319] ❌ 连接失败，重试中...
[11:40:07.520] ❌ 连接失败，重试中...
[11:40:10.757] ❌ 连接失败，重试中...
[11:40:13.964] ❌ 连接失败，重试中...
[11:40:17.184] ❌ 连接失败，重试中...
[11:40:20.397] ❌ 连接失败，重试中...
[11:40:23.615] ❌ 连接失败，重试中...
[11:40:26.840] ❌ 连接失败，重试中...
[11:40:30.079] ❌ 连接失败，重试中...
[11:40:33.318] ❌ 连接失败，重试中...
[11:40:36.547] ❌ 连接失败，重试中...
[11:40:39.791] ❌ 连接失败，重试中...
[11:40:42.929] ❌ 连接失败，重试中...
[11:40:46.101] ❌ 连接失败，重试中...
[11:40:49.336] ❌ 连接失败，重试中...
[11:40:52.559] ❌ 连接失败，重试中...
[11:40:55.808] ❌ 连接失败，重试中...
[11:40:59.029] ❌ 连接失败，重试中...
[11:41:02.284] ❌ 连接失败，重试中...
[11:41:05.498] ❌ 连接失败，重试中...
[11:41:08.718] ❌ 连接失败，重试中...
[11:41:11.958] ❌ 连接失败，重试中...
[11:41:15.199] ❌ 连接失败，重试中...
[11:41:18.424] ❌ 连接失败，重试中...
[11:41:21.705] ❌ 连接失败，重试中...
[11:41:24.937] ❌ 连接失败，重试中...
[11:41:28.134] ❌ 连接失败，重试中...
[11:41:31.297] ❌ 连接失败，重试中...
[11:41:34.533] ❌ 连接失败，重试中...
[11:41:37.703] ❌ 连接失败，重试中...
[11:41:40.937] ❌ 连接失败，重试中...
[11:41:44.183] ❌ 连接失败，重试中...
[11:41:47.438] ❌ 连接失败，重试中...
[11:41:50.666] ❌ 连接失败，重试中...
[11:41:53.962] ❌ 连接失败，重试中...
[11:41:57.153] ❌ 连接失败，重试中...
[11:42:00.381] ❌ 连接失败，重试中...
[11:42:03.667] ❌ 连接失败，重试中...
[11:42:06.840] ❌ 连接失败，重试中...
[11:42:10.007] ❌ 连接失败，重试中...
[11:42:13.302] ❌ 连接失败，重试中...
[11:42:16.569] ❌ 连接失败，重试中...
[11:42:19.837] ❌ 连接失败，重试中...
[11:42:23.104] ❌ 连接失败，重试中...
[11:42:26.336] ❌ 连接失败，重试中...
[11:42:29.598] ❌ 连接失败，重试中...
[11:42:32.858] ❌ 连接失败，重试中...
[11:42:36.058] ❌ 连接失败，重试中...
[11:42:39.283] ❌ 连接失败，重试中...
[11:42:42.501] ❌ 连接失败，重试中...
[11:42:45.737] ❌ 连接失败，重试中...
[11:42:48.963] ❌ 连接失败，重试中...
[11:42:52.197] ❌ 连接失败，重试中...
[11:42:55.429] ❌ 连接失败，重试中...
[11:42:58.653] ❌ 连接失败，重试中...
[11:43:01.861] ❌ 连接失败，重试中...
[11:43:05.063] ❌ 连接失败，重试中...
[11:43:08.284] ❌ 连接失败，重试中...
[11:43:11.484] ❌ 连接失败，重试中...
[11:43:14.697] ❌ 连接失败，重试中...
[11:43:17.933] ❌ 连接失败，重试中...
[11:43:21.155] ❌ 连接失败，重试中...
[11:43:24.420] ❌ 连接失败，重试中...
[11:43:27.631] ❌ 连接失败，重试中...
[11:43:30.842] ❌ 连接失败，重试中...
[11:43:34.040] ❌ 连接失败，重试中...
[11:43:37.247] ❌ 连接失败，重试中...
[11:43:40.462] ❌ 连接失败，重试中...
[11:43:43.685] ❌ 连接失败，重试中...
[11:43:46.898] ❌ 连接失败，重试中...
[11:43:50.100] ❌ 连接失败，重试中...
[11:43:53.338] ❌ 连接失败，重试中...
[11:43:56.572] ❌ 连接失败，重试中...
[11:43:59.802] ❌ 连接失败，重试中...
[11:44:03.021] ❌ 连接失败，重试中...
[11:44:06.254] ❌ 连接失败，重试中...
[11:44:09.481] ❌ 连接失败，重试中...
[11:44:12.707] ❌ 连接失败，重试中...
[11:44:15.940] ❌ 连接失败，重试中...
[11:44:19.158] ❌ 连接失败，重试中...
[11:44:22.380] ❌ 连接失败，重试中...
[11:44:25.582] ❌ 连接失败，重试中...
[11:44:28.796] ❌ 连接失败，重试中...
[11:44:32.020] ❌ 连接失败，重试中...
[11:44:35.224] ❌ 连接失败，重试中...
[11:44:38.431] ❌ 连接失败，重试中...
[11:44:41.687] ❌ 连接失败，重试中...
[11:44:44.918] ❌ 连接失败，重试中...
[11:44:48.129] ❌ 连接失败，重试中...
[11:44:51.363] ❌ 连接失败，重试中...
[11:44:54.541] ❌ 连接失败，重试中...
[11:44:57.791] ❌ 连接失败，重试中...
[11:45:01.013] ❌ 连接失败，重试中...
[11:45:04.227] ❌ 连接失败，重试中...
[11:45:07.438] ❌ 连接失败，重试中...
[11:45:10.650] ❌ 连接失败，重试中...
[11:45:13.883] ❌ 连接失败，重试中...
[11:45:17.090] ❌ 连接失败，重试中...
[11:45:20.297] ❌ 连接失败，重试中...
[11:45:23.503] ❌ 连接失败，重试中...
[11:45:26.718] ❌ 连接失败，重试中...
[11:45:29.946] ❌ 连接失败，重试中...
[11:45:33.213] ❌ 连接失败，重试中...
[11:45:36.421] ❌ 连接失败，重试中...
[11:45:39.649] ❌ 连接失败，重试中...
[11:45:42.891] ❌ 连接失败，重试中...
[11:45:46.131] ❌ 连接失败，重试中...
[11:45:49.356] ❌ 连接失败，重试中...
[11:45:52.570] ❌ 连接失败，重试中...
[11:45:55.791] ❌ 连接失败，重试中...
[11:45:59.003] ❌ 连接失败，重试中...
[11:46:02.233] ❌ 连接失败，重试中...
[11:46:05.463] ❌ 连接失败，重试中...
[11:46:08.720] ❌ 连接失败，重试中...
[11:46:11.916] ❌ 连接失败，重试中...
[11:46:15.166] ❌ 连接失败，重试中...
[11:46:18.364] ❌ 连接失败，重试中...
[11:46:21.615] ❌ 连接失败，重试中...
[11:46:24.833] ❌ 连接失败，重试中...
[11:46:28.039] ❌ 连接失败，重试中...
[11:46:31.277] ❌ 连接失败，重试中...
[11:46:34.482] ❌ 连接失败，重试中...
[11:46:37.730] ❌ 连接失败，重试中...
[11:46:40.921] ❌ 连接失败，重试中...
[11:46:44.147] ❌ 连接失败，重试中...
[11:46:47.397] ❌ 连接失败，重试中...
[11:46:50.632] ❌ 连接失败，重试中...
[11:46:53.853] ❌ 连接失败，重试中...
[11:46:57.090] ❌ 连接失败，重试中...
[11:47:00.325] ❌ 连接失败，重试中...
[11:47:03.548] ❌ 连接失败，重试中...
[11:47:06.774] ❌ 连接失败，重试中...
[11:47:09.993] ❌ 连接失败，重试中...
[11:47:13.222] ❌ 连接失败，重试中...
[11:47:16.466] ❌ 连接失败，重试中...
[11:47:19.653] ❌ 连接失败，重试中...
[11:47:22.817] ❌ 连接失败，重试中...
[11:47:26.056] ❌ 连接失败，重试中...
[11:47:29.232] ❌ 连接失败，重试中...
[11:47:32.442] ❌ 连接失败，重试中...
[11:47:35.682] ❌ 连接失败，重试中...
[11:47:38.965] ❌ 连接失败，重试中...
[11:47:42.169] ❌ 连接失败，重试中...
[11:47:45.405] ❌ 连接失败，重试中...
[11:47:48.646] ❌ 连接失败，重试中...
[11:47:51.854] ❌ 连接失败，重试中...
[11:47:55.060] ❌ 连接失败，重试中...
[11:47:58.314] ❌ 连接失败，重试中...
[11:48:01.575] ❌ 连接失败，重试中...
[11:48:04.837] ❌ 连接失败，重试中...
[11:48:08.043] ❌ 连接失败，重试中...
[11:48:11.254] ❌ 连接失败，重试中...
[11:48:14.505] ❌ 连接失败，重试中...
[11:48:17.716] ❌ 连接失败，重试中...
[11:48:20.942] ❌ 连接失败，重试中...
[11:48:24.152] ❌ 连接失败，重试中...
[11:48:27.360] ❌ 连接失败，重试中...
[11:48:30.598] ❌ 连接失败，重试中...
[11:48:33.818] ❌ 连接失败，重试中...
[11:48:37.039] ❌ 连接失败，重试中...
[11:48:40.281] ❌ 连接失败，重试中...
[11:48:43.484] ❌ 连接失败，重试中...
[11:48:46.685] ❌ 连接失败，重试中...
[11:48:49.898] ❌ 连接失败，重试中...
[11:48:53.079] ❌ 连接失败，重试中...
[11:48:56.332] ❌ 连接失败，重试中...
[11:48:59.584] ❌ 连接失败，重试中...
[11:49:02.807] ❌ 连接失败，重试中...
[11:49:06.071] ❌ 连接失败，重试中...
[11:49:09.290] ❌ 连接失败，重试中...
[11:49:12.513] ❌ 连接失败，重试中...
[11:49:15.737] ❌ 连接失败，重试中...
[11:49:18.938] ❌ 连接失败，重试中...
[11:49:22.167] ❌ 连接失败，重试中...
[11:49:25.406] ❌ 连接失败，重试中...
[11:49:28.626] ❌ 连接失败，重试中...
[11:49:31.857] ❌ 连接失败，重试中...
[11:49:35.076] ❌ 连接失败，重试中...
[11:49:38.314] ❌ 连接失败，重试中...
[11:49:41.541] ❌ 连接失败，重试中...
[11:49:44.775] ❌ 连接失败，重试中...
[11:49:47.998] ❌ 连接失败，重试中...
[11:49:51.204] ❌ 连接失败，重试中...
[11:49:54.421] ❌ 连接失败，重试中...
[11:49:57.633] ❌ 连接失败，重试中...
[11:50:00.853] ❌ 连接失败，重试中...
[11:50:04.066] ❌ 连接失败，重试中...
[11:50:07.300] ❌ 连接失败，重试中...
[11:50:10.503] ❌ 连接失败，重试中...
[11:50:13.731] ❌ 连接失败，重试中...
[11:50:16.920] ❌ 连接失败，重试中...
[11:50:20.171] ❌ 连接失败，重试中...
[11:50:23.418] ❌ 连接失败，重试中...
[11:50:26.617] ❌ 连接失败，重试中...
[11:50:29.850] ❌ 连接失败，重试中...
[11:50:33.074] ❌ 连接失败，重试中...
[11:50:36.279] ❌ 连接失败，重试中...
[11:50:39.524] ❌ 连接失败，重试中...
[11:50:42.750] ❌ 连接失败，重试中...
[11:50:45.977] ❌ 连接失败，重试中...
[11:50:49.160] ❌ 连接失败，重试中...
[11:50:52.382] ❌ 连接失败，重试中...
[11:50:55.607] ❌ 连接失败，重试中...
[11:50:58.854] ❌ 连接失败，重试中...
[11:51:02.098] ❌ 连接失败，重试中...
[11:51:05.339] ❌ 连接失败，重试中...
[11:51:08.567] ❌ 连接失败，重试中...
[11:51:11.834] ❌ 连接失败，重试中...
[11:51:15.047] ❌ 连接失败，重试中...
[11:51:18.318] ❌ 连接失败，重试中...
[11:51:21.564] ❌ 连接失败，重试中...
[11:51:24.773] ❌ 连接失败，重试中...
[11:51:27.997] ❌ 连接失败，重试中...
[11:51:31.239] ❌ 连接失败，重试中...
[11:51:34.467] ❌ 连接失败，重试中...
[11:51:37.716] ❌ 连接失败，重试中...
[11:51:40.925] ❌ 连接失败，重试中...
[11:51:44.156] ❌ 连接失败，重试中...
[11:51:47.414] ❌ 连接失败，重试中...
[11:51:50.639] ❌ 连接失败，重试中...
[11:51:53.836] ❌ 连接失败，重试中...
[11:51:57.066] ❌ 连接失败，重试中...
[11:52:00.275] ❌ 连接失败，重试中...
[11:52:03.523] ❌ 连接失败，重试中...
[11:52:06.752] ❌ 连接失败，重试中...
[11:52:09.958] ❌ 连接失败，重试中...
[11:52:13.181] ❌ 连接失败，重试中...
[11:52:16.416] ❌ 连接失败，重试中...
[11:52:19.660] ❌ 连接失败，重试中...
[11:52:22.884] ❌ 连接失败，重试中...
[11:52:26.097] ❌ 连接失败，重试中...
[11:52:29.267] ❌ 连接失败，重试中...
[11:52:32.518] ❌ 连接失败，重试中...
[11:52:35.749] ❌ 连接失败，重试中...
[11:52:38.998] ❌ 连接失败，重试中...
[11:52:42.224] ❌ 连接失败，重试中...
[11:52:45.448] ❌ 连接失败，重试中...
[11:52:48.694] ❌ 连接失败，重试中...
[11:52:51.940] ❌ 连接失败，重试中...
[11:52:55.157] ❌ 连接失败，重试中...
[11:52:58.341] ❌ 连接失败，重试中...
[11:53:01.553] ❌ 连接失败，重试中...
[11:53:04.791] ❌ 连接失败，重试中...
[11:53:08.028] ❌ 连接失败，重试中...
[11:53:11.242] ❌ 连接失败，重试中...
[11:53:14.438] ❌ 连接失败，重试中...
[11:53:17.678] ❌ 连接失败，重试中...
[11:53:20.897] ❌ 连接失败，重试中...
[11:53:24.116] ❌ 连接失败，重试中...
[11:53:27.340] ❌ 连接失败，重试中...
[11:53:30.584] ❌ 连接失败，重试中...
[11:53:33.806] ❌ 连接失败，重试中...
[11:53:37.022] ❌ 连接失败，重试中...
[11:53:40.249] ❌ 连接失败，重试中...
[11:53:43.511] ❌ 连接失败，重试中...
[11:53:46.750] ❌ 连接失败，重试中...
[11:53:49.972] ❌ 连接失败，重试中...
[11:53:53.204] ❌ 连接失败，重试中...
[11:53:56.448] ❌ 连接失败，重试中...
[11:53:59.703] ❌ 连接失败，重试中...
[11:54:02.918] ❌ 连接失败，重试中...
[11:54:06.166] ❌ 连接失败，重试中...
[11:54:09.387] ❌ 连接失败，重试中...
[11:54:12.605] ❌ 连接失败，重试中...
[11:54:15.807] ❌ 连接失败，重试中...
[11:54:19.017] ❌ 连接失败，重试中...
[11:54:22.261] ❌ 连接失败，重试中...
[11:54:25.481] ❌ 连接失败，重试中...
[11:54:28.716] ❌ 连接失败，重试中...
[11:54:31.905] ❌ 连接失败，重试中...
[11:54:35.122] ❌ 连接失败，重试中...
[11:54:38.366] ❌ 连接失败，重试中...
[11:54:41.565] ❌ 连接失败，重试中...
[11:54:44.770] ❌ 连接失败，重试中...
[11:54:47.989] ❌ 连接失败，重试中...
[11:54:51.248] ❌ 连接失败，重试中...
[11:54:54.501] ❌ 连接失败，重试中...
[11:54:57.728] ❌ 连接失败，重试中...
[11:55:00.938] ❌ 连接失败，重试中...
[11:55:04.166] ❌ 连接失败，重试中...
[11:55:07.398] ❌ 连接失败，重试中...
[11:55:10.641] ❌ 连接失败，重试中...
[11:55:13.866] ❌ 连接失败，重试中...
[11:55:17.066] ❌ 连接失败，重试中...
[11:55:20.267] ❌ 连接失败，重试中...
[11:55:23.491] ❌ 连接失败，重试中...
[11:55:26.738] ❌ 连接失败，重试中...
[11:55:29.982] ❌ 连接失败，重试中...
[11:55:33.214] ❌ 连接失败，重试中...
[11:55:36.435] ❌ 连接失败，重试中...
[11:55:39.700] ❌ 连接失败，重试中...
[11:55:42.945] ❌ 连接失败，重试中...
[11:55:46.182] ❌ 连接失败，重试中...
[11:55:49.390] ❌ 连接失败，重试中...
[11:55:52.581] ❌ 连接失败，重试中...
[11:55:55.854] ❌ 连接失败，重试中...
[11:55:59.107] ❌ 连接失败，重试中...
[11:56:02.360] ❌ 连接失败，重试中...
[11:56:05.581] ❌ 连接失败，重试中...
[11:56:08.793] ❌ 连接失败，重试中...
[11:56:12.039] ❌ 连接失败，重试中...
[11:56:15.281] ❌ 连接失败，重试中...
[11:56:18.519] ❌ 连接失败，重试中...
[11:56:21.752] ❌ 连接失败，重试中...
[11:56:25.000] ❌ 连接失败，重试中...
[11:56:28.254] ❌ 连接失败，重试中...
[11:56:31.482] ❌ 连接失败，重试中...
[11:56:34.687] ❌ 连接失败，重试中...
[11:56:37.900] ❌ 连接失败，重试中...
[11:56:41.137] ❌ 连接失败，重试中...
[11:56:44.343] ❌ 连接失败，重试中...
[11:56:47.588] ❌ 连接失败，重试中...
[11:56:50.831] ❌ 连接失败，重试中...
[11:56:54.062] ❌ 连接失败，重试中...
[11:56:57.302] ❌ 连接失败，重试中...
[11:57:00.559] ❌ 连接失败，重试中...
[11:57:03.794] ❌ 连接失败，重试中...
[11:57:07.006] ❌ 连接失败，重试中...
[11:57:10.234] ❌ 连接失败，重试中...
[11:57:13.489] ❌ 连接失败，重试中...
[11:57:16.727] ❌ 连接失败，重试中...
[11:57:19.978] ❌ 连接失败，重试中...
[11:57:23.197] ❌ 连接失败，重试中...
[11:57:26.420] ❌ 连接失败，重试中...
[11:57:29.659] ❌ 连接失败，重试中...
[11:57:32.860] ❌ 连接失败，重试中...
[11:57:36.093] ❌ 连接失败，重试中...
[11:57:39.322] ❌ 连接失败，重试中...
[11:57:42.548] ❌ 连接失败，重试中...
[11:57:45.785] ❌ 连接失败，重试中...
[11:57:49.007] ❌ 连接失败，重试中...
[11:57:52.140] ❌ 连接失败，重试中...
[11:57:55.383] ❌ 连接失败，重试中...
[11:57:58.606] ❌ 连接失败，重试中...
[11:58:01.835] ❌ 连接失败，重试中...
[11:58:05.066] ❌ 连接失败，重试中...
[11:58:08.291] ❌ 连接失败，重试中...
[11:58:11.539] ❌ 连接失败，重试中...
[11:58:14.705] ❌ 连接失败，重试中...
[11:58:17.928] ❌ 连接失败，重试中...
[11:58:21.134] ❌ 连接失败，重试中...
[11:58:24.374] ❌ 连接失败，重试中...
[11:58:27.632] ❌ 连接失败，重试中...
[11:58:30.884] ❌ 连接失败，重试中...
[11:58:34.090] ❌ 连接失败，重试中...
[11:58:37.290] ❌ 连接失败，重试中...
[11:58:40.520] ❌ 连接失败，重试中...
[11:58:43.781] ❌ 连接失败，重试中...
[11:58:47.000] ❌ 连接失败，重试中...
[11:58:50.241] ❌ 连接失败，重试中...
[11:58:53.469] ❌ 连接失败，重试中...
[11:58:56.712] ❌ 连接失败，重试中...
[11:58:59.967] ❌ 连接失败，重试中...
[11:59:03.216] ❌ 连接失败，重试中...
[11:59:06.444] ❌ 连接失败，重试中...
[11:59:09.675] ❌ 连接失败，重试中...
[11:59:12.869] ❌ 连接失败，重试中...
[11:59:16.110] ❌ 连接失败，重试中...
[11:59:19.312] ❌ 连接失败，重试中...
[11:59:22.510] ❌ 连接失败，重试中...
[11:59:25.709] ❌ 连接失败，重试中...
[11:59:28.943] ❌ 连接失败，重试中...
[11:59:32.126] ❌ 连接失败，重试中...
[11:59:35.350] ❌ 连接失败，重试中...
[11:59:38.571] ❌ 连接失败，重试中...
[11:59:41.788] ❌ 连接失败，重试中...
[11:59:45.055] ❌ 连接失败，重试中...
[11:59:48.287] ❌ 连接失败，重试中...
[11:59:51.548] ❌ 连接失败，重试中...
[11:59:54.766] ❌ 连接失败，重试中...
[11:59:57.982] ❌ 连接失败，重试中...
[12:00:01.218] ❌ 连接失败，重试中...
[12:00:04.423] ❌ 连接失败，重试中...
[12:00:07.672] ❌ 连接失败，重试中...
[12:00:10.883] ❌ 连接失败，重试中...
[12:00:14.089] ❌ 连接失败，重试中...
[12:00:17.305] ❌ 连接失败，重试中...
[12:00:20.516] ❌ 连接失败，重试中...
[12:00:23.761] ❌ 连接失败，重试中...
[12:00:26.972] ❌ 连接失败，重试中...
[12:00:30.182] ❌ 连接失败，重试中...
[12:00:33.417] ❌ 连接失败，重试中...
[12:00:36.642] ❌ 连接失败，重试中...
[12:00:39.886] ❌ 连接失败，重试中...
[12:00:43.129] ❌ 连接失败，重试中...
[12:00:46.357] ❌ 连接失败，重试中...
[12:00:49.598] ❌ 连接失败，重试中...
[12:00:52.789] ❌ 连接失败，重试中...
[12:00:56.031] ❌ 连接失败，重试中...
[12:00:59.234] ❌ 连接失败，重试中...
[12:01:02.479] ❌ 连接失败，重试中...
[12:01:05.708] ❌ 连接失败，重试中...
[12:01:08.951] ❌ 连接失败，重试中...
[12:01:12.148] ❌ 连接失败，重试中...
[12:01:15.383] ❌ 连接失败，重试中...
[12:01:18.629] ❌ 连接失败，重试中...
[12:01:21.844] ❌ 连接失败，重试中...
[12:01:25.132] ❌ 连接失败，重试中...
[12:01:28.358] ❌ 连接失败，重试中...
[12:01:31.610] ❌ 连接失败，重试中...
[12:01:34.841] ❌ 连接失败，重试中...
[12:01:38.065] ❌ 连接失败，重试中...
[12:01:41.284] ❌ 连接失败，重试中...
[12:01:44.543] ❌ 连接失败，重试中...
[12:01:47.720] ❌ 连接失败，重试中...
[12:01:50.961] ❌ 连接失败，重试中...
[12:01:54.204] ❌ 连接失败，重试中...
[12:01:57.435] ❌ 连接失败，重试中...
[12:02:00.660] ❌ 连接失败，重试中...
[12:02:03.902] ❌ 连接失败，重试中...
[12:02:07.124] ❌ 连接失败，重试中...
[12:02:10.378] ❌ 连接失败，重试中...
[12:02:13.594] ❌ 连接失败，重试中...
[12:02:16.825] ❌ 连接失败，重试中...
[12:02:20.040] ❌ 连接失败，重试中...
[12:02:23.265] ❌ 连接失败，重试中...
[12:02:26.525] ❌ 连接失败，重试中...
[12:02:29.723] ❌ 连接失败，重试中...
[12:02:32.978] ❌ 连接失败，重试中...
[12:02:36.198] ❌ 连接失败，重试中...
[12:02:39.433] ❌ 连接失败，重试中...
[12:02:42.705] ❌ 连接失败，重试中...
[12:02:45.941] ❌ 连接失败，重试中...
[12:02:49.189] ❌ 连接失败，重试中...
[12:02:52.429] ❌ 连接失败，重试中...
[12:02:55.640] ❌ 连接失败，重试中...
[12:02:58.860] ❌ 连接失败，重试中...
[12:03:02.084] ❌ 连接失败，重试中...
[12:03:05.299] ❌ 连接失败，重试中...
[12:03:08.532] ❌ 连接失败，重试中...
[12:03:11.783] ❌ 连接失败，重试中...
[12:03:14.974] ❌ 连接失败，重试中...
[12:03:18.201] ❌ 连接失败，重试中...
[12:03:21.454] ❌ 连接失败，重试中...
[12:03:24.654] ❌ 连接失败，重试中...
[12:03:27.929] ❌ 连接失败，重试中...
[12:03:31.174] ❌ 连接失败，重试中...
[12:03:34.367] ❌ 连接失败，重试中...
[12:03:37.609] ❌ 连接失败，重试中...
[12:03:40.825] ❌ 连接失败，重试中...
[12:03:44.044] ❌ 连接失败，重试中...
[12:03:47.272] ❌ 连接失败，重试中...
[12:03:50.485] ❌ 连接失败，重试中...
[12:03:53.691] ❌ 连接失败，重试中...
[12:03:56.936] ❌ 连接失败，重试中...
[12:04:00.201] ❌ 连接失败，重试中...
[12:04:03.432] ❌ 连接失败，重试中...
[12:04:06.673] ❌ 连接失败，重试中...
[12:04:09.941] ❌ 连接失败，重试中...
[12:04:13.236] ❌ 连接失败，重试中...
[12:04:16.440] ❌ 连接失败，重试中...
[12:04:19.657] ❌ 连接失败，重试中...
[12:04:22.861] ❌ 连接失败，重试中...
[12:04:26.070] ❌ 连接失败，重试中...
[12:04:29.312] ❌ 连接失败，重试中...
[12:04:32.550] ❌ 连接失败，重试中...
[12:04:35.735] ❌ 连接失败，重试中...
[12:04:38.973] ❌ 连接失败，重试中...
[12:04:42.163] ❌ 连接失败，重试中...
[12:04:45.401] ❌ 连接失败，重试中...
[12:04:48.632] ❌ 连接失败，重试中...
[12:04:51.857] ❌ 连接失败，重试中...
[12:04:55.092] ❌ 连接失败，重试中...
[12:04:58.296] ❌ 连接失败，重试中...
[12:05:01.505] ❌ 连接失败，重试中...
[12:05:04.746] ❌ 连接失败，重试中...
[12:05:07.985] ❌ 连接失败，重试中...
[12:05:11.194] ❌ 连接失败，重试中...
[12:05:14.451] ❌ 连接失败，重试中...
[12:05:17.660] ❌ 连接失败，重试中...
[12:05:20.877] ❌ 连接失败，重试中...
[12:05:24.089] ❌ 连接失败，重试中...
[12:05:27.303] ❌ 连接失败，重试中...
[12:05:30.520] ❌ 连接失败，重试中...
[12:05:33.724] ❌ 连接失败，重试中...
[12:05:36.930] ❌ 连接失败，重试中...
[12:05:40.163] ❌ 连接失败，重试中...
[12:05:43.412] ❌ 连接失败，重试中...
[12:05:46.652] ❌ 连接失败，重试中...
[12:05:49.842] ❌ 连接失败，重试中...
[12:05:53.058] ❌ 连接失败，重试中...
[12:05:56.279] ❌ 连接失败，重试中...
[12:05:59.541] ❌ 连接失败，重试中...
[12:06:02.727] ❌ 连接失败，重试中...
[12:06:05.949] ❌ 连接失败，重试中...
[12:06:09.194] ❌ 连接失败，重试中...
[12:06:12.394] ❌ 连接失败，重试中...
[12:06:15.641] ❌ 连接失败，重试中...
[12:06:18.829] ❌ 连接失败，重试中...
[12:06:22.047] ❌ 连接失败，重试中...
[12:06:25.268] ❌ 连接失败，重试中...
[12:06:28.486] ❌ 连接失败，重试中...
[12:06:31.604] ❌ 连接失败，重试中...
[12:06:34.852] ❌ 连接失败，重试中...
[12:06:38.071] ❌ 连接失败，重试中...
[12:06:41.302] ❌ 连接失败，重试中...
[12:06:44.546] ❌ 连接失败，重试中...
[12:06:47.751] ❌ 连接失败，重试中...
[12:06:50.976] ❌ 连接失败，重试中...
[12:06:54.217] ❌ 连接失败，重试中...
[12:06:57.407] ❌ 连接失败，重试中...
[12:07:00.620] ❌ 连接失败，重试中...
[12:07:03.804] ❌ 连接失败，重试中...
[12:07:07.004] ❌ 连接失败，重试中...
[12:07:10.243] ❌ 连接失败，重试中...
[12:07:13.403] ❌ 连接失败，重试中...
[12:07:16.580] ❌ 连接失败，重试中...
[12:07:19.784] ❌ 连接失败，重试中...
[12:07:23.044] ❌ 连接失败，重试中...
[12:07:26.316] ❌ 连接失败，重试中...
[12:07:29.503] ❌ 连接失败，重试中...
[12:07:32.721] ❌ 连接失败，重试中...
[12:07:35.944] ❌ 连接失败，重试中...
[12:07:39.156] ❌ 连接失败，重试中...
[12:07:42.370] ❌ 连接失败，重试中...
[12:07:45.577] ❌ 连接失败，重试中...
[12:07:48.787] ❌ 连接失败，重试中...
[12:07:52.025] ❌ 连接失败，重试中...
[12:07:55.238] ❌ 连接失败，重试中...
[12:07:58.473] ❌ 连接失败，重试中...
[12:08:01.702] ❌ 连接失败，重试中...
[12:08:04.923] ❌ 连接失败，重试中...
[12:08:08.136] ❌ 连接失败，重试中...
[12:08:11.342] ❌ 连接失败，重试中...
[12:08:14.588] ❌ 连接失败，重试中...
[12:08:17.789] ❌ 连接失败，重试中...
[12:08:21.024] ❌ 连接失败，重试中...
[12:08:24.243] ❌ 连接失败，重试中...
[12:08:27.457] ❌ 连接失败，重试中...
[12:08:30.700] ❌ 连接失败，重试中...
[12:08:33.951] ❌ 连接失败，重试中...
[12:08:37.177] ❌ 连接失败，重试中...
[12:08:40.413] ❌ 连接失败，重试中...
[12:08:43.629] ❌ 连接失败，重试中...
[12:08:46.858] ❌ 连接失败，重试中...
[12:08:50.092] ❌ 连接失败，重试中...
[12:08:53.335] ❌ 连接失败，重试中...
[12:08:56.573] ❌ 连接失败，重试中...
[12:08:59.804] ❌ 连接失败，重试中...
[12:09:02.910] ❌ 连接失败，重试中...
[12:09:06.092] ❌ 连接失败，重试中...
[12:09:09.378] ❌ 连接失败，重试中...
[12:09:12.601] ❌ 连接失败，重试中...
[12:09:15.820] ❌ 连接失败，重试中...
[12:09:19.018] ❌ 连接失败，重试中...
[12:09:22.250] ❌ 连接失败，重试中...
[12:09:25.458] ❌ 连接失败，重试中...
[12:09:28.709] ❌ 连接失败，重试中...
[12:09:31.935] ❌ 连接失败，重试中...
[12:09:35.170] ❌ 连接失败，重试中...
[12:09:38.382] ❌ 连接失败，重试中...
[12:09:41.628] ❌ 连接失败，重试中...
[12:09:44.838] ❌ 连接失败，重试中...
[12:09:48.075] ❌ 连接失败，重试中...
[12:09:51.310] ❌ 连接失败，重试中...
[12:09:54.551] ❌ 连接失败，重试中...
[12:09:57.774] ❌ 连接失败，重试中...
[12:10:00.996] ❌ 连接失败，重试中...
[12:10:04.200] ❌ 连接失败，重试中...
[12:10:07.461] ❌ 连接失败，重试中...
[12:10:10.687] ❌ 连接失败，重试中...
[12:10:13.904] ❌ 连接失败，重试中...
[12:10:17.104] ❌ 连接失败，重试中...
[12:10:20.319] ❌ 连接失败，重试中...
[12:10:23.526] ❌ 连接失败，重试中...
[12:10:26.760] ❌ 连接失败，重试中...
[12:10:29.988] ❌ 连接失败，重试中...
[12:10:33.217] ❌ 连接失败，重试中...
[12:10:36.418] ❌ 连接失败，重试中...
[12:10:39.666] ❌ 连接失败，重试中...
[12:10:42.898] ❌ 连接失败，重试中...
[12:10:46.108] ❌ 连接失败，重试中...
[12:10:49.339] ❌ 连接失败，重试中...
[12:10:52.573] ❌ 连接失败，重试中...
[12:10:55.793] ❌ 连接失败，重试中...
[12:10:58.993] ❌ 连接失败，重试中...
[12:11:02.214] ❌ 连接失败，重试中...
[12:11:05.446] ❌ 连接失败，重试中...
[12:11:08.690] ❌ 连接失败，重试中...
[12:11:11.934] ❌ 连接失败，重试中...
[12:11:15.193] ❌ 连接失败，重试中...
[12:11:18.436] ❌ 连接失败，重试中...
[12:11:21.681] ❌ 连接失败，重试中...
[12:11:24.880] ❌ 连接失败，重试中...
[12:11:28.092] ❌ 连接失败，重试中...
[12:11:31.324] ❌ 连接失败，重试中...
[12:11:34.555] ❌ 连接失败，重试中...
[12:11:37.761] ❌ 连接失败，重试中...
[12:11:40.985] ❌ 连接失败，重试中...
[12:11:44.213] ❌ 连接失败，重试中...
[12:11:47.437] ❌ 连接失败，重试中...
[12:11:50.662] ❌ 连接失败，重试中...
[12:11:53.867] ❌ 连接失败，重试中...
[12:11:57.135] ❌ 连接失败，重试中...
[12:12:00.355] ❌ 连接失败，重试中...
[12:12:03.564] ❌ 连接失败，重试中...
[12:12:06.753] ❌ 连接失败，重试中...
[12:12:09.980] ❌ 连接失败，重试中...
[12:12:13.187] ❌ 连接失败，重试中...
[12:12:16.404] ❌ 连接失败，重试中...
[12:12:19.620] ❌ 连接失败，重试中...
[12:12:22.858] ❌ 连接失败，重试中...
[12:12:26.055] ❌ 连接失败，重试中...
[12:12:29.353] ❌ 连接失败，重试中...
[12:12:32.604] ❌ 连接失败，重试中...
[12:12:35.851] ❌ 连接失败，重试中...
[12:12:39.091] ❌ 连接失败，重试中...
[12:12:42.308] ❌ 连接失败，重试中...
[12:12:45.572] ❌ 连接失败，重试中...
[12:12:48.811] ❌ 连接失败，重试中...
[12:12:52.025] ❌ 连接失败，重试中...
[12:12:55.231] ❌ 连接失败，重试中...
[12:12:58.477] ❌ 连接失败，重试中...
[12:13:01.726] ❌ 连接失败，重试中...
[12:13:04.889] ❌ 连接失败，重试中...
[12:13:08.095] ❌ 连接失败，重试中...
[12:13:11.306] ❌ 连接失败，重试中...
[12:13:14.535] ❌ 连接失败，重试中...
[12:13:17.759] ❌ 连接失败，重试中...
[12:13:20.977] ❌ 连接失败，重试中...
[12:13:24.174] ❌ 连接失败，重试中...
[12:13:27.367] ❌ 连接失败，重试中...
[12:13:30.609] ❌ 连接失败，重试中...
[12:13:33.851] ❌ 连接失败，重试中...
[12:13:37.117] ❌ 连接失败，重试中...
[12:13:40.335] ❌ 连接失败，重试中...
[12:13:43.544] ❌ 连接失败，重试中...
[12:13:46.744] ❌ 连接失败，重试中...
[12:13:49.977] ❌ 连接失败，重试中...
[12:13:53.192] ❌ 连接失败，重试中...
[12:13:56.408] ❌ 连接失败，重试中...
[12:13:59.643] ❌ 连接失败，重试中...
[12:14:02.902] ❌ 连接失败，重试中...
[12:14:06.125] ❌ 连接失败，重试中...
[12:14:09.368] ❌ 连接失败，重试中...
[12:14:12.591] ❌ 连接失败，重试中...
[12:14:15.802] ❌ 连接失败，重试中...
[12:14:19.041] ❌ 连接失败，重试中...
[12:14:22.280] ❌ 连接失败，重试中...
[12:14:25.522] ❌ 连接失败，重试中...
[12:14:28.760] ❌ 连接失败，重试中...
[12:14:31.986] ❌ 连接失败，重试中...
[12:14:35.210] ❌ 连接失败，重试中...
[12:14:38.429] ❌ 连接失败，重试中...
[12:14:41.597] ❌ 连接失败，重试中...
[12:14:44.817] ❌ 连接失败，重试中...
[12:14:48.068] ❌ 连接失败，重试中...
[12:14:51.281] ❌ 连接失败，重试中...
[12:14:54.526] ❌ 连接失败，重试中...
[12:14:57.772] ❌ 连接失败，重试中...
[12:15:00.992] ❌ 连接失败，重试中...
[12:15:04.208] ❌ 连接失败，重试中...
[12:15:07.447] ❌ 连接失败，重试中...
[12:15:10.677] ❌ 连接失败，重试中...
[12:15:13.881] ❌ 连接失败，重试中...
[12:15:17.056] ❌ 连接失败，重试中...
[12:15:20.277] ❌ 连接失败，重试中...
[12:15:23.509] ❌ 连接失败，重试中...
[12:15:26.735] ❌ 连接失败，重试中...
[12:15:29.963] ❌ 连接失败，重试中...
[12:15:33.173] ❌ 连接失败，重试中...
[12:15:36.408] ❌ 连接失败，重试中...
[12:15:39.615] ❌ 连接失败，重试中...
[12:15:42.828] ❌ 连接失败，重试中...
[12:15:46.080] ❌ 连接失败，重试中...
[12:15:49.314] ❌ 连接失败，重试中...
[12:15:52.520] ❌ 连接失败，重试中...
[12:15:55.734] ❌ 连接失败，重试中...
[12:15:58.909] ❌ 连接失败，重试中...
[12:16:02.111] ❌ 连接失败，重试中...
[12:16:05.351] ❌ 连接失败，重试中...
[12:16:08.580] ❌ 连接失败，重试中...
[12:16:11.815] ❌ 连接失败，重试中...
[12:16:15.052] ❌ 连接失败，重试中...
[12:16:18.319] ❌ 连接失败，重试中...
[12:16:21.554] ❌ 连接失败，重试中...
[12:16:24.773] ❌ 连接失败，重试中...
[12:16:27.989] ❌ 连接失败，重试中...
[12:16:31.193] ❌ 连接失败，重试中...
[12:16:34.421] ❌ 连接失败，重试中...
[12:16:37.678] ❌ 连接失败，重试中...
[12:16:40.907] ❌ 连接失败，重试中...
[12:16:44.146] ❌ 连接失败，重试中...
[12:16:47.377] ❌ 连接失败，重试中...
[12:16:50.604] ❌ 连接失败，重试中...
[12:16:53.809] ❌ 连接失败，重试中...
[12:16:57.020] ❌ 连接失败，重试中...
[12:17:00.260] ❌ 连接失败，重试中...
[12:17:03.505] ❌ 连接失败，重试中...
[12:17:06.748] ❌ 连接失败，重试中...
[12:17:09.979] ❌ 连接失败，重试中...
[12:17:13.220] ❌ 连接失败，重试中...
[12:17:16.441] ❌ 连接失败，重试中...
[12:17:19.658] ❌ 连接失败，重试中...
[12:17:22.918] ❌ 连接失败，重试中...
[12:17:26.128] ❌ 连接失败，重试中...
[12:17:29.342] ❌ 连接失败，重试中...
[12:17:32.610] ❌ 连接失败，重试中...
[12:17:35.845] ❌ 连接失败，重试中...
[12:17:39.066] ❌ 连接失败，重试中...
[12:17:42.306] ❌ 连接失败，重试中...
[12:17:45.557] ❌ 连接失败，重试中...
[12:17:48.776] ❌ 连接失败，重试中...
[12:17:52.016] ❌ 连接失败，重试中...
[12:17:55.244] ❌ 连接失败，重试中...
[12:17:58.472] ❌ 连接失败，重试中...
[12:18:01.714] ❌ 连接失败，重试中...
[12:18:04.904] ❌ 连接失败，重试中...
[12:18:08.116] ❌ 连接失败，重试中...
[12:18:11.338] ❌ 连接失败，重试中...
[12:18:14.557] ❌ 连接失败，重试中...
[12:18:17.777] ❌ 连接失败，重试中...
[12:18:20.993] ❌ 连接失败，重试中...
[12:18:24.215] ❌ 连接失败，重试中...
[12:18:27.421] ❌ 连接失败，重试中...
[12:18:30.645] ❌ 连接失败，重试中...
[12:18:33.871] ❌ 连接失败，重试中...
[12:18:37.101] ❌ 连接失败，重试中...
[12:18:40.353] ❌ 连接失败，重试中...
[12:18:43.565] ❌ 连接失败，重试中...
[12:18:46.811] ❌ 连接失败，重试中...
[12:18:50.027] ❌ 连接失败，重试中...
[12:18:53.272] ❌ 连接失败，重试中...
[12:18:56.524] ❌ 连接失败，重试中...
[12:18:59.747] ❌ 连接失败，重试中...
[12:19:02.977] ❌ 连接失败，重试中...
[12:19:06.205] ❌ 连接失败，重试中...
[12:19:09.429] ❌ 连接失败，重试中...
[12:19:12.608] ❌ 连接失败，重试中...
[12:19:15.858] ❌ 连接失败，重试中...
[12:19:19.079] ❌ 连接失败，重试中...
[12:19:22.334] ❌ 连接失败，重试中...
[12:19:25.507] ❌ 连接失败，重试中...
[12:19:28.753] ❌ 连接失败，重试中...
[12:19:31.965] ❌ 连接失败，重试中...
[12:19:35.121] ❌ 连接失败，重试中...
[12:19:38.363] ❌ 连接失败，重试中...
[12:19:41.586] ❌ 连接失败，重试中...
[12:19:44.805] ❌ 连接失败，重试中...
[12:19:48.048] ❌ 连接失败，重试中...
[12:19:51.224] ❌ 连接失败，重试中...
[12:19:54.449] ❌ 连接失败，重试中...
[12:19:57.680] ❌ 连接失败，重试中...
[12:20:00.908] ❌ 连接失败，重试中...
[12:20:04.186] ❌ 连接失败，重试中...
[12:20:07.419] ❌ 连接失败，重试中...
[12:20:10.645] ❌ 连接失败，重试中...
[12:20:13.870] ❌ 连接失败，重试中...
[12:20:17.093] ❌ 连接失败，重试中...
[12:20:20.329] ❌ 连接失败，重试中...
[12:20:23.605] ❌ 连接失败，重试中...
[12:20:26.868] ❌ 连接失败，重试中...
[12:20:30.108] ❌ 连接失败，重试中...
[12:20:33.344] ❌ 连接失败，重试中...
[12:20:36.556] ❌ 连接失败，重试中...
[12:20:39.837] ❌ 连接失败，重试中...
[12:20:43.055] ❌ 连接失败，重试中...
[12:20:46.249] ❌ 连接失败，重试中...
[12:20:49.442] ❌ 连接失败，重试中...
[12:20:52.651] ❌ 连接失败，重试中...
[12:20:55.881] ❌ 连接失败，重试中...
[12:20:59.106] ❌ 连接失败，重试中...
[12:21:02.361] ❌ 连接失败，重试中...
[12:21:05.589] ❌ 连接失败，重试中...
[12:21:08.812] ❌ 连接失败，重试中...
[12:21:12.030] ❌ 连接失败，重试中...
[12:21:15.247] ❌ 连接失败，重试中...
[12:21:18.478] ❌ 连接失败，重试中...
[12:21:21.711] ❌ 连接失败，重试中...
[12:21:24.945] ❌ 连接失败，重试中...
[12:21:28.201] ❌ 连接失败，重试中...
[12:21:31.418] ❌ 连接失败，重试中...
[12:21:34.654] ❌ 连接失败，重试中...
[12:21:38.014] ❌ 连接失败，重试中...
[12:21:41.207] ❌ 连接失败，重试中...
[12:21:44.454] ❌ 连接失败，重试中...
[12:21:47.688] ❌ 连接失败，重试中...
[12:21:50.907] ❌ 连接失败，重试中...
[12:21:54.166] ❌ 连接失败，重试中...
[12:21:57.379] ❌ 连接失败，重试中...
[12:22:00.563] ❌ 连接失败，重试中...
[12:22:03.742] ❌ 连接失败，重试中...
[12:22:06.971] ❌ 连接失败，重试中...
[12:22:10.220] ❌ 连接失败，重试中...
[12:22:13.319] ❌ 连接失败，重试中...
[12:22:16.535] ❌ 连接失败，重试中...
[12:22:19.757] ❌ 连接失败，重试中...
[12:22:22.953] ❌ 连接失败，重试中...
[12:22:26.193] ❌ 连接失败，重试中...
[12:22:29.376] ❌ 连接失败，重试中...
[12:22:32.620] ❌ 连接失败，重试中...
[12:22:35.888] ❌ 连接失败，重试中...
[12:22:39.183] ❌ 连接失败，重试中...
[12:22:42.371] ❌ 连接失败，重试中...
[12:22:45.628] ❌ 连接失败，重试中...
[12:22:48.952] ❌ 连接失败，重试中...
[12:22:52.131] ❌ 连接失败，重试中...
[12:22:55.336] ❌ 连接失败，重试中...
[12:22:58.615] ❌ 连接失败，重试中...
[12:23:01.865] ❌ 连接失败，重试中...
[12:23:05.111] ❌ 连接失败，重试中...
[12:23:08.275] ❌ 连接失败，重试中...
[12:23:11.520] ❌ 连接失败，重试中...
[12:23:14.760] ❌ 连接失败，重试中...
[12:23:17.961] ❌ 连接失败，重试中...
[12:23:21.160] ❌ 连接失败，重试中...
[12:23:24.419] ❌ 连接失败，重试中...
[12:23:27.527] ❌ 连接失败，重试中...
[12:23:30.841] ❌ 连接失败，重试中...
[12:23:34.092] ❌ 连接失败，重试中...
[12:23:37.400] ❌ 连接失败，重试中...
[12:23:40.655] ❌ 连接失败，重试中...
[12:23:43.873] ❌ 连接失败，重试中...
[12:23:47.149] ❌ 连接失败，重试中...
[12:23:50.462] ❌ 连接失败，重试中...
[12:23:53.770] ❌ 连接失败，重试中...
[12:23:57.010] ❌ 连接失败，重试中...
[12:24:00.178] ❌ 连接失败，重试中...
[12:24:03.469] ❌ 连接失败，重试中...
[12:24:06.738] ❌ 连接失败，重试中...
[12:24:09.921] ❌ 连接失败，重试中...
[12:24:13.156] ❌ 连接失败，重试中...
[12:24:16.429] ❌ 连接失败，重试中...
[12:24:19.655] ❌ 连接失败，重试中...
[12:24:22.960] ❌ 连接失败，重试中...
[12:24:26.144] ❌ 连接失败，重试中...
[12:24:29.309] ❌ 连接失败，重试中...
[12:24:32.690] ❌ 连接失败，重试中...
[12:24:35.905] ❌ 连接失败，重试中...
[12:24:39.142] ❌ 连接失败，重试中...
[12:24:42.373] ❌ 连接失败，重试中...
[12:24:45.589] ❌ 连接失败，重试中...
[12:24:48.848] ❌ 连接失败，重试中...
[12:24:52.025] ❌ 连接失败，重试中...
[12:24:55.309] ❌ 连接失败，重试中...
[12:24:58.469] ❌ 连接失败，重试中...
[12:25:01.756] ❌ 连接失败，重试中...
[12:25:04.940] ❌ 连接失败，重试中...
[12:25:08.241] ❌ 连接失败，重试中...
[12:25:11.492] ❌ 连接失败，重试中...
[12:25:14.713] ❌ 连接失败，重试中...
[12:25:17.988] ❌ 连接失败，重试中...
[12:25:21.209] ❌ 连接失败，重试中...
[12:25:24.406] ❌ 连接失败，重试中...
