[12:47:34.984] ❌ 连接失败，重试中...
[12:47:38.192] ❌ 连接失败，重试中...
[12:47:41.414] ❌ 连接失败，重试中...
[12:47:44.631] ❌ 连接失败，重试中...
[12:47:47.846] ❌ 连接失败，重试中...
[12:47:49.414] ✅ 连接成功，开始接收数据
[12:47:52.200] [SENSOR_INIT]
[12:47:52.200] [MAX30102] I2C CALL OK, INIT OK
[12:47:52.216] [ICM20948] INIT OK (WHO_AM_I + 10x probe passed)
[12:47:52.216] [/SENSOR_INIT]
[12:47:52.296] [ICM_INT_FLAG_PIN_CHECK_BEGIN]
[12:47:52.342] ICM_CFG_CHECK,CFG=0xE0,EN1=0x01
[12:47:52.373] ICM_BEFORE_WAIT,PIN=0,IRQ=163
[12:47:52.515] ICM_FLAG_PIN_RESULT,PIN_BEFORE_ST1=0,ST1=0x01,PIN_AFTER_ST1=1,IRQ_BEFORE=163,IRQ_AFTER=163
[12:47:52.547] [ICM_INT_FLAG_PIN_CHECK_END]
[12:49:47.043] ⚠ 串口异常: ClearCommError failed (PermissionError(13, '设备不识别此命令。', None, 22))
[12:49:47.043] 📊 本次连接统计: 9行数据
[12:49:47.044] ⚠ 连接断开，等待重连...
[12:49:47.293] ❌ 连接失败，重试中...
[12:49:50.502] ❌ 连接失败，重试中...
[12:49:53.714] ❌ 连接失败，重试中...
[12:49:56.935] ❌ 连接失败，重试中...
[12:50:00.149] ❌ 连接失败，重试中...
[12:50:03.368] ❌ 连接失败，重试中...
[12:50:06.575] ❌ 连接失败，重试中...
[12:50:09.790] ❌ 连接失败，重试中...
[12:50:12.997] ❌ 连接失败，重试中...
[12:50:16.211] ❌ 连接失败，重试中...
[12:50:19.424] ❌ 连接失败，重试中...
[12:50:22.642] ❌ 连接失败，重试中...
[12:50:25.858] ❌ 连接失败，重试中...
[12:50:29.077] ❌ 连接失败，重试中...
[12:50:32.267] ❌ 连接失败，重试中...
[12:50:35.463] ❌ 连接失败，重试中...
[12:50:38.617] ❌ 连接失败，重试中...
[12:50:41.795] ❌ 连接失败，重试中...
[12:50:45.016] ❌ 连接失败，重试中...
[12:50:48.229] ❌ 连接失败，重试中...
[12:50:51.383] ❌ 连接失败，重试中...
[12:50:54.534] ❌ 连接失败，重试中...
[12:50:57.748] ❌ 连接失败，重试中...
[12:51:00.913] ❌ 连接失败，重试中...
[12:51:04.124] ❌ 连接失败，重试中...
[12:51:07.336] ❌ 连接失败，重试中...
[12:51:10.545] ❌ 连接失败，重试中...
[12:51:13.750] ❌ 连接失败，重试中...
[12:51:16.955] ❌ 连接失败，重试中...
[12:51:20.175] ❌ 连接失败，重试中...
[12:51:23.376] ❌ 连接失败，重试中...
[12:51:26.587] ❌ 连接失败，重试中...
[12:51:29.792] ❌ 连接失败，重试中...
[12:51:33.004] ❌ 连接失败，重试中...
[12:51:36.242] ❌ 连接失败，重试中...
[12:51:39.458] ❌ 连接失败，重试中...
[12:51:42.656] ❌ 连接失败，重试中...
[12:51:45.871] ❌ 连接失败，重试中...
[12:51:49.085] ❌ 连接失败，重试中...
[12:51:52.297] ❌ 连接失败，重试中...
[12:51:55.499] ❌ 连接失败，重试中...
[12:51:58.687] ❌ 连接失败，重试中...
[12:52:01.907] ❌ 连接失败，重试中...
[12:52:05.114] ❌ 连接失败，重试中...
[12:52:08.319] ❌ 连接失败，重试中...
[12:52:11.531] ❌ 连接失败，重试中...
[12:52:14.699] ❌ 连接失败，重试中...
[12:52:17.914] ❌ 连接失败，重试中...
[12:52:21.129] ❌ 连接失败，重试中...
[12:52:24.345] ❌ 连接失败，重试中...
[12:52:27.551] ❌ 连接失败，重试中...
[12:52:30.775] ❌ 连接失败，重试中...
[12:52:33.987] ❌ 连接失败，重试中...
[12:52:37.198] ❌ 连接失败，重试中...
[12:52:40.414] ❌ 连接失败，重试中...
[12:52:43.618] ❌ 连接失败，重试中...
[12:52:46.826] ❌ 连接失败，重试中...
[12:52:50.033] ❌ 连接失败，重试中...
[12:52:53.243] ❌ 连接失败，重试中...
[12:52:56.449] ❌ 连接失败，重试中...
[12:52:59.660] ❌ 连接失败，重试中...
[12:53:02.872] ❌ 连接失败，重试中...
[12:53:06.083] ❌ 连接失败，重试中...
[12:53:09.329] ❌ 连接失败，重试中...
[12:53:12.536] ❌ 连接失败，重试中...
[12:53:15.751] ❌ 连接失败，重试中...
[12:53:18.968] ❌ 连接失败，重试中...
[12:53:22.232] ❌ 连接失败，重试中...
[12:53:25.446] ❌ 连接失败，重试中...
[12:53:28.663] ❌ 连接失败，重试中...
[12:53:31.877] ❌ 连接失败，重试中...
[12:53:35.094] ❌ 连接失败，重试中...
[12:53:38.305] ❌ 连接失败，重试中...
[12:53:41.522] ❌ 连接失败，重试中...
[12:53:44.745] ❌ 连接失败，重试中...
[12:53:47.970] ❌ 连接失败，重试中...
[12:53:51.187] ❌ 连接失败，重试中...
[12:53:54.402] ❌ 连接失败，重试中...
[12:53:57.618] ❌ 连接失败，重试中...
[12:54:00.835] ❌ 连接失败，重试中...
[12:54:04.047] ❌ 连接失败，重试中...
[12:54:07.279] ❌ 连接失败，重试中...
[12:54:10.495] ❌ 连接失败，重试中...
[12:54:13.713] ❌ 连接失败，重试中...
[12:54:16.926] ❌ 连接失败，重试中...
[12:54:20.150] ❌ 连接失败，重试中...
[12:54:23.369] ❌ 连接失败，重试中...
[12:54:26.584] ❌ 连接失败，重试中...
[12:54:29.808] ❌ 连接失败，重试中...
[12:54:33.022] ❌ 连接失败，重试中...
[12:54:36.236] ❌ 连接失败，重试中...
[12:54:39.455] ❌ 连接失败，重试中...
[12:54:42.665] ❌ 连接失败，重试中...
[12:54:45.879] ❌ 连接失败，重试中...
[12:54:49.099] ❌ 连接失败，重试中...
[12:54:52.327] ❌ 连接失败，重试中...
[12:54:55.548] ❌ 连接失败，重试中...
[12:54:58.771] ❌ 连接失败，重试中...
[12:55:01.986] ❌ 连接失败，重试中...
[12:55:05.205] ❌ 连接失败，重试中...
[12:55:08.428] ❌ 连接失败，重试中...
[12:55:11.638] ❌ 连接失败，重试中...
[12:55:14.853] ❌ 连接失败，重试中...
[12:55:18.067] ❌ 连接失败，重试中...
[12:55:21.271] ❌ 连接失败，重试中...
[12:55:24.489] ❌ 连接失败，重试中...
[12:55:27.715] ❌ 连接失败，重试中...
[12:55:30.934] ❌ 连接失败，重试中...
[12:55:34.142] ❌ 连接失败，重试中...
[12:55:37.365] ❌ 连接失败，重试中...
[12:55:40.591] ❌ 连接失败，重试中...
[12:55:43.797] ❌ 连接失败，重试中...
[12:55:47.011] ❌ 连接失败，重试中...
[12:55:50.222] ❌ 连接失败，重试中...
[12:55:53.436] ❌ 连接失败，重试中...
[12:55:56.647] ❌ 连接失败，重试中...
[12:55:59.863] ❌ 连接失败，重试中...
[12:56:03.052] ❌ 连接失败，重试中...
[12:56:06.260] ❌ 连接失败，重试中...
[12:56:09.469] ❌ 连接失败，重试中...
[12:56:12.683] ❌ 连接失败，重试中...
[12:56:15.917] ❌ 连接失败，重试中...
[12:56:19.117] ❌ 连接失败，重试中...
[12:56:22.276] ❌ 连接失败，重试中...
[12:56:25.476] ❌ 连接失败，重试中...
[12:56:28.681] ❌ 连接失败，重试中...
[12:56:31.895] ❌ 连接失败，重试中...
[12:56:35.104] ❌ 连接失败，重试中...
[12:56:38.345] ❌ 连接失败，重试中...
[12:56:41.514] ❌ 连接失败，重试中...
[12:56:44.725] ❌ 连接失败，重试中...
[12:56:47.938] ❌ 连接失败，重试中...
[12:56:51.146] ❌ 连接失败，重试中...
[12:56:54.314] ❌ 连接失败，重试中...
[12:56:57.524] ❌ 连接失败，重试中...
[12:57:00.736] ❌ 连接失败，重试中...
[12:57:03.946] ❌ 连接失败，重试中...
[12:57:07.166] ❌ 连接失败，重试中...
[12:57:10.374] ❌ 连接失败，重试中...
[12:57:13.595] ❌ 连接失败，重试中...
[12:57:16.820] ❌ 连接失败，重试中...
