[16:47:31.707] ✅ 连接成功，开始接收数据
[16:47:35.911] ⚠ 串口异常: ClearCommError failed (PermissionError(13, '设备不识别此命令。', None, 22))
[16:47:35.912] ⚠ 连接断开，等待重连...
[16:47:36.218] ❌ 连接失败，重试中...
[16:47:39.727] ✅ 连接成功，开始接收数据
[16:47:39.727] 📈 累计重连次数: 2
[16:47:49.662] ⚠ 串口异常: ClearCommError failed (PermissionError(13, '设备不识别此命令。', None, 22))
[16:47:49.662] ⚠ 连接断开，等待重连...
[16:47:49.925] ❌ 连接失败，重试中...
[16:47:53.290] ❌ 连接失败，重试中...
[16:47:56.622] ❌ 连接失败，重试中...
[16:47:58.710] ✅ 连接成功，开始接收数据
[16:47:58.710] 📈 累计重连次数: 3
[16:48:04.250] ⚠ 串口异常: ClearCommError failed (PermissionError(13, '设备不识别此命令。', None, 22))
[16:48:04.250] ⚠ 连接断开，等待重连...
[16:48:04.511] ❌ 连接失败，重试中...
[16:48:07.938] ❌ 连接失败，重试中...
[16:48:10.016] ✅ 连接成功，开始接收数据
[16:48:10.016] 📈 累计重连次数: 4
[16:48:15.381] ⚠ 串口异常: ClearCommError failed (PermissionError(13, '设备不识别此命令。', None, 22))
[16:48:15.382] ⚠ 连接断开，等待重连...
[16:48:15.645] ❌ 连接失败，重试中...
[16:48:16.838] ✅ 连接成功，开始接收数据
[16:48:16.838] 📈 累计重连次数: 5
[16:48:20.575] ⚠ 串口异常: ClearCommError failed (PermissionError(13, '设备不识别此命令。', None, 22))
[16:48:20.575] ⚠ 连接断开，等待重连...
[16:48:20.838] ❌ 连接失败，重试中...
[16:48:23.413] ✅ 连接成功，开始接收数据
[16:48:23.413] 📈 累计重连次数: 6
[16:50:17.959] ⚠ 串口异常: ClearCommError failed (PermissionError(13, '设备不识别此命令。', None, 22))
[16:50:17.959] ⚠ 连接断开，等待重连...
[16:50:18.222] ❌ 连接失败，重试中...
[16:50:21.574] ❌ 连接失败，重试中...
[16:50:24.904] ❌ 连接失败，重试中...
[16:50:28.189] ❌ 连接失败，重试中...
[16:50:29.800] ✅ 连接成功，开始接收数据
[16:50:29.800] 📈 累计重连次数: 7
[16:53:26.768] ⚠ 串口异常: ClearCommError failed (PermissionError(13, '设备不识别此命令。', None, 22))
[16:53:26.769] ⚠ 连接断开，等待重连...
[16:53:27.031] ❌ 连接失败，重试中...
[16:53:30.396] ❌ 连接失败，重试中...
[16:53:33.729] ❌ 连接失败，重试中...
[16:53:37.062] ❌ 连接失败，重试中...
[16:53:40.395] ❌ 连接失败，重试中...
[16:53:43.798] ❌ 连接失败，重试中...
[16:53:47.159] ❌ 连接失败，重试中...
[16:53:50.512] ❌ 连接失败，重试中...
[16:53:53.840] ❌ 连接失败，重试中...
[16:53:57.294] ❌ 连接失败，重试中...
[16:54:00.678] ❌ 连接失败，重试中...
[16:54:04.012] ❌ 连接失败，重试中...
[16:54:07.347] ❌ 连接失败，重试中...
[16:54:10.671] ❌ 连接失败，重试中...
[16:54:14.002] ❌ 连接失败，重试中...
[16:54:17.338] ❌ 连接失败，重试中...
[16:54:20.662] ❌ 连接失败，重试中...
[16:54:23.992] ❌ 连接失败，重试中...
[16:54:27.313] ❌ 连接失败，重试中...
[16:54:30.632] ❌ 连接失败，重试中...
[16:54:33.972] ❌ 连接失败，重试中...
[16:54:37.283] ❌ 连接失败，重试中...
[16:54:40.609] ❌ 连接失败，重试中...
[16:54:43.935] ❌ 连接失败，重试中...
[16:54:47.242] ❌ 连接失败，重试中...
[16:54:50.570] ❌ 连接失败，重试中...
[16:54:53.907] ❌ 连接失败，重试中...
[16:54:57.226] ❌ 连接失败，重试中...
[16:55:00.558] ❌ 连接失败，重试中...
[16:55:03.888] ❌ 连接失败，重试中...
[16:55:07.204] ❌ 连接失败，重试中...
[16:55:10.527] ❌ 连接失败，重试中...
[16:55:13.882] ❌ 连接失败，重试中...
[16:55:17.210] ❌ 连接失败，重试中...
[16:55:20.503] ❌ 连接失败，重试中...
[16:55:23.832] ❌ 连接失败，重试中...
[16:55:27.110] ❌ 连接失败，重试中...
[16:55:30.432] ❌ 连接失败，重试中...
[16:55:33.767] ❌ 连接失败，重试中...
[16:55:37.101] ❌ 连接失败，重试中...
[16:55:40.432] ❌ 连接失败，重试中...
[16:55:43.748] ❌ 连接失败，重试中...
[16:55:47.049] ❌ 连接失败，重试中...
[16:55:50.330] ❌ 连接失败，重试中...
[16:55:53.662] ❌ 连接失败，重试中...
[16:55:57.050] ❌ 连接失败，重试中...
[16:56:00.379] ❌ 连接失败，重试中...
[16:56:03.662] ❌ 连接失败，重试中...
[16:56:06.991] ❌ 连接失败，重试中...
[16:56:10.335] ❌ 连接失败，重试中...
[16:56:13.653] ❌ 连接失败，重试中...
[16:56:16.981] ❌ 连接失败，重试中...
[16:56:20.305] ❌ 连接失败，重试中...
[16:56:23.630] ❌ 连接失败，重试中...
[16:56:26.969] ❌ 连接失败，重试中...
[16:56:30.295] ❌ 连接失败，重试中...
[16:56:33.627] ❌ 连接失败，重试中...
[16:56:36.964] ❌ 连接失败，重试中...
[16:56:40.303] ❌ 连接失败，重试中...
[16:56:43.633] ❌ 连接失败，重试中...
[16:56:46.967] ❌ 连接失败，重试中...
[16:56:50.295] ❌ 连接失败，重试中...
[16:56:53.627] ❌ 连接失败，重试中...
[16:56:56.958] ❌ 连接失败，重试中...
[16:57:00.295] ❌ 连接失败，重试中...
[16:57:03.624] ❌ 连接失败，重试中...
[16:57:06.958] ❌ 连接失败，重试中...
[16:57:10.293] ❌ 连接失败，重试中...
[16:57:13.632] ❌ 连接失败，重试中...
[16:57:16.975] ❌ 连接失败，重试中...
[16:57:20.294] ❌ 连接失败，重试中...
[16:57:23.603] ❌ 连接失败，重试中...
[16:57:26.932] ❌ 连接失败，重试中...
[16:57:30.264] ❌ 连接失败，重试中...
[16:57:33.591] ❌ 连接失败，重试中...
[16:57:36.919] ❌ 连接失败，重试中...
[16:57:39.990] ❌ 连接失败，重试中...
[16:57:43.284] ❌ 连接失败，重试中...
[16:57:46.606] ❌ 连接失败，重试中...
[16:57:49.938] ❌ 连接失败，重试中...
[16:57:53.270] ❌ 连接失败，重试中...
[16:57:56.605] ❌ 连接失败，重试中...
[16:57:59.936] ❌ 连接失败，重试中...
[16:58:03.279] ❌ 连接失败，重试中...
[16:58:06.594] ❌ 连接失败，重试中...
[16:58:09.949] ❌ 连接失败，重试中...
[16:58:13.248] ❌ 连接失败，重试中...
[16:58:16.566] ❌ 连接失败，重试中...
[16:58:19.901] ❌ 连接失败，重试中...
[16:58:23.237] ❌ 连接失败，重试中...
[16:58:26.565] ❌ 连接失败，重试中...
[16:58:29.894] ❌ 连接失败，重试中...
[16:58:33.238] ❌ 连接失败，重试中...
[16:58:36.556] ❌ 连接失败，重试中...
[16:58:39.888] ❌ 连接失败，重试中...
[16:58:43.216] ❌ 连接失败，重试中...
[16:58:46.538] ❌ 连接失败，重试中...
[16:58:49.865] ❌ 连接失败，重试中...
[16:58:53.191] ❌ 连接失败，重试中...
[16:58:56.512] ❌ 连接失败，重试中...
[16:58:59.816] ❌ 连接失败，重试中...
[16:59:03.140] ❌ 连接失败，重试中...
[16:59:06.463] ❌ 连接失败，重试中...
[16:59:09.799] ❌ 连接失败，重试中...
[16:59:13.103] ❌ 连接失败，重试中...
[16:59:16.522] ❌ 连接失败，重试中...
[16:59:19.796] ❌ 连接失败，重试中...
[16:59:23.113] ❌ 连接失败，重试中...
[16:59:26.444] ❌ 连接失败，重试中...
[16:59:29.775] ❌ 连接失败，重试中...
[16:59:33.103] ❌ 连接失败，重试中...
[16:59:36.432] ❌ 连接失败，重试中...
[16:59:39.760] ❌ 连接失败，重试中...
[16:59:43.092] ❌ 连接失败，重试中...
[16:59:46.415] ❌ 连接失败，重试中...
[16:59:49.744] ❌ 连接失败，重试中...
[16:59:53.072] ❌ 连接失败，重试中...
[16:59:56.386] ❌ 连接失败，重试中...
[16:59:59.717] ❌ 连接失败，重试中...
[17:00:02.992] ❌ 连接失败，重试中...
[17:00:06.334] ❌ 连接失败，重试中...
[17:00:09.710] ❌ 连接失败，重试中...
[17:00:13.031] ❌ 连接失败，重试中...
[17:00:16.363] ❌ 连接失败，重试中...
[17:00:19.687] ❌ 连接失败，重试中...
[17:00:22.979] ❌ 连接失败，重试中...
[17:00:26.315] ❌ 连接失败，重试中...
[17:00:29.676] ❌ 连接失败，重试中...
[17:00:33.014] ❌ 连接失败，重试中...
[17:00:36.341] ❌ 连接失败，重试中...
[17:00:39.663] ❌ 连接失败，重试中...
[17:00:42.992] ❌ 连接失败，重试中...
[17:00:46.322] ❌ 连接失败，重试中...
[17:00:49.642] ❌ 连接失败，重试中...
[17:00:52.983] ❌ 连接失败，重试中...
[17:00:56.289] ❌ 连接失败，重试中...
[17:00:59.607] ❌ 连接失败，重试中...
[17:01:02.924] ❌ 连接失败，重试中...
[17:01:06.242] ❌ 连接失败，重试中...
[17:01:09.564] ❌ 连接失败，重试中...
[17:01:12.883] ❌ 连接失败，重试中...
[17:01:16.191] ❌ 连接失败，重试中...
[17:01:19.518] ❌ 连接失败，重试中...
[17:01:22.846] ❌ 连接失败，重试中...
[17:01:26.181] ❌ 连接失败，重试中...
[17:01:29.510] ❌ 连接失败，重试中...
[17:01:32.827] ❌ 连接失败，重试中...
[17:01:36.157] ❌ 连接失败，重试中...
[17:01:39.479] ❌ 连接失败，重试中...
[17:01:42.802] ❌ 连接失败，重试中...
[17:01:46.140] ❌ 连接失败，重试中...
[17:01:49.462] ❌ 连接失败，重试中...
[17:01:52.797] ❌ 连接失败，重试中...
[17:01:56.110] ❌ 连接失败，重试中...
[17:01:59.440] ❌ 连接失败，重试中...
[17:02:02.766] ❌ 连接失败，重试中...
[17:02:06.097] ❌ 连接失败，重试中...
[17:02:09.418] ❌ 连接失败，重试中...
[17:02:12.744] ❌ 连接失败，重试中...
[17:02:16.081] ❌ 连接失败，重试中...
[17:02:19.395] ❌ 连接失败，重试中...
[17:02:22.726] ❌ 连接失败，重试中...
[17:02:26.044] ❌ 连接失败，重试中...
[17:02:29.361] ❌ 连接失败，重试中...
[17:02:32.709] ❌ 连接失败，重试中...
[17:02:36.031] ❌ 连接失败，重试中...
[17:02:39.353] ❌ 连接失败，重试中...
[17:02:42.664] ❌ 连接失败，重试中...
[17:02:45.984] ❌ 连接失败，重试中...
[17:02:49.312] ❌ 连接失败，重试中...
[17:02:52.630] ❌ 连接失败，重试中...
[17:02:55.958] ❌ 连接失败，重试中...
[17:02:59.285] ❌ 连接失败，重试中...
[17:03:02.610] ❌ 连接失败，重试中...
[17:03:05.943] ❌ 连接失败，重试中...
[17:03:09.281] ❌ 连接失败，重试中...
[17:03:12.620] ❌ 连接失败，重试中...
[17:03:15.937] ❌ 连接失败，重试中...
[17:03:19.271] ❌ 连接失败，重试中...
[17:03:22.600] ❌ 连接失败，重试中...
[17:03:25.938] ❌ 连接失败，重试中...
[17:03:29.265] ❌ 连接失败，重试中...
[17:03:32.600] ❌ 连接失败，重试中...
[17:03:35.920] ❌ 连接失败，重试中...
[17:03:39.254] ❌ 连接失败，重试中...
[17:03:42.586] ❌ 连接失败，重试中...
[17:03:45.915] ❌ 连接失败，重试中...
[17:03:49.242] ❌ 连接失败，重试中...
[17:03:52.567] ❌ 连接失败，重试中...
[17:03:55.890] ❌ 连接失败，重试中...
[17:03:59.223] ❌ 连接失败，重试中...
[17:04:02.550] ❌ 连接失败，重试中...
[17:04:05.880] ❌ 连接失败，重试中...
[17:04:09.219] ❌ 连接失败，重试中...
[17:04:12.543] ❌ 连接失败，重试中...
[17:04:15.888] ❌ 连接失败，重试中...
[17:04:19.212] ❌ 连接失败，重试中...
[17:04:22.543] ❌ 连接失败，重试中...
[17:04:25.869] ❌ 连接失败，重试中...
[17:04:29.195] ❌ 连接失败，重试中...
[17:04:32.527] ❌ 连接失败，重试中...
[17:04:35.860] ❌ 连接失败，重试中...
[17:04:39.191] ❌ 连接失败，重试中...
[17:04:42.511] ❌ 连接失败，重试中...
[17:04:45.829] ❌ 连接失败，重试中...
[17:04:49.127] ❌ 连接失败，重试中...
[17:04:52.424] ❌ 连接失败，重试中...
[17:04:55.740] ❌ 连接失败，重试中...
[17:04:59.059] ❌ 连接失败，重试中...
[17:05:02.376] ❌ 连接失败，重试中...
[17:05:05.711] ❌ 连接失败，重试中...
[17:05:09.042] ❌ 连接失败，重试中...
[17:05:12.375] ❌ 连接失败，重试中...
[17:05:15.706] ❌ 连接失败，重试中...
[17:05:19.033] ❌ 连接失败，重试中...
[17:05:22.369] ❌ 连接失败，重试中...
[17:05:25.682] ❌ 连接失败，重试中...
[17:05:29.016] ❌ 连接失败，重试中...
[17:05:32.330] ❌ 连接失败，重试中...
[17:05:35.677] ❌ 连接失败，重试中...
[17:05:38.976] ❌ 连接失败，重试中...
[17:05:42.268] ❌ 连接失败，重试中...
[17:05:45.572] ❌ 连接失败，重试中...
[17:05:48.872] ❌ 连接失败，重试中...
[17:05:52.182] ❌ 连接失败，重试中...
[17:05:55.471] ❌ 连接失败，重试中...
[17:05:58.750] ❌ 连接失败，重试中...
[17:06:02.024] ❌ 连接失败，重试中...
[17:06:05.289] ❌ 连接失败，重试中...
[17:06:08.635] ❌ 连接失败，重试中...
[17:06:11.896] ❌ 连接失败，重试中...
[17:06:15.270] ❌ 连接失败，重试中...
[17:06:18.607] ❌ 连接失败，重试中...
[17:06:21.911] ❌ 连接失败，重试中...
[17:06:25.280] ❌ 连接失败，重试中...
[17:06:28.683] ❌ 连接失败，重试中...
[17:06:31.987] ❌ 连接失败，重试中...
[17:06:35.278] ❌ 连接失败，重试中...
[17:06:38.566] ❌ 连接失败，重试中...
[17:06:41.856] ❌ 连接失败，重试中...
[17:06:45.200] ❌ 连接失败，重试中...
[17:06:48.488] ❌ 连接失败，重试中...
[17:06:51.795] ❌ 连接失败，重试中...
[17:06:54.949] ❌ 连接失败，重试中...
[17:06:58.291] ❌ 连接失败，重试中...
[17:07:01.607] ❌ 连接失败，重试中...
[17:07:04.902] ❌ 连接失败，重试中...
[17:07:08.258] ❌ 连接失败，重试中...
[17:07:11.567] ❌ 连接失败，重试中...
[17:07:14.893] ❌ 连接失败，重试中...
[17:07:18.223] ❌ 连接失败，重试中...
[17:07:21.534] ❌ 连接失败，重试中...
[17:07:24.854] ❌ 连接失败，重试中...
[17:07:28.176] ❌ 连接失败，重试中...
[17:07:31.479] ❌ 连接失败，重试中...
[17:07:34.796] ❌ 连接失败，重试中...
[17:07:38.092] ❌ 连接失败，重试中...
[17:07:41.403] ❌ 连接失败，重试中...
[17:07:44.745] ❌ 连接失败，重试中...
[17:07:47.782] ❌ 连接失败，重试中...
[17:07:51.249] ❌ 连接失败，重试中...
[17:07:54.545] ❌ 连接失败，重试中...
[17:07:57.855] ❌ 连接失败，重试中...
[17:08:01.182] ❌ 连接失败，重试中...
[17:08:04.481] ❌ 连接失败，重试中...
[17:08:07.743] ❌ 连接失败，重试中...
[17:08:11.078] ❌ 连接失败，重试中...
[17:08:14.406] ❌ 连接失败，重试中...
[17:08:17.729] ❌ 连接失败，重试中...
[17:08:21.060] ❌ 连接失败，重试中...
[17:08:24.384] ❌ 连接失败，重试中...
[17:08:27.713] ❌ 连接失败，重试中...
[17:08:31.039] ❌ 连接失败，重试中...
[17:08:34.366] ❌ 连接失败，重试中...
[17:08:37.709] ❌ 连接失败，重试中...
[17:08:41.045] ❌ 连接失败，重试中...
[17:08:44.356] ❌ 连接失败，重试中...
[17:08:47.648] ❌ 连接失败，重试中...
[17:08:50.955] ❌ 连接失败，重试中...
[17:08:54.271] ❌ 连接失败，重试中...
[17:08:57.595] ❌ 连接失败，重试中...
[17:09:00.915] ❌ 连接失败，重试中...
[17:09:04.250] ❌ 连接失败，重试中...
[17:09:07.641] ❌ 连接失败，重试中...
[17:09:10.995] ❌ 连接失败，重试中...
[17:09:14.326] ❌ 连接失败，重试中...
[17:09:17.665] ❌ 连接失败，重试中...
[17:09:20.938] ❌ 连接失败，重试中...
[17:09:24.349] ❌ 连接失败，重试中...
[17:09:27.665] ❌ 连接失败，重试中...
[17:09:31.022] ❌ 连接失败，重试中...
[17:09:34.350] ❌ 连接失败，重试中...
[17:09:37.359] ❌ 连接失败，重试中...
[17:09:40.668] ❌ 连接失败，重试中...
[17:09:44.004] ❌ 连接失败，重试中...
[17:09:47.376] ❌ 连接失败，重试中...
[17:09:50.691] ❌ 连接失败，重试中...
[17:09:54.030] ❌ 连接失败，重试中...
[17:09:57.352] ❌ 连接失败，重试中...
[17:10:00.697] ❌ 连接失败，重试中...
[17:10:04.029] ❌ 连接失败，重试中...
[17:10:07.360] ❌ 连接失败，重试中...
[17:10:10.693] ❌ 连接失败，重试中...
[17:10:14.090] ❌ 连接失败，重试中...
[17:10:17.420] ❌ 连接失败，重试中...
[17:10:20.755] ❌ 连接失败，重试中...
[17:10:24.088] ❌ 连接失败，重试中...
[17:10:27.427] ❌ 连接失败，重试中...
[17:10:30.749] ❌ 连接失败，重试中...
[17:10:34.098] ❌ 连接失败，重试中...
[17:10:37.418] ❌ 连接失败，重试中...
[17:10:40.749] ❌ 连接失败，重试中...
[17:10:44.080] ❌ 连接失败，重试中...
[17:10:47.409] ❌ 连接失败，重试中...
[17:10:50.742] ❌ 连接失败，重试中...
[17:10:54.070] ❌ 连接失败，重试中...
[17:10:57.395] ❌ 连接失败，重试中...
[17:11:00.741] ❌ 连接失败，重试中...
[17:11:04.075] ❌ 连接失败，重试中...
[17:11:07.409] ❌ 连接失败，重试中...
[17:11:10.742] ❌ 连接失败，重试中...
[17:11:14.074] ❌ 连接失败，重试中...
[17:11:17.379] ❌ 连接失败，重试中...
[17:11:20.696] ❌ 连接失败，重试中...
[17:11:24.045] ❌ 连接失败，重试中...
[17:11:27.377] ❌ 连接失败，重试中...
[17:11:30.695] ❌ 连接失败，重试中...
[17:11:34.056] ❌ 连接失败，重试中...
[17:11:37.196] ❌ 连接失败，重试中...
[17:11:40.533] ❌ 连接失败，重试中...
[17:11:43.839] ❌ 连接失败，重试中...
[17:11:47.146] ❌ 连接失败，重试中...
[17:11:50.478] ❌ 连接失败，重试中...
[17:11:53.887] ❌ 连接失败，重试中...
[17:11:57.164] ❌ 连接失败，重试中...
[17:12:00.495] ❌ 连接失败，重试中...
[17:12:03.757] ❌ 连接失败，重试中...
[17:12:07.070] ❌ 连接失败，重试中...
[17:12:10.372] ❌ 连接失败，重试中...
[17:12:13.697] ❌ 连接失败，重试中...
[17:12:17.029] ❌ 连接失败，重试中...
[17:12:20.355] ❌ 连接失败，重试中...
[17:12:23.674] ❌ 连接失败，重试中...
[17:12:27.014] ❌ 连接失败，重试中...
[17:12:30.344] ❌ 连接失败，重试中...
[17:12:33.674] ❌ 连接失败，重试中...
[17:12:37.001] ❌ 连接失败，重试中...
[17:12:40.327] ❌ 连接失败，重试中...
[17:12:43.734] ❌ 连接失败，重试中...
[17:12:47.050] ❌ 连接失败，重试中...
[17:12:50.378] ❌ 连接失败，重试中...
[17:12:53.697] ❌ 连接失败，重试中...
[17:12:57.027] ❌ 连接失败，重试中...
[17:13:00.358] ❌ 连接失败，重试中...
[17:13:03.679] ❌ 连接失败，重试中...
[17:13:06.993] ❌ 连接失败，重试中...
[17:13:10.311] ❌ 连接失败，重试中...
[17:13:13.659] ❌ 连接失败，重试中...
[17:13:16.991] ❌ 连接失败，重试中...
[17:13:20.325] ❌ 连接失败，重试中...
[17:13:23.683] ❌ 连接失败，重试中...
[17:13:27.003] ❌ 连接失败，重试中...
[17:13:30.333] ❌ 连接失败，重试中...
[17:13:33.656] ❌ 连接失败，重试中...
[17:13:36.990] ❌ 连接失败，重试中...
[17:13:40.321] ❌ 连接失败，重试中...
[17:13:43.645] ❌ 连接失败，重试中...
[17:13:46.992] ❌ 连接失败，重试中...
[17:13:50.305] ❌ 连接失败，重试中...
[17:13:53.635] ❌ 连接失败，重试中...
[17:13:56.962] ❌ 连接失败，重试中...
[17:14:00.294] ❌ 连接失败，重试中...
[17:14:03.623] ❌ 连接失败，重试中...
[17:14:06.959] ❌ 连接失败，重试中...
[17:14:10.314] ❌ 连接失败，重试中...
[17:14:13.584] ❌ 连接失败，重试中...
[17:14:16.911] ❌ 连接失败，重试中...
[17:14:20.227] ❌ 连接失败，重试中...
[17:14:23.558] ❌ 连接失败，重试中...
[17:14:26.881] ❌ 连接失败，重试中...
[17:14:30.204] ❌ 连接失败，重试中...
[17:14:33.539] ❌ 连接失败，重试中...
[17:14:36.867] ❌ 连接失败，重试中...
[17:14:40.190] ❌ 连接失败，重试中...
[17:14:43.503] ❌ 连接失败，重试中...
[17:14:46.834] ❌ 连接失败，重试中...
[17:14:50.148] ❌ 连接失败，重试中...
[17:14:53.461] ❌ 连接失败，重试中...
[17:14:56.783] ❌ 连接失败，重试中...
[17:15:00.116] ❌ 连接失败，重试中...
[17:15:03.442] ❌ 连接失败，重试中...
[17:15:05.526] ✅ 连接成功，开始接收数据
[17:15:05.526] 📈 累计重连次数: 8
