[11:30:59.030] ❌ 连接失败，重试中...
[11:31:02.235] ❌ 连接失败，重试中...
[11:31:05.434] ❌ 连接失败，重试中...
[11:31:08.643] ❌ 连接失败，重试中...
[11:31:11.848] ❌ 连接失败，重试中...
[11:31:13.962] ✅ 连接成功，开始接收数据
[11:31:16.778] [SENSOR_INIT]
[11:31:16.778] [MAX30102] I2C CALL OK, INIT OK
[11:31:16.778] [ICM20948] INIT OK (WHO_AM_I + 10x probe passed)
[11:31:16.778] [/SENSOR_INIT]
[11:31:16.826] [ICM_INT_FLAG_PIN_CHECK_BEGIN]
[11:31:16.872] ICM_CFG_CHECK,CFG=0xE0,EN1=0x01
[11:31:16.888] ICM_BEFORE_WAIT,PIN=0,IRQ=162
[11:31:17.015] ICM_FLAG_PIN_RESULT,PIN_BEFORE_ST1=0,ST1=0x01,PIN_AFTER_ST1=1,IRQ_BEFORE=162,IRQ_AFTER=162
[11:31:17.047] [ICM_INT_FLAG_PIN_CHECK_END]
[11:32:38.696] ⚠ 串口异常: ClearCommError failed (PermissionError(13, '设备不识别此命令。', None, 22))
[11:32:38.696] 📊 本次连接统计: 9行数据
[11:32:38.696] ⚠ 连接断开，等待重连...
[11:32:38.948] ❌ 连接失败，重试中...
[11:32:39.691] ✅ 连接成功，开始接收数据
[11:32:39.691] 📈 累计重连次数: 2
[11:32:42.378] [SENSOR_INIT]
[11:32:42.378] [MAX30102] I2C CALL OK, INIT OK
[11:32:42.378] [ICM20948] INIT OK (WHO_AM_I + 10x probe passed)
[11:32:42.378] [/SENSOR_INIT]
[11:32:42.424] [ICM_INT_FLAG_PIN_CHECK_BEGIN]
[11:32:42.471] ICM_CFG_CHECK,CFG=0xE0,EN1=0x01
[11:32:42.489] ICM_BEFORE_WAIT,PIN=0,IRQ=163
[11:32:42.616] ICM_FLAG_PIN_RESULT,PIN_BEFORE_ST1=0,ST1=0x01,PIN_AFTER_ST1=1,IRQ_BEFORE=163,IRQ_AFTER=163
[11:32:42.636] [ICM_INT_FLAG_PIN_CHECK_END]
[11:32:42.912] [DBG1] MAX30003 init done, entering main loop
[11:32:42.912] [DBG2] request_start = 1, state=0
[11:33:26.952] ⚠ 串口异常: ClearCommError failed (PermissionError(13, '设备不识别此命令。', None, 22))
[11:33:26.952] 📊 本次连接统计: 11行数据
[11:33:26.953] ⚠ 连接断开，等待重连...
[11:33:27.204] ❌ 连接失败，重试中...
[11:33:30.416] ❌ 连接失败，重试中...
[11:33:33.626] ❌ 连接失败，重试中...
[11:33:36.833] ❌ 连接失败，重试中...
[11:33:38.856] ✅ 连接成功，开始接收数据
[11:33:38.856] 📈 累计重连次数: 3
[11:33:41.756] [SENSOR_INIT]
[11:33:41.756] [MAX30102] I2C CALL OK, INIT OK
[11:33:41.756] [ICM20948] INIT OK (WHO_AM_I + 10x probe passed)
[11:33:41.756] [/SENSOR_INIT]
[11:33:41.804] [ICM_INT_FLAG_PIN_CHECK_BEGIN]
[11:33:41.852] ICM_CFG_CHECK,CFG=0xE0,EN1=0x01
[11:33:41.868] ICM_BEFORE_WAIT,PIN=0,IRQ=163
[11:33:42.023] ICM_FLAG_PIN_RESULT,PIN_BEFORE_ST1=0,ST1=0x01,PIN_AFTER_ST1=1,IRQ_BEFORE=163,IRQ_AFTER=163
[11:33:42.054] [ICM_INT_FLAG_PIN_CHECK_END]
[11:33:42.054] [DBG0] before MAX30003_Init
[11:34:52.098] ⚠ 串口异常: ClearCommError failed (PermissionError(13, '设备不识别此命令。', None, 22))
[11:34:52.098] 📊 本次连接统计: 10行数据
[11:34:52.098] ⚠ 连接断开，等待重连...
[11:34:52.352] ❌ 连接失败，重试中...
[11:34:55.536] ❌ 连接失败，重试中...
[11:34:58.744] ❌ 连接失败，重试中...
[11:35:01.948] ❌ 连接失败，重试中...
[11:35:05.142] ❌ 连接失败，重试中...
[11:35:08.372] ❌ 连接失败，重试中...
[11:35:11.563] ❌ 连接失败，重试中...
[11:35:14.773] ❌ 连接失败，重试中...
[11:35:17.957] ❌ 连接失败，重试中...
[11:35:21.149] ❌ 连接失败，重试中...
[11:35:24.358] ❌ 连接失败，重试中...
[11:35:27.552] ❌ 连接失败，重试中...
[11:35:30.747] ❌ 连接失败，重试中...
[11:35:33.931] ❌ 连接失败，重试中...
[11:35:37.128] ❌ 连接失败，重试中...
[11:35:40.278] ❌ 连接失败，重试中...
[11:35:43.527] ❌ 连接失败，重试中...
[11:35:46.736] ❌ 连接失败，重试中...
[11:35:49.919] ❌ 连接失败，重试中...
[11:35:53.147] ❌ 连接失败，重试中...
[11:35:56.331] ❌ 连接失败，重试中...
[11:35:59.537] ❌ 连接失败，重试中...
[11:36:02.722] ❌ 连接失败，重试中...
[11:36:05.914] ❌ 连接失败，重试中...
[11:36:09.133] ❌ 连接失败，重试中...
[11:36:12.223] ❌ 连接失败，重试中...
[11:36:15.428] ❌ 连接失败，重试中...
[11:36:18.615] ❌ 连接失败，重试中...
[11:36:21.780] ❌ 连接失败，重试中...
[11:36:25.006] ❌ 连接失败，重试中...
[11:36:28.198] ❌ 连接失败，重试中...
[11:36:31.389] ❌ 连接失败，重试中...
[11:36:34.585] ❌ 连接失败，重试中...
[11:36:37.803] ❌ 连接失败，重试中...
[11:36:41.004] ❌ 连接失败，重试中...
[11:36:44.188] ❌ 连接失败，重试中...
[11:36:47.370] ❌ 连接失败，重试中...
[11:36:50.566] ❌ 连接失败，重试中...
[11:36:53.765] ❌ 连接失败，重试中...
[11:36:56.869] ❌ 连接失败，重试中...
[11:37:00.057] ❌ 连接失败，重试中...
[11:37:03.280] ❌ 连接失败，重试中...
[11:37:06.466] ❌ 连接失败，重试中...
[11:37:09.670] ❌ 连接失败，重试中...
[11:37:12.916] ❌ 连接失败，重试中...
[11:37:16.111] ❌ 连接失败，重试中...
[11:37:19.316] ❌ 连接失败，重试中...
[11:37:22.497] ❌ 连接失败，重试中...
[11:37:25.703] ❌ 连接失败，重试中...
[11:37:28.951] ❌ 连接失败，重试中...
[11:37:32.116] ❌ 连接失败，重试中...
[11:37:35.368] ❌ 连接失败，重试中...
[11:37:38.627] ❌ 连接失败，重试中...
[11:37:41.869] ❌ 连接失败，重试中...
[11:37:45.069] ❌ 连接失败，重试中...
[11:37:48.268] ❌ 连接失败，重试中...
[11:37:51.500] ❌ 连接失败，重试中...
[11:37:54.730] ❌ 连接失败，重试中...
[11:37:57.918] ❌ 连接失败，重试中...
[11:38:01.202] ❌ 连接失败，重试中...
[11:38:04.395] ❌ 连接失败，重试中...
[11:38:07.597] ❌ 连接失败，重试中...
[11:38:10.807] ❌ 连接失败，重试中...
[11:38:14.031] ❌ 连接失败，重试中...
[11:38:17.250] ❌ 连接失败，重试中...
[11:38:20.449] ❌ 连接失败，重试中...
[11:38:23.631] ❌ 连接失败，重试中...
[11:38:26.872] ❌ 连接失败，重试中...
[11:38:30.105] ❌ 连接失败，重试中...
[11:38:33.321] ❌ 连接失败，重试中...
[11:38:36.545] ❌ 连接失败，重试中...
[11:38:39.733] ❌ 连接失败，重试中...
[11:38:42.958] ❌ 连接失败，重试中...
[11:38:46.158] ❌ 连接失败，重试中...
[11:38:49.396] ❌ 连接失败，重试中...
[11:38:52.591] ❌ 连接失败，重试中...
[11:38:55.761] ❌ 连接失败，重试中...
[11:38:59.042] ❌ 连接失败，重试中...
[11:39:02.266] ❌ 连接失败，重试中...
[11:39:05.416] ❌ 连接失败，重试中...
[11:39:08.611] ❌ 连接失败，重试中...
[11:39:11.804] ❌ 连接失败，重试中...
[11:39:14.996] ❌ 连接失败，重试中...
[11:39:18.174] ❌ 连接失败，重试中...
[11:39:21.384] ❌ 连接失败，重试中...
[11:39:24.580] ❌ 连接失败，重试中...
[11:39:27.837] ❌ 连接失败，重试中...
[11:39:31.066] ❌ 连接失败，重试中...
[11:39:34.301] ❌ 连接失败，重试中...
[11:39:37.450] ❌ 连接失败，重试中...
[11:39:40.702] ❌ 连接失败，重试中...
[11:39:43.883] ❌ 连接失败，重试中...
[11:39:47.214] ❌ 连接失败，重试中...
[11:39:50.437] ❌ 连接失败，重试中...
[11:39:53.637] ❌ 连接失败，重试中...
[11:39:56.846] ❌ 连接失败，重试中...
[11:40:00.196] ❌ 连接失败，重试中...
[11:40:03.388] ❌ 连接失败，重试中...
[11:40:06.598] ❌ 连接失败，重试中...
[11:40:09.834] ❌ 连接失败，重试中...
[11:40:13.054] ❌ 连接失败，重试中...
[11:40:16.254] ❌ 连接失败，重试中...
[11:40:19.498] ❌ 连接失败，重试中...
[11:40:22.727] ❌ 连接失败，重试中...
[11:40:25.921] ❌ 连接失败，重试中...
[11:40:29.140] ❌ 连接失败，重试中...
[11:40:32.349] ❌ 连接失败，重试中...
[11:40:35.554] ❌ 连接失败，重试中...
[11:40:38.784] ❌ 连接失败，重试中...
[11:40:41.880] ❌ 连接失败，重试中...
[11:40:45.131] ❌ 连接失败，重试中...
[11:40:48.389] ❌ 连接失败，重试中...
[11:40:51.540] ❌ 连接失败，重试中...
[11:40:54.724] ❌ 连接失败，重试中...
[11:40:57.969] ❌ 连接失败，重试中...
[11:41:01.242] ❌ 连接失败，重试中...
[11:41:04.466] ❌ 连接失败，重试中...
[11:41:07.705] ❌ 连接失败，重试中...
[11:41:10.898] ❌ 连接失败，重试中...
[11:41:14.124] ❌ 连接失败，重试中...
[11:41:17.355] ❌ 连接失败，重试中...
[11:41:20.592] ❌ 连接失败，重试中...
[11:41:23.862] ❌ 连接失败，重试中...
[11:41:27.134] ❌ 连接失败，重试中...
[11:41:30.273] ❌ 连接失败，重试中...
[11:41:33.512] ❌ 连接失败，重试中...
[11:41:36.765] ❌ 连接失败，重试中...
[11:41:39.985] ❌ 连接失败，重试中...
[11:41:43.309] ❌ 连接失败，重试中...
[11:41:46.569] ❌ 连接失败，重试中...
[11:41:49.792] ❌ 连接失败，重试中...
[11:41:52.967] ❌ 连接失败，重试中...
[11:41:56.241] ❌ 连接失败，重试中...
[11:41:59.429] ❌ 连接失败，重试中...
[11:42:02.603] ❌ 连接失败，重试中...
[11:42:05.816] ❌ 连接失败，重试中...
[11:42:08.869] ❌ 连接失败，重试中...
[11:42:12.107] ❌ 连接失败，重试中...
[11:42:15.365] ❌ 连接失败，重试中...
[11:42:18.408] ❌ 连接失败，重试中...
[11:42:21.712] ❌ 连接失败，重试中...
[11:42:24.920] ❌ 连接失败，重试中...
[11:42:28.179] ❌ 连接失败，重试中...
[11:42:31.454] ❌ 连接失败，重试中...
[11:42:34.698] ❌ 连接失败，重试中...
[11:42:37.954] ❌ 连接失败，重试中...
[11:42:41.196] ❌ 连接失败，重试中...
[11:42:44.433] ❌ 连接失败，重试中...
[11:42:47.654] ❌ 连接失败，重试中...
[11:42:50.906] ❌ 连接失败，重试中...
[11:42:54.165] ❌ 连接失败，重试中...
[11:42:57.407] ❌ 连接失败，重试中...
[11:43:00.620] ❌ 连接失败，重试中...
[11:43:03.823] ❌ 连接失败，重试中...
[11:43:07.040] ❌ 连接失败，重试中...
[11:43:10.259] ❌ 连接失败，重试中...
[11:43:13.499] ❌ 连接失败，重试中...
[11:43:16.721] ❌ 连接失败，重试中...
[11:43:19.931] ❌ 连接失败，重试中...
[11:43:23.147] ❌ 连接失败，重试中...
[11:43:26.356] ❌ 连接失败，重试中...
[11:43:29.543] ❌ 连接失败，重试中...
[11:43:32.739] ❌ 连接失败，重试中...
[11:43:35.981] ❌ 连接失败，重试中...
[11:43:39.189] ❌ 连接失败，重试中...
[11:43:42.435] ❌ 连接失败，重试中...
[11:43:45.677] ❌ 连接失败，重试中...
[11:43:48.889] ❌ 连接失败，重试中...
[11:43:52.156] ❌ 连接失败，重试中...
[11:43:55.398] ❌ 连接失败，重试中...
[11:43:58.620] ❌ 连接失败，重试中...
[11:44:01.848] ❌ 连接失败，重试中...
[11:44:05.045] ❌ 连接失败，重试中...
[11:44:08.243] ❌ 连接失败，重试中...
[11:44:11.440] ❌ 连接失败，重试中...
[11:44:14.635] ❌ 连接失败，重试中...
[11:44:17.871] ❌ 连接失败，重试中...
[11:44:21.093] ❌ 连接失败，重试中...
[11:44:24.331] ❌ 连接失败，重试中...
[11:44:27.530] ❌ 连接失败，重试中...
[11:44:30.752] ❌ 连接失败，重试中...
[11:44:33.985] ❌ 连接失败，重试中...
[11:44:37.186] ❌ 连接失败，重试中...
[11:44:40.407] ❌ 连接失败，重试中...
[11:44:43.620] ❌ 连接失败，重试中...
[11:44:46.853] ❌ 连接失败，重试中...
[11:44:50.060] ❌ 连接失败，重试中...
[11:44:53.200] ❌ 连接失败，重试中...
[11:44:56.415] ❌ 连接失败，重试中...
[11:44:59.624] ❌ 连接失败，重试中...
[11:45:02.854] ❌ 连接失败，重试中...
[11:45:06.089] ❌ 连接失败，重试中...
[11:45:09.317] ❌ 连接失败，重试中...
[11:45:12.554] ❌ 连接失败，重试中...
[11:45:15.793] ❌ 连接失败，重试中...
[11:45:19.054] ❌ 连接失败，重试中...
[11:45:22.290] ❌ 连接失败，重试中...
[11:45:25.513] ❌ 连接失败，重试中...
[11:45:28.733] ❌ 连接失败，重试中...
[11:45:31.946] ❌ 连接失败，重试中...
[11:45:35.180] ❌ 连接失败，重试中...
[11:45:38.432] ❌ 连接失败，重试中...
[11:45:41.673] ❌ 连接失败，重试中...
[11:45:44.892] ❌ 连接失败，重试中...
[11:45:48.165] ❌ 连接失败，重试中...
[11:45:51.389] ❌ 连接失败，重试中...
[11:45:54.609] ❌ 连接失败，重试中...
[11:45:57.838] ❌ 连接失败，重试中...
[11:46:01.079] ❌ 连接失败，重试中...
[11:46:04.297] ❌ 连接失败，重试中...
[11:46:07.524] ❌ 连接失败，重试中...
[11:46:10.730] ❌ 连接失败，重试中...
[11:46:13.959] ❌ 连接失败，重试中...
[11:46:17.214] ❌ 连接失败，重试中...
[11:46:20.429] ❌ 连接失败，重试中...
[11:46:23.654] ❌ 连接失败，重试中...
[11:46:26.865] ❌ 连接失败，重试中...
[11:46:30.083] ❌ 连接失败，重试中...
[11:46:33.302] ❌ 连接失败，重试中...
[11:46:36.508] ❌ 连接失败，重试中...
[11:46:39.736] ❌ 连接失败，重试中...
[11:46:42.907] ❌ 连接失败，重试中...
[11:46:46.127] ❌ 连接失败，重试中...
[11:46:49.340] ❌ 连接失败，重试中...
[11:46:52.559] ❌ 连接失败，重试中...
[11:46:55.796] ❌ 连接失败，重试中...
[11:46:59.057] ❌ 连接失败，重试中...
[11:47:02.322] ❌ 连接失败，重试中...
[11:47:05.538] ❌ 连接失败，重试中...
[11:47:08.767] ❌ 连接失败，重试中...
[11:47:12.014] ❌ 连接失败，重试中...
[11:47:15.242] ❌ 连接失败，重试中...
[11:47:18.437] ❌ 连接失败，重试中...
[11:47:21.657] ❌ 连接失败，重试中...
[11:47:24.872] ❌ 连接失败，重试中...
[11:47:28.088] ❌ 连接失败，重试中...
[11:47:31.290] ❌ 连接失败，重试中...
[11:47:34.504] ❌ 连接失败，重试中...
[11:47:37.719] ❌ 连接失败，重试中...
[11:47:40.892] ❌ 连接失败，重试中...
[11:47:44.065] ❌ 连接失败，重试中...
[11:47:47.294] ❌ 连接失败，重试中...
[11:47:50.517] ❌ 连接失败，重试中...
[11:47:53.686] ❌ 连接失败，重试中...
[11:47:56.893] ❌ 连接失败，重试中...
[11:48:00.107] ❌ 连接失败，重试中...
[11:48:03.321] ❌ 连接失败，重试中...
[11:48:06.522] ❌ 连接失败，重试中...
[11:48:09.756] ❌ 连接失败，重试中...
[11:48:12.994] ❌ 连接失败，重试中...
[11:48:16.189] ❌ 连接失败，重试中...
[11:48:19.405] ❌ 连接失败，重试中...
[11:48:22.669] ❌ 连接失败，重试中...
[11:48:25.915] ❌ 连接失败，重试中...
[11:48:29.118] ❌ 连接失败，重试中...
[11:48:32.355] ❌ 连接失败，重试中...
[11:48:35.577] ❌ 连接失败，重试中...
[11:48:38.826] ❌ 连接失败，重试中...
[11:48:42.074] ❌ 连接失败，重试中...
[11:48:45.284] ❌ 连接失败，重试中...
[11:48:48.527] ❌ 连接失败，重试中...
[11:48:51.693] ❌ 连接失败，重试中...
[11:48:54.940] ❌ 连接失败，重试中...
[11:48:58.197] ❌ 连接失败，重试中...
[11:49:01.443] ❌ 连接失败，重试中...
[11:49:04.674] ❌ 连接失败，重试中...
[11:49:07.900] ❌ 连接失败，重试中...
[11:49:11.136] ❌ 连接失败，重试中...
[11:49:14.375] ❌ 连接失败，重试中...
[11:49:17.618] ❌ 连接失败，重试中...
[11:49:20.852] ❌ 连接失败，重试中...
[11:49:24.082] ❌ 连接失败，重试中...
[11:49:27.291] ❌ 连接失败，重试中...
[11:49:30.529] ❌ 连接失败，重试中...
[11:49:33.752] ❌ 连接失败，重试中...
[11:49:36.953] ❌ 连接失败，重试中...
[11:49:40.175] ❌ 连接失败，重试中...
[11:49:43.424] ❌ 连接失败，重试中...
[11:49:46.647] ❌ 连接失败，重试中...
[11:49:49.893] ❌ 连接失败，重试中...
[11:49:53.147] ❌ 连接失败，重试中...
[11:49:56.373] ❌ 连接失败，重试中...
[11:49:59.611] ❌ 连接失败，重试中...
[11:50:02.837] ❌ 连接失败，重试中...
[11:50:06.103] ❌ 连接失败，重试中...
[11:50:09.335] ❌ 连接失败，重试中...
[11:50:12.553] ❌ 连接失败，重试中...
[11:50:15.792] ❌ 连接失败，重试中...
[11:50:19.038] ❌ 连接失败，重试中...
[11:50:22.264] ❌ 连接失败，重试中...
[11:50:25.470] ❌ 连接失败，重试中...
[11:50:28.682] ❌ 连接失败，重试中...
[11:50:31.924] ❌ 连接失败，重试中...
[11:50:35.133] ❌ 连接失败，重试中...
[11:50:38.366] ❌ 连接失败，重试中...
[11:50:41.608] ❌ 连接失败，重试中...
[11:50:44.822] ❌ 连接失败，重试中...
[11:50:48.029] ❌ 连接失败，重试中...
[11:50:51.239] ❌ 连接失败，重试中...
[11:50:54.484] ❌ 连接失败，重试中...
[11:50:57.719] ❌ 连接失败，重试中...
[11:51:00.957] ❌ 连接失败，重试中...
[11:51:04.191] ❌ 连接失败，重试中...
[11:51:07.442] ❌ 连接失败，重试中...
[11:51:10.649] ❌ 连接失败，重试中...
[11:51:13.883] ❌ 连接失败，重试中...
[11:51:17.097] ❌ 连接失败，重试中...
[11:51:20.325] ❌ 连接失败，重试中...
[11:51:23.549] ❌ 连接失败，重试中...
[11:51:26.761] ❌ 连接失败，重试中...
[11:51:29.984] ❌ 连接失败，重试中...
[11:51:33.194] ❌ 连接失败，重试中...
[11:51:36.435] ❌ 连接失败，重试中...
[11:51:39.653] ❌ 连接失败，重试中...
[11:51:42.866] ❌ 连接失败，重试中...
[11:51:46.106] ❌ 连接失败，重试中...
[11:51:49.339] ❌ 连接失败，重试中...
[11:51:52.563] ❌ 连接失败，重试中...
[11:51:55.806] ❌ 连接失败，重试中...
[11:51:59.016] ❌ 连接失败，重试中...
[11:52:02.237] ❌ 连接失败，重试中...
[11:52:05.434] ❌ 连接失败，重试中...
[11:52:08.660] ❌ 连接失败，重试中...
[11:52:11.871] ❌ 连接失败，重试中...
[11:52:15.102] ❌ 连接失败，重试中...
[11:52:18.387] ❌ 连接失败，重试中...
[11:52:21.621] ❌ 连接失败，重试中...
[11:52:24.801] ❌ 连接失败，重试中...
[11:52:28.035] ❌ 连接失败，重试中...
[11:52:31.292] ❌ 连接失败，重试中...
[11:52:34.484] ❌ 连接失败，重试中...
[11:52:37.692] ❌ 连接失败，重试中...
[11:52:40.848] ❌ 连接失败，重试中...
[11:52:44.092] ❌ 连接失败，重试中...
[11:52:47.328] ❌ 连接失败，重试中...
[11:52:50.552] ❌ 连接失败，重试中...
[11:52:53.771] ❌ 连接失败，重试中...
[11:52:56.975] ❌ 连接失败，重试中...
[11:53:00.169] ❌ 连接失败，重试中...
[11:53:03.407] ❌ 连接失败，重试中...
[11:53:06.640] ❌ 连接失败，重试中...
[11:53:09.871] ❌ 连接失败，重试中...
[11:53:13.059] ❌ 连接失败，重试中...
[11:53:16.281] ❌ 连接失败，重试中...
[11:53:19.508] ❌ 连接失败，重试中...
[11:53:22.744] ❌ 连接失败，重试中...
[11:53:25.958] ❌ 连接失败，重试中...
[11:53:29.165] ❌ 连接失败，重试中...
[11:53:32.393] ❌ 连接失败，重试中...
[11:53:35.632] ❌ 连接失败，重试中...
[11:53:38.868] ❌ 连接失败，重试中...
[11:53:42.121] ❌ 连接失败，重试中...
[11:53:45.349] ❌ 连接失败，重试中...
[11:53:48.611] ❌ 连接失败，重试中...
[11:53:51.810] ❌ 连接失败，重试中...
[11:53:55.017] ❌ 连接失败，重试中...
[11:53:58.305] ❌ 连接失败，重试中...
[11:54:01.565] ❌ 连接失败，重试中...
[11:54:04.802] ❌ 连接失败，重试中...
[11:54:08.008] ❌ 连接失败，重试中...
[11:54:11.250] ❌ 连接失败，重试中...
[11:54:14.493] ❌ 连接失败，重试中...
[11:54:17.712] ❌ 连接失败，重试中...
[11:54:20.937] ❌ 连接失败，重试中...
[11:54:24.103] ❌ 连接失败，重试中...
[11:54:27.344] ❌ 连接失败，重试中...
[11:54:30.557] ❌ 连接失败，重试中...
[11:54:33.748] ❌ 连接失败，重试中...
[11:54:36.952] ❌ 连接失败，重试中...
[11:54:40.183] ❌ 连接失败，重试中...
[11:54:43.392] ❌ 连接失败，重试中...
[11:54:46.623] ❌ 连接失败，重试中...
[11:54:49.850] ❌ 连接失败，重试中...
[11:54:53.105] ❌ 连接失败，重试中...
[11:54:56.340] ❌ 连接失败，重试中...
[11:54:59.556] ❌ 连接失败，重试中...
[11:55:02.792] ❌ 连接失败，重试中...
[11:55:06.020] ❌ 连接失败，重试中...
[11:55:09.282] ❌ 连接失败，重试中...
[11:55:12.507] ❌ 连接失败，重试中...
[11:55:15.730] ❌ 连接失败，重试中...
[11:55:18.917] ❌ 连接失败，重试中...
[11:55:22.133] ❌ 连接失败，重试中...
[11:55:25.377] ❌ 连接失败，重试中...
[11:55:28.608] ❌ 连接失败，重试中...
[11:55:31.836] ❌ 连接失败，重试中...
[11:55:35.051] ❌ 连接失败，重试中...
[11:55:38.316] ❌ 连接失败，重试中...
[11:55:41.539] ❌ 连接失败，重试中...
[11:55:44.799] ❌ 连接失败，重试中...
[11:55:48.017] ❌ 连接失败，重试中...
[11:55:51.189] ❌ 连接失败，重试中...
[11:55:54.454] ❌ 连接失败，重试中...
[11:55:57.723] ❌ 连接失败，重试中...
[11:56:00.965] ❌ 连接失败，重试中...
[11:56:04.194] ❌ 连接失败，重试中...
[11:56:07.408] ❌ 连接失败，重试中...
[11:56:10.634] ❌ 连接失败，重试中...
[11:56:13.849] ❌ 连接失败，重试中...
[11:56:17.076] ❌ 连接失败，重试中...
[11:56:20.319] ❌ 连接失败，重试中...
[11:56:23.543] ❌ 连接失败，重试中...
[11:56:26.754] ❌ 连接失败，重试中...
[11:56:29.994] ❌ 连接失败，重试中...
[11:56:33.227] ❌ 连接失败，重试中...
[11:56:36.447] ❌ 连接失败，重试中...
[11:56:39.688] ❌ 连接失败，重试中...
[11:56:42.948] ❌ 连接失败，重试中...
[11:56:46.203] ❌ 连接失败，重试中...
[11:56:49.430] ❌ 连接失败，重试中...
[11:56:52.673] ❌ 连接失败，重试中...
[11:56:55.918] ❌ 连接失败，重试中...
[11:56:59.175] ❌ 连接失败，重试中...
[11:57:02.410] ❌ 连接失败，重试中...
[11:57:05.656] ❌ 连接失败，重试中...
[11:57:08.898] ❌ 连接失败，重试中...
[11:57:12.114] ❌ 连接失败，重试中...
[11:57:15.349] ❌ 连接失败，重试中...
[11:57:18.603] ❌ 连接失败，重试中...
[11:57:21.831] ❌ 连接失败，重试中...
[11:57:25.052] ❌ 连接失败，重试中...
[11:57:28.297] ❌ 连接失败，重试中...
[11:57:31.494] ❌ 连接失败，重试中...
[11:57:34.701] ❌ 连接失败，重试中...
[11:57:37.942] ❌ 连接失败，重试中...
[11:57:41.165] ❌ 连接失败，重试中...
[11:57:44.373] ❌ 连接失败，重试中...
[11:57:47.592] ❌ 连接失败，重试中...
[11:57:50.817] ❌ 连接失败，重试中...
[11:57:54.068] ❌ 连接失败，重试中...
[11:57:57.271] ❌ 连接失败，重试中...
[11:58:00.494] ❌ 连接失败，重试中...
[11:58:03.716] ❌ 连接失败，重试中...
[11:58:06.959] ❌ 连接失败，重试中...
[11:58:10.184] ❌ 连接失败，重试中...
[11:58:13.434] ❌ 连接失败，重试中...
[11:58:16.685] ❌ 连接失败，重试中...
[11:58:19.907] ❌ 连接失败，重试中...
[11:58:23.112] ❌ 连接失败，重试中...
[11:58:26.371] ❌ 连接失败，重试中...
[11:58:29.608] ❌ 连接失败，重试中...
[11:58:32.827] ❌ 连接失败，重试中...
[11:58:36.014] ❌ 连接失败，重试中...
[11:58:39.275] ❌ 连接失败，重试中...
[11:58:42.533] ❌ 连接失败，重试中...
[11:58:45.756] ❌ 连接失败，重试中...
[11:58:48.961] ❌ 连接失败，重试中...
[11:58:52.212] ❌ 连接失败，重试中...
[11:58:55.452] ❌ 连接失败，重试中...
[11:58:58.675] ❌ 连接失败，重试中...
[11:59:01.910] ❌ 连接失败，重试中...
[11:59:05.191] ❌ 连接失败，重试中...
[11:59:08.449] ❌ 连接失败，重试中...
[11:59:11.662] ❌ 连接失败，重试中...
[11:59:14.853] ❌ 连接失败，重试中...
[11:59:18.070] ❌ 连接失败，重试中...
[11:59:21.216] ❌ 连接失败，重试中...
[11:59:24.420] ❌ 连接失败，重试中...
[11:59:27.639] ❌ 连接失败，重试中...
[11:59:30.885] ❌ 连接失败，重试中...
[11:59:34.106] ❌ 连接失败，重试中...
[11:59:37.359] ❌ 连接失败，重试中...
[11:59:40.589] ❌ 连接失败，重试中...
[11:59:43.823] ❌ 连接失败，重试中...
[11:59:47.078] ❌ 连接失败，重试中...
[11:59:50.289] ❌ 连接失败，重试中...
[11:59:53.519] ❌ 连接失败，重试中...
[11:59:56.759] ❌ 连接失败，重试中...
[11:59:59.946] ❌ 连接失败，重试中...
[12:00:03.137] ❌ 连接失败，重试中...
[12:00:06.362] ❌ 连接失败，重试中...
[12:00:09.573] ❌ 连接失败，重试中...
[12:00:12.810] ❌ 连接失败，重试中...
[12:00:16.021] ❌ 连接失败，重试中...
[12:00:19.270] ❌ 连接失败，重试中...
[12:00:22.476] ❌ 连接失败，重试中...
[12:00:25.712] ❌ 连接失败，重试中...
[12:00:28.915] ❌ 连接失败，重试中...
[12:00:32.157] ❌ 连接失败，重试中...
[12:00:35.359] ❌ 连接失败，重试中...
[12:00:38.605] ❌ 连接失败，重试中...
[12:00:41.839] ❌ 连接失败，重试中...
[12:00:45.062] ❌ 连接失败，重试中...
[12:00:48.293] ❌ 连接失败，重试中...
[12:00:51.466] ❌ 连接失败，重试中...
[12:00:54.704] ❌ 连接失败，重试中...
[12:00:57.966] ❌ 连接失败，重试中...
[12:01:01.195] ❌ 连接失败，重试中...
[12:01:04.381] ❌ 连接失败，重试中...
[12:01:07.633] ❌ 连接失败，重试中...
[12:01:10.864] ❌ 连接失败，重试中...
[12:01:14.046] ❌ 连接失败，重试中...
[12:01:17.266] ❌ 连接失败，重试中...
[12:01:20.482] ❌ 连接失败，重试中...
[12:01:23.726] ❌ 连接失败，重试中...
[12:01:26.976] ❌ 连接失败，重试中...
[12:01:30.227] ❌ 连接失败，重试中...
[12:01:33.463] ❌ 连接失败，重试中...
[12:01:36.677] ❌ 连接失败，重试中...
[12:01:39.898] ❌ 连接失败，重试中...
[12:01:43.120] ❌ 连接失败，重试中...
[12:01:46.353] ❌ 连接失败，重试中...
[12:01:49.559] ❌ 连接失败，重试中...
[12:01:52.834] ❌ 连接失败，重试中...
[12:01:56.033] ❌ 连接失败，重试中...
[12:01:59.292] ❌ 连接失败，重试中...
[12:02:02.517] ❌ 连接失败，重试中...
[12:02:05.754] ❌ 连接失败，重试中...
[12:02:08.996] ❌ 连接失败，重试中...
[12:02:12.208] ❌ 连接失败，重试中...
[12:02:15.451] ❌ 连接失败，重试中...
[12:02:18.677] ❌ 连接失败，重试中...
[12:02:21.876] ❌ 连接失败，重试中...
[12:02:25.095] ❌ 连接失败，重试中...
[12:02:28.343] ❌ 连接失败，重试中...
[12:02:31.559] ❌ 连接失败，重试中...
[12:02:34.770] ❌ 连接失败，重试中...
[12:02:37.967] ❌ 连接失败，重试中...
[12:02:41.125] ❌ 连接失败，重试中...
[12:02:44.299] ❌ 连接失败，重试中...
[12:02:47.537] ❌ 连接失败，重试中...
[12:02:50.775] ❌ 连接失败，重试中...
[12:02:54.020] ❌ 连接失败，重试中...
[12:02:57.243] ❌ 连接失败，重试中...
[12:03:00.467] ❌ 连接失败，重试中...
[12:03:03.708] ❌ 连接失败，重试中...
[12:03:06.907] ❌ 连接失败，重试中...
[12:03:10.149] ❌ 连接失败，重试中...
[12:03:13.387] ❌ 连接失败，重试中...
[12:03:16.624] ❌ 连接失败，重试中...
[12:03:19.869] ❌ 连接失败，重试中...
[12:03:23.078] ❌ 连接失败，重试中...
[12:03:26.318] ❌ 连接失败，重试中...
[12:03:29.551] ❌ 连接失败，重试中...
[12:03:32.748] ❌ 连接失败，重试中...
[12:03:35.959] ❌ 连接失败，重试中...
[12:03:39.188] ❌ 连接失败，重试中...
[12:03:42.441] ❌ 连接失败，重试中...
[12:03:45.670] ❌ 连接失败，重试中...
[12:03:48.906] ❌ 连接失败，重试中...
[12:03:52.124] ❌ 连接失败，重试中...
[12:03:55.362] ❌ 连接失败，重试中...
[12:03:58.585] ❌ 连接失败，重试中...
[12:04:01.804] ❌ 连接失败，重试中...
[12:04:05.056] ❌ 连接失败，重试中...
[12:04:08.292] ❌ 连接失败，重试中...
[12:04:11.535] ❌ 连接失败，重试中...
[12:04:14.698] ❌ 连接失败，重试中...
[12:04:17.935] ❌ 连接失败，重试中...
[12:04:21.176] ❌ 连接失败，重试中...
[12:04:24.419] ❌ 连接失败，重试中...
[12:04:27.630] ❌ 连接失败，重试中...
[12:04:30.844] ❌ 连接失败，重试中...
[12:04:34.061] ❌ 连接失败，重试中...
[12:04:37.340] ❌ 连接失败，重试中...
[12:04:40.586] ❌ 连接失败，重试中...
[12:04:43.810] ❌ 连接失败，重试中...
[12:04:47.051] ❌ 连接失败，重试中...
[12:04:50.270] ❌ 连接失败，重试中...
[12:04:53.475] ❌ 连接失败，重试中...
[12:04:56.689] ❌ 连接失败，重试中...
[12:04:59.898] ❌ 连接失败，重试中...
[12:05:03.134] ❌ 连接失败，重试中...
[12:05:06.302] ❌ 连接失败，重试中...
[12:05:09.532] ❌ 连接失败，重试中...
[12:05:12.734] ❌ 连接失败，重试中...
[12:05:15.953] ❌ 连接失败，重试中...
[12:05:19.170] ❌ 连接失败，重试中...
[12:05:22.404] ❌ 连接失败，重试中...
[12:05:25.603] ❌ 连接失败，重试中...
[12:05:28.827] ❌ 连接失败，重试中...
[12:05:32.057] ❌ 连接失败，重试中...
[12:05:35.260] ❌ 连接失败，重试中...
[12:05:38.477] ❌ 连接失败，重试中...
[12:05:41.692] ❌ 连接失败，重试中...
[12:05:44.940] ❌ 连接失败，重试中...
[12:05:48.144] ❌ 连接失败，重试中...
[12:05:51.363] ❌ 连接失败，重试中...
[12:05:54.574] ❌ 连接失败，重试中...
[12:05:57.805] ❌ 连接失败，重试中...
[12:06:01.007] ❌ 连接失败，重试中...
[12:06:04.227] ❌ 连接失败，重试中...
[12:06:07.426] ❌ 连接失败，重试中...
[12:06:10.622] ❌ 连接失败，重试中...
[12:06:13.886] ❌ 连接失败，重试中...
[12:06:17.117] ❌ 连接失败，重试中...
[12:06:20.342] ❌ 连接失败，重试中...
[12:06:23.572] ❌ 连接失败，重试中...
[12:06:26.824] ❌ 连接失败，重试中...
[12:06:30.038] ❌ 连接失败，重试中...
[12:06:33.267] ❌ 连接失败，重试中...
[12:06:36.512] ❌ 连接失败，重试中...
[12:06:39.740] ❌ 连接失败，重试中...
[12:06:42.935] ❌ 连接失败，重试中...
[12:06:46.166] ❌ 连接失败，重试中...
[12:06:49.422] ❌ 连接失败，重试中...
[12:06:52.608] ❌ 连接失败，重试中...
[12:06:55.836] ❌ 连接失败，重试中...
[12:06:59.043] ❌ 连接失败，重试中...
[12:07:02.252] ❌ 连接失败，重试中...
[12:07:05.463] ❌ 连接失败，重试中...
[12:07:08.704] ❌ 连接失败，重试中...
[12:07:11.922] ❌ 连接失败，重试中...
[12:07:15.150] ❌ 连接失败，重试中...
[12:07:18.368] ❌ 连接失败，重试中...
[12:07:21.589] ❌ 连接失败，重试中...
[12:07:24.840] ❌ 连接失败，重试中...
[12:07:28.056] ❌ 连接失败，重试中...
[12:07:31.302] ❌ 连接失败，重试中...
[12:07:34.500] ❌ 连接失败，重试中...
[12:07:37.710] ❌ 连接失败，重试中...
[12:07:40.932] ❌ 连接失败，重试中...
[12:07:44.157] ❌ 连接失败，重试中...
[12:07:47.370] ❌ 连接失败，重试中...
[12:07:50.605] ❌ 连接失败，重试中...
[12:07:53.821] ❌ 连接失败，重试中...
[12:07:57.050] ❌ 连接失败，重试中...
[12:08:00.262] ❌ 连接失败，重试中...
[12:08:03.492] ❌ 连接失败，重试中...
[12:08:06.735] ❌ 连接失败，重试中...
[12:08:09.959] ❌ 连接失败，重试中...
[12:08:13.203] ❌ 连接失败，重试中...
[12:08:16.417] ❌ 连接失败，重试中...
[12:08:19.628] ❌ 连接失败，重试中...
[12:08:22.854] ❌ 连接失败，重试中...
[12:08:26.068] ❌ 连接失败，重试中...
[12:08:29.302] ❌ 连接失败，重试中...
[12:08:32.568] ❌ 连接失败，重试中...
[12:08:35.782] ❌ 连接失败，重试中...
[12:08:39.008] ❌ 连接失败，重试中...
[12:08:42.269] ❌ 连接失败，重试中...
[12:08:45.468] ❌ 连接失败，重试中...
[12:08:48.705] ❌ 连接失败，重试中...
[12:08:51.938] ❌ 连接失败，重试中...
[12:08:55.193] ❌ 连接失败，重试中...
[12:08:58.429] ❌ 连接失败，重试中...
[12:09:01.579] ❌ 连接失败，重试中...
[12:09:04.869] ❌ 连接失败，重试中...
[12:09:08.052] ❌ 连接失败，重试中...
[12:09:11.278] ❌ 连接失败，重试中...
[12:09:14.511] ❌ 连接失败，重试中...
[12:09:17.724] ❌ 连接失败，重试中...
[12:09:20.943] ❌ 连接失败，重试中...
[12:09:24.186] ❌ 连接失败，重试中...
[12:09:27.391] ❌ 连接失败，重试中...
[12:09:30.628] ❌ 连接失败，重试中...
[12:09:33.826] ❌ 连接失败，重试中...
[12:09:37.042] ❌ 连接失败，重试中...
[12:09:40.310] ❌ 连接失败，重试中...
[12:09:43.536] ❌ 连接失败，重试中...
[12:09:46.767] ❌ 连接失败，重试中...
[12:09:49.993] ❌ 连接失败，重试中...
[12:09:53.225] ❌ 连接失败，重试中...
[12:09:56.434] ❌ 连接失败，重试中...
[12:09:59.664] ❌ 连接失败，重试中...
[12:10:02.862] ❌ 连接失败，重试中...
[12:10:06.122] ❌ 连接失败，重试中...
[12:10:09.367] ❌ 连接失败，重试中...
[12:10:12.622] ❌ 连接失败，重试中...
[12:10:15.830] ❌ 连接失败，重试中...
[12:10:19.058] ❌ 连接失败，重试中...
[12:10:22.286] ❌ 连接失败，重试中...
[12:10:25.521] ❌ 连接失败，重试中...
[12:10:28.754] ❌ 连接失败，重试中...
[12:10:32.018] ❌ 连接失败，重试中...
[12:10:35.254] ❌ 连接失败，重试中...
[12:10:38.460] ❌ 连接失败，重试中...
[12:10:41.685] ❌ 连接失败，重试中...
[12:10:44.900] ❌ 连接失败，重试中...
[12:10:48.137] ❌ 连接失败，重试中...
[12:10:51.374] ❌ 连接失败，重试中...
[12:10:54.625] ❌ 连接失败，重试中...
[12:10:57.828] ❌ 连接失败，重试中...
[12:11:01.034] ❌ 连接失败，重试中...
[12:11:04.264] ❌ 连接失败，重试中...
[12:11:07.491] ❌ 连接失败，重试中...
[12:11:10.728] ❌ 连接失败，重试中...
[12:11:13.937] ❌ 连接失败，重试中...
[12:11:17.161] ❌ 连接失败，重试中...
[12:11:20.403] ❌ 连接失败，重试中...
[12:11:23.687] ❌ 连接失败，重试中...
[12:11:26.918] ❌ 连接失败，重试中...
[12:11:30.181] ❌ 连接失败，重试中...
[12:11:33.401] ❌ 连接失败，重试中...
[12:11:36.591] ❌ 连接失败，重试中...
[12:11:39.785] ❌ 连接失败，重试中...
[12:11:42.980] ❌ 连接失败，重试中...
[12:11:46.210] ❌ 连接失败，重试中...
[12:11:49.436] ❌ 连接失败，重试中...
[12:11:52.660] ❌ 连接失败，重试中...
[12:11:55.857] ❌ 连接失败，重试中...
[12:11:59.119] ❌ 连接失败，重试中...
[12:12:02.346] ❌ 连接失败，重试中...
[12:12:05.583] ❌ 连接失败，重试中...
[12:12:08.793] ❌ 连接失败，重试中...
[12:12:12.008] ❌ 连接失败，重试中...
[12:12:15.216] ❌ 连接失败，重试中...
[12:12:18.438] ❌ 连接失败，重试中...
[12:12:21.669] ❌ 连接失败，重试中...
[12:12:24.891] ❌ 连接失败，重试中...
[12:12:28.124] ❌ 连接失败，重试中...
[12:12:31.367] ❌ 连接失败，重试中...
[12:12:34.604] ❌ 连接失败，重试中...
[12:12:37.824] ❌ 连接失败，重试中...
[12:12:41.039] ❌ 连接失败，重试中...
[12:12:44.317] ❌ 连接失败，重试中...
[12:12:47.521] ❌ 连接失败，重试中...
[12:12:50.758] ❌ 连接失败，重试中...
[12:12:54.035] ❌ 连接失败，重试中...
[12:12:57.276] ❌ 连接失败，重试中...
[12:13:00.508] ❌ 连接失败，重试中...
[12:13:03.774] ❌ 连接失败，重试中...
[12:13:07.029] ❌ 连接失败，重试中...
[12:13:10.277] ❌ 连接失败，重试中...
[12:13:13.525] ❌ 连接失败，重试中...
[12:13:16.767] ❌ 连接失败，重试中...
[12:13:20.013] ❌ 连接失败，重试中...
[12:13:23.201] ❌ 连接失败，重试中...
[12:13:26.404] ❌ 连接失败，重试中...
[12:13:29.656] ❌ 连接失败，重试中...
[12:13:32.868] ❌ 连接失败，重试中...
[12:13:36.077] ❌ 连接失败，重试中...
[12:13:39.280] ❌ 连接失败，重试中...
[12:13:42.445] ❌ 连接失败，重试中...
[12:13:45.692] ❌ 连接失败，重试中...
[12:13:48.918] ❌ 连接失败，重试中...
[12:13:52.142] ❌ 连接失败，重试中...
[12:13:55.373] ❌ 连接失败，重试中...
[12:13:58.587] ❌ 连接失败，重试中...
[12:14:01.830] ❌ 连接失败，重试中...
[12:14:05.051] ❌ 连接失败，重试中...
[12:14:08.228] ❌ 连接失败，重试中...
[12:14:11.440] ❌ 连接失败，重试中...
[12:14:14.680] ❌ 连接失败，重试中...
[12:14:17.932] ❌ 连接失败，重试中...
[12:14:21.177] ❌ 连接失败，重试中...
[12:14:24.413] ❌ 连接失败，重试中...
[12:14:27.630] ❌ 连接失败，重试中...
[12:14:30.864] ❌ 连接失败，重试中...
[12:14:34.063] ❌ 连接失败，重试中...
[12:14:37.282] ❌ 连接失败，重试中...
[12:14:40.481] ❌ 连接失败，重试中...
[12:14:43.729] ❌ 连接失败，重试中...
[12:14:46.969] ❌ 连接失败，重试中...
[12:14:50.214] ❌ 连接失败，重试中...
[12:14:53.394] ❌ 连接失败，重试中...
[12:14:56.629] ❌ 连接失败，重试中...
[12:14:59.876] ❌ 连接失败，重试中...
[12:15:03.118] ❌ 连接失败，重试中...
[12:15:06.331] ❌ 连接失败，重试中...
[12:15:09.581] ❌ 连接失败，重试中...
[12:15:12.781] ❌ 连接失败，重试中...
[12:15:15.995] ❌ 连接失败，重试中...
[12:15:19.220] ❌ 连接失败，重试中...
[12:15:22.464] ❌ 连接失败，重试中...
[12:15:25.654] ❌ 连接失败，重试中...
[12:15:28.891] ❌ 连接失败，重试中...
[12:15:32.134] ❌ 连接失败，重试中...
[12:15:35.359] ❌ 连接失败，重试中...
[12:15:38.598] ❌ 连接失败，重试中...
[12:15:41.834] ❌ 连接失败，重试中...
[12:15:45.047] ❌ 连接失败，重试中...
[12:15:48.288] ❌ 连接失败，重试中...
[12:15:51.530] ❌ 连接失败，重试中...
[12:15:54.759] ❌ 连接失败，重试中...
[12:15:57.910] ❌ 连接失败，重试中...
[12:16:01.157] ❌ 连接失败，重试中...
[12:16:04.368] ❌ 连接失败，重试中...
[12:16:07.608] ❌ 连接失败，重试中...
[12:16:10.857] ❌ 连接失败，重试中...
[12:16:14.104] ❌ 连接失败，重试中...
[12:16:17.308] ❌ 连接失败，重试中...
[12:16:20.532] ❌ 连接失败，重试中...
[12:16:23.784] ❌ 连接失败，重试中...
[12:16:27.023] ❌ 连接失败，重试中...
[12:16:30.262] ❌ 连接失败，重试中...
[12:16:33.489] ❌ 连接失败，重试中...
[12:16:36.758] ❌ 连接失败，重试中...
[12:16:39.981] ❌ 连接失败，重试中...
[12:16:43.235] ❌ 连接失败，重试中...
[12:16:46.452] ❌ 连接失败，重试中...
[12:16:49.687] ❌ 连接失败，重试中...
[12:16:52.928] ❌ 连接失败，重试中...
[12:16:56.153] ❌ 连接失败，重试中...
[12:16:59.388] ❌ 连接失败，重试中...
[12:17:02.595] ❌ 连接失败，重试中...
[12:17:05.807] ❌ 连接失败，重试中...
[12:17:09.019] ❌ 连接失败，重试中...
[12:17:12.302] ❌ 连接失败，重试中...
[12:17:15.527] ❌ 连接失败，重试中...
[12:17:18.735] ❌ 连接失败，重试中...
[12:17:21.964] ❌ 连接失败，重试中...
[12:17:25.178] ❌ 连接失败，重试中...
[12:17:28.381] ❌ 连接失败，重试中...
[12:17:31.628] ❌ 连接失败，重试中...
[12:17:34.871] ❌ 连接失败，重试中...
[12:17:38.099] ❌ 连接失败，重试中...
[12:17:41.302] ❌ 连接失败，重试中...
[12:17:44.544] ❌ 连接失败，重试中...
[12:17:47.780] ❌ 连接失败，重试中...
[12:17:51.004] ❌ 连接失败，重试中...
[12:17:54.243] ❌ 连接失败，重试中...
[12:17:57.465] ❌ 连接失败，重试中...
[12:18:00.707] ❌ 连接失败，重试中...
[12:18:03.906] ❌ 连接失败，重试中...
[12:18:07.142] ❌ 连接失败，重试中...
[12:18:10.344] ❌ 连接失败，重试中...
[12:18:13.563] ❌ 连接失败，重试中...
[12:18:16.793] ❌ 连接失败，重试中...
[12:18:20.054] ❌ 连接失败，重试中...
[12:18:23.276] ❌ 连接失败，重试中...
[12:18:26.494] ❌ 连接失败，重试中...
[12:18:29.748] ❌ 连接失败，重试中...
[12:18:32.980] ❌ 连接失败，重试中...
[12:18:36.181] ❌ 连接失败，重试中...
[12:18:39.427] ❌ 连接失败，重试中...
[12:18:42.642] ❌ 连接失败，重试中...
[12:18:45.809] ❌ 连接失败，重试中...
[12:18:49.055] ❌ 连接失败，重试中...
[12:18:52.270] ❌ 连接失败，重试中...
[12:18:55.532] ❌ 连接失败，重试中...
[12:18:58.768] ❌ 连接失败，重试中...
[12:19:02.001] ❌ 连接失败，重试中...
[12:19:05.212] ❌ 连接失败，重试中...
[12:19:08.441] ❌ 连接失败，重试中...
[12:19:11.652] ❌ 连接失败，重试中...
[12:19:14.903] ❌ 连接失败，重试中...
[12:19:18.135] ❌ 连接失败，重试中...
[12:19:21.368] ❌ 连接失败，重试中...
[12:19:24.584] ❌ 连接失败，重试中...
[12:19:27.841] ❌ 连接失败，重试中...
[12:19:31.046] ❌ 连接失败，重试中...
[12:19:34.210] ❌ 连接失败，重试中...
[12:19:37.435] ❌ 连接失败，重试中...
[12:19:40.654] ❌ 连接失败，重试中...
[12:19:43.895] ❌ 连接失败，重试中...
[12:19:47.126] ❌ 连接失败，重试中...
[12:19:50.387] ❌ 连接失败，重试中...
[12:19:53.568] ❌ 连接失败，重试中...
[12:19:56.779] ❌ 连接失败，重试中...
[12:20:00.003] ❌ 连接失败，重试中...
[12:20:03.244] ❌ 连接失败，重试中...
[12:20:06.505] ❌ 连接失败，重试中...
[12:20:09.724] ❌ 连接失败，重试中...
[12:20:12.945] ❌ 连接失败，重试中...
[12:20:16.180] ❌ 连接失败，重试中...
[12:20:19.396] ❌ 连接失败，重试中...
[12:20:22.672] ❌ 连接失败，重试中...
[12:20:25.947] ❌ 连接失败，重试中...
[12:20:29.196] ❌ 连接失败，重试中...
[12:20:32.421] ❌ 连接失败，重试中...
[12:20:35.636] ❌ 连接失败，重试中...
[12:20:38.909] ❌ 连接失败，重试中...
[12:20:42.186] ❌ 连接失败，重试中...
[12:20:45.431] ❌ 连接失败，重试中...
[12:20:48.656] ❌ 连接失败，重试中...
[12:20:51.898] ❌ 连接失败，重试中...
[12:20:55.161] ❌ 连接失败，重试中...
[12:20:58.392] ❌ 连接失败，重试中...
[12:21:01.597] ❌ 连接失败，重试中...
[12:21:04.812] ❌ 连接失败，重试中...
[12:21:08.055] ❌ 连接失败，重试中...
[12:21:11.308] ❌ 连接失败，重试中...
[12:21:14.563] ❌ 连接失败，重试中...
[12:21:17.770] ❌ 连接失败，重试中...
[12:21:20.982] ❌ 连接失败，重试中...
[12:21:24.205] ❌ 连接失败，重试中...
[12:21:27.476] ❌ 连接失败，重试中...
[12:21:30.615] ❌ 连接失败，重试中...
[12:21:33.821] ❌ 连接失败，重试中...
[12:21:37.021] ❌ 连接失败，重试中...
[12:21:40.260] ❌ 连接失败，重试中...
[12:21:43.512] ❌ 连接失败，重试中...
[12:21:46.757] ❌ 连接失败，重试中...
[12:21:49.964] ❌ 连接失败，重试中...
[12:21:53.174] ❌ 连接失败，重试中...
[12:21:56.380] ❌ 连接失败，重试中...
[12:21:59.621] ❌ 连接失败，重试中...
[12:22:02.809] ❌ 连接失败，重试中...
[12:22:06.026] ❌ 连接失败，重试中...
[12:22:09.315] ❌ 连接失败，重试中...
[12:22:12.492] ❌ 连接失败，重试中...
[12:22:15.796] ❌ 连接失败，重试中...
[12:22:19.046] ❌ 连接失败，重试中...
[12:22:22.358] ❌ 连接失败，重试中...
[12:22:25.630] ❌ 连接失败，重试中...
[12:22:28.689] ❌ 连接失败，重试中...
[12:22:31.870] ❌ 连接失败，重试中...
[12:22:35.103] ❌ 连接失败，重试中...
[12:22:38.260] ❌ 连接失败，重试中...
[12:22:41.492] ❌ 连接失败，重试中...
[12:22:44.696] ❌ 连接失败，重试中...
[12:22:47.882] ❌ 连接失败，重试中...
[12:22:51.125] ❌ 连接失败，重试中...
[12:22:54.364] ❌ 连接失败，重试中...
[12:22:57.616] ❌ 连接失败，重试中...
[12:23:00.796] ❌ 连接失败，重试中...
[12:23:03.994] ❌ 连接失败，重试中...
[12:23:07.221] ❌ 连接失败，重试中...
[12:23:10.404] ❌ 连接失败，重试中...
[12:23:13.699] ❌ 连接失败，重试中...
[12:23:17.007] ❌ 连接失败，重试中...
[12:23:20.183] ❌ 连接失败，重试中...
[12:23:23.454] ❌ 连接失败，重试中...
[12:23:26.596] ❌ 连接失败，重试中...
[12:23:29.906] ❌ 连接失败，重试中...
[12:23:33.132] ❌ 连接失败，重试中...
[12:23:36.253] ❌ 连接失败，重试中...
[12:23:39.511] ❌ 连接失败，重试中...
[12:23:42.804] ❌ 连接失败，重试中...
[12:23:46.069] ❌ 连接失败，重试中...
[12:23:49.232] ❌ 连接失败，重试中...
[12:23:52.481] ❌ 连接失败，重试中...
[12:23:55.677] ❌ 连接失败，重试中...
[12:23:58.927] ❌ 连接失败，重试中...
[12:24:02.200] ❌ 连接失败，重试中...
[12:24:05.514] ❌ 连接失败，重试中...
[12:24:08.633] ❌ 连接失败，重试中...
[12:24:11.882] ❌ 连接失败，重试中...
[12:24:15.065] ❌ 连接失败，重试中...
[12:24:18.282] ❌ 连接失败，重试中...
[12:24:21.573] ❌ 连接失败，重试中...
[12:24:24.787] ❌ 连接失败，重试中...
[12:24:28.026] ❌ 连接失败，重试中...
[12:24:31.290] ❌ 连接失败，重试中...
[12:24:34.541] ❌ 连接失败，重试中...
[12:24:37.820] ❌ 连接失败，重试中...
[12:24:41.096] ❌ 连接失败，重试中...
[12:24:44.388] ❌ 连接失败，重试中...
[12:24:47.572] ❌ 连接失败，重试中...
[12:24:50.837] ❌ 连接失败，重试中...
[12:24:54.036] ❌ 连接失败，重试中...
[12:24:57.255] ❌ 连接失败，重试中...
[12:25:00.540] ❌ 连接失败，重试中...
[12:25:03.787] ❌ 连接失败，重试中...
[12:25:07.079] ❌ 连接失败，重试中...
[12:25:10.217] ❌ 连接失败，重试中...
[12:25:13.425] ❌ 连接失败，重试中...
[12:25:16.744] ❌ 连接失败，重试中...
[12:25:20.043] ❌ 连接失败，重试中...
[12:25:23.180] ❌ 连接失败，重试中...
[12:25:26.354] ❌ 连接失败，重试中...
2.177] ❌ 连接失败，重试中...
[12:23:45.437] ❌ 连接失败，重试中...
[12:23:48.696] ❌ 连接失败，重试中...
[12:23:51.915] ❌ 连接失败，重试中...
[12:23:55.190] ❌ 连接失败，重试中...
[12:23:58.497] ❌ 连接失败，重试中...
[12:24:01.721] ❌ 连接失败，重试中...
[12:24:05.055] ❌ 连接失败，重试中...
[12:24:08.258] ❌ 连接失败，重试中...
[12:24:11.407] ❌ 连接失败，重试中...
[12:24:14.597] ❌ 连接失败，重试中...
[12:24:17.821] ❌ 连接失败，重试中...
[12:24:21.104] ❌ 连接失败，重试中...
[12:24:24.355] ❌ 连接失败，重试中...
[12:24:27.526] ❌ 连接失败，重试中...
[12:24:30.680] ❌ 连接失败，重试中...
[12:24:33.998] ❌ 连接失败，重试中...
[12:24:37.185] ❌ 连接失败，重试中...
[12:24:40.370] ❌ 连接失败，重试中...
[12:24:43.559] ❌ 连接失败，重试中...
[12:24:46.750] ❌ 连接失败，重试中...
[12:24:49.939] ❌ 连接失败，重试中...
[12:24:53.123] ❌ 连接失败，重试中...
[12:24:56.395] ❌ 连接失败，重试中...
[12:24:59.637] ❌ 连接失败，重试中...
[12:25:02.905] ❌ 连接失败，重试中...
[12:25:06.159] ❌ 连接失败，重试中...
[12:25:09.328] ❌ 连接失败，重试中...
[12:25:12.557] ❌ 连接失败，重试中...
[12:25:15.848] ❌ 连接失败，重试中...
[12:25:19.074] ❌ 连接失败，重试中...
[12:25:22.304] ❌ 连接失败，重试中...
[12:25:25.473] ❌ 连接失败，重试中...
