[15:44:11.289] ✅ 连接成功，开始接收数据
[15:44:13.929] ⚠ 串口异常: ClearCommError failed (PermissionError(13, '设备不识别此命令。', None, 22))
[15:44:13.929] ⚠ 连接断开，等待重连...
[15:44:14.229] ❌ 连接失败，重试中...
[15:44:17.553] ❌ 连接失败，重试中...
[15:44:18.220] ✅ 连接成功，开始接收数据
[15:44:18.220] 📈 累计重连次数: 2
[15:44:21.130] [SENSOR_INIT]
[15:44:21.130] [MAX30102] I2C CALL OK, INIT OK
[15:44:21.130] [ICM20948] INIT OK (WHO_AM_I + 10x probe passed)
[15:44:21.130] [/SENSOR_INIT]
[15:44:21.130] [ICM_INT_FLAG_PIN_CHECK_BEGIN]
[15:44:21.130] ICM_CFG_CHECK,CFG=0xE0,EN1=0x01
[15:44:21.130] ICM_BEFORE_WAIT,PIN=0,IRQ=2
[15:44:21.526] ICM_FLAG_PIN_RESULT,PIN_BEFORE_ST1=0,ST1=0x01,PIN_AFTER_ST1=1,IRQ_BEFORE=2,IRQ_AFTER=2
[15:44:21.526] [ICM_INT_FLAG_PIN_CHECK_END]
[15:44:21.798] [ECG_CTRL] START file=0:/ecg_001.csv tick=4072
[15:44:21.798] [LOOP] tick=4072
[15:44:21.798] [ECG_DBG] before_wait n=0 tick=4072
[15:44:21.798] [ECG_DBG] after_wait n=0 tick=4077
[15:44:21.798] [ECG_DBG] after_max n=0 tick=4077
[15:44:21.798] [ECG_DBG] before_wait n=1 tick=4078
[15:44:21.798] [ECG_DBG] after_wait n=1 tick=4081
[15:44:21.798] [ECG_DBG] after_max n=1 tick=4081
[15:44:21.798] [ECG_DBG] before_wait n=2 tick=4081
[15:44:21.798] [ECG_DBG] after_wait n=2 tick=4085
[15:44:21.798] [ECG_DBG] after_max n=2 tick=4085
