[13:39:36.514] ✅ 连接成功，开始接收数据
[13:39:37.022] [ECG_STAT] tick=130202 dt=1001 state=1 fifo=51660 valid=11048 fast=40612 dfifo=420 dvalid=67 dfast=353 irq=10445 dirq=84 rate=419 valid_rate=66 fast_rate=352 irq_rate=83 spi_x1000=5000 eovf=124 etag_ovf=0 empty=0 unknown=0 last=10321 status=0x100109
[13:39:39.308] ⚠ 串口异常: ClearCommError failed (PermissionError(13, '设备不识别此命令。', None, 22))
[13:39:39.308] 📊 本次连接统计: 1行数据
[13:39:39.308] ⚠ 连接断开，等待重连...
[13:39:39.592] ❌ 连接失败，重试中...
[13:39:42.896] ❌ 连接失败，重试中...
[13:39:46.214] ❌ 连接失败，重试中...
[13:39:49.540] ❌ 连接失败，重试中...
[13:39:51.624] ✅ 连接成功，开始接收数据
[13:39:51.624] 📈 累计重连次数: 2
[13:39:54.148] [SENSOR_INIT]
[13:39:54.148] [MAX30102] I2C CALL OK, INIT OK
[13:39:54.148] [ICM20948] INIT OK (WHO_AM_I + 10x probe passed)
[13:39:54.165] [/SENSOR_INIT]
[13:39:54.210] [ICM_INT_FLAG_PIN_CHECK_BEGIN]
[13:39:54.258] ICM_CFG_CHECK,CFG=0xE0,EN1=0x01
[13:39:54.274] ICM_BEFORE_WAIT,PIN=0,IRQ=2
[13:39:54.416] ICM_FLAG_PIN_RESULT,PIN_BEFORE_ST1=0,ST1=0x01,PIN_AFTER_ST1=1,IRQ_BEFORE=2,IRQ_AFTER=2
[13:39:54.462] [ICM_INT_FLAG_PIN_CHECK_END]
