[12:49:44.083] ❌ 连接失败，重试中...
[12:49:47.246] ❌ 连接失败，重试中...
[12:49:50.455] ❌ 连接失败，重试中...
[12:49:53.666] ❌ 连接失败，重试中...
[12:49:56.886] ❌ 连接失败，重试中...
[12:49:58.916] ✅ 连接成功，开始接收数据
[12:50:01.671] [SENSOR_INIT]
[12:50:01.671] [MAX30102] I2C CALL OK, INIT OK
[12:50:01.687] [ICM20948] INIT OK (WHO_AM_I + 10x probe passed)
[12:50:01.687] [/SENSOR_INIT]
[12:50:01.719] [ICM_INT_FLAG_PIN_CHECK_BEGIN]
[12:50:01.766] ICM_CFG_CHECK,CFG=0xE0,EN1=0x01
[12:50:01.797] ICM_BEFORE_WAIT,PIN=0,IRQ=163
[12:50:01.924] ICM_FLAG_PIN_RESULT,PIN_BEFORE_ST1=0,ST1=0x01,PIN_AFTER_ST1=1,IRQ_BEFORE=163,IRQ_AFTER=163
[12:50:01.939] [ICM_INT_FLAG_PIN_CHECK_END]
[12:50:02.275] [ECG_CTRL] START file=0:/ecg_001.csv tick=3980
[12:56:21.945] ⚠ 串口异常: ClearCommError failed (PermissionError(13, '设备不识别此命令。', None, 22))
[12:56:21.945] 📊 本次连接统计: 10行数据
[12:56:21.945] ⚠ 连接断开，等待重连...
[12:56:22.195] ❌ 连接失败，重试中...
[12:56:25.383] ❌ 连接失败，重试中...
[12:56:28.588] ❌ 连接失败，重试中...
[12:56:31.799] ❌ 连接失败，重试中...
[12:56:33.825] ✅ 连接成功，开始接收数据
[12:56:33.825] 📈 累计重连次数: 2
[12:56:36.688] [SENSOR_INIT]
[12:56:36.688] [MAX30102] I2C CALL OK, INIT OK
[12:56:36.704] [ICM20948] INIT OK (WHO_AM_I + 10x probe passed)
[12:56:36.704] [/SENSOR_INIT]
[12:56:36.736] [ICM_INT_FLAG_PIN_CHECK_BEGIN]
[12:56:36.784] ICM_CFG_CHECK,CFG=0xE0,EN1=0x01
[12:56:36.799] ICM_BEFORE_WAIT,PIN=0,IRQ=162
[12:56:36.941] ICM_FLAG_PIN_RESULT,PIN_BEFORE_ST1=0,ST1=0x01,PIN_AFTER_ST1=1,IRQ_BEFORE=162,IRQ_AFTER=162
[12:56:36.957] [ICM_INT_FLAG_PIN_CHECK_END]
[12:56:37.286] [ECG_CTRL] START file=0:/ecg_001.csv tick=3964
