[11:33:23.964] ❌ 连接失败，重试中...
[11:33:27.172] ❌ 连接失败，重试中...
[11:33:30.353] ❌ 连接失败，重试中...
[11:33:33.565] ❌ 连接失败，重试中...
[11:33:36.771] ❌ 连接失败，重试中...
[11:33:39.968] ❌ 连接失败，重试中...
[11:33:43.176] ❌ 连接失败，重试中...
[11:33:46.384] ❌ 连接失败，重试中...
[11:33:49.593] ❌ 连接失败，重试中...
[11:33:52.794] ❌ 连接失败，重试中...
[11:33:56.004] ❌ 连接失败，重试中...
[11:33:59.205] ❌ 连接失败，重试中...
[11:34:02.417] ❌ 连接失败，重试中...
[11:34:05.621] ❌ 连接失败，重试中...
[11:34:08.821] ❌ 连接失败，重试中...
[11:34:12.028] ❌ 连接失败，重试中...
[11:34:15.283] ❌ 连接失败，重试中...
[11:34:18.433] ❌ 连接失败，重试中...
[11:34:21.648] ❌ 连接失败，重试中...
[11:34:24.849] ❌ 连接失败，重试中...
[11:34:28.049] ❌ 连接失败，重试中...
[11:34:31.254] ❌ 连接失败，重试中...
[11:34:34.453] ❌ 连接失败，重试中...
[11:34:37.640] ❌ 连接失败，重试中...
[11:34:40.843] ❌ 连接失败，重试中...
[11:34:43.979] ❌ 连接失败，重试中...
[11:34:47.178] ❌ 连接失败，重试中...
[11:34:50.408] ❌ 连接失败，重试中...
[11:34:53.681] ❌ 连接失败，重试中...
[11:34:56.853] ❌ 连接失败，重试中...
[11:35:00.053] ❌ 连接失败，重试中...
[11:35:03.250] ❌ 连接失败，重试中...
[11:35:06.445] ❌ 连接失败，重试中...
[11:35:09.624] ❌ 连接失败，重试中...
[11:35:12.821] ❌ 连接失败，重试中...
[11:35:16.006] ❌ 连接失败，重试中...
[11:35:19.200] ❌ 连接失败，重试中...
[11:35:22.387] ❌ 连接失败，重试中...
[11:35:25.589] ❌ 连接失败，重试中...
[11:35:28.782] ❌ 连接失败，重试中...
[11:35:31.978] ❌ 连接失败，重试中...
[11:35:35.161] ❌ 连接失败，重试中...
[11:35:38.355] ❌ 连接失败，重试中...
[11:35:41.542] ❌ 连接失败，重试中...
[11:35:44.736] ❌ 连接失败，重试中...
[11:35:47.947] ❌ 连接失败，重试中...
[11:35:51.093] ❌ 连接失败，重试中...
[11:35:54.290] ❌ 连接失败，重试中...
[11:35:57.446] ❌ 连接失败，重试中...
[11:36:00.679] ❌ 连接失败，重试中...
[11:36:03.894] ❌ 连接失败，重试中...
[11:36:07.120] ❌ 连接失败，重试中...
[11:36:10.306] ❌ 连接失败，重试中...
[11:36:13.544] ❌ 连接失败，重试中...
[11:36:16.757] ❌ 连接失败，重试中...
[11:36:19.953] ❌ 连接失败，重试中...
[11:36:23.149] ❌ 连接失败，重试中...
[11:36:26.363] ❌ 连接失败，重试中...
[11:36:29.549] ❌ 连接失败，重试中...
[11:36:32.746] ❌ 连接失败，重试中...
[11:36:35.960] ❌ 连接失败，重试中...
[11:36:39.167] ❌ 连接失败，重试中...
[11:36:42.352] ❌ 连接失败，重试中...
[11:36:45.520] ❌ 连接失败，重试中...
[11:36:48.705] ❌ 连接失败，重试中...
[11:36:51.905] ❌ 连接失败，重试中...
[11:36:55.099] ❌ 连接失败，重试中...
[11:36:58.354] ❌ 连接失败，重试中...
[11:37:01.587] ❌ 连接失败，重试中...
[11:37:04.786] ❌ 连接失败，重试中...
[11:37:07.933] ❌ 连接失败，重试中...
[11:37:11.115] ❌ 连接失败，重试中...
[11:37:14.332] ❌ 连接失败，重试中...
[11:37:17.539] ❌ 连接失败，重试中...
[11:37:20.747] ❌ 连接失败，重试中...
[11:37:23.913] ❌ 连接失败，重试中...
[11:37:27.102] ❌ 连接失败，重试中...
[11:37:30.323] ❌ 连接失败，重试中...
[11:37:33.531] ❌ 连接失败，重试中...
[11:37:36.770] ❌ 连接失败，重试中...
[11:37:40.000] ❌ 连接失败，重试中...
[11:37:43.153] ❌ 连接失败，重试中...
[11:37:46.358] ❌ 连接失败，重试中...
[11:37:49.573] ❌ 连接失败，重试中...
[11:37:52.774] ❌ 连接失败，重试中...
[11:37:55.987] ❌ 连接失败，重试中...
[11:37:59.190] ❌ 连接失败，重试中...
[11:38:02.364] ❌ 连接失败，重试中...
[11:38:05.563] ❌ 连接失败，重试中...
[11:38:08.751] ❌ 连接失败，重试中...
[11:38:11.970] ❌ 连接失败，重试中...
[11:38:15.180] ❌ 连接失败，重试中...
[11:38:18.349] ❌ 连接失败，重试中...
[11:38:21.575] ❌ 连接失败，重试中...
[11:38:24.787] ❌ 连接失败，重试中...
[11:38:28.000] ❌ 连接失败，重试中...
[11:38:31.161] ❌ 连接失败，重试中...
[11:38:34.319] ❌ 连接失败，重试中...
[11:38:37.510] ❌ 连接失败，重试中...
[11:38:40.671] ❌ 连接失败，重试中...
[11:38:43.927] ❌ 连接失败，重试中...
[11:38:47.162] ❌ 连接失败，重试中...
[11:38:50.353] ❌ 连接失败，重试中...
[11:38:53.586] ❌ 连接失败，重试中...
[11:38:56.799] ❌ 连接失败，重试中...
[11:38:59.971] ❌ 连接失败，重试中...
[11:39:03.182] ❌ 连接失败，重试中...
[11:39:06.345] ❌ 连接失败，重试中...
[11:39:09.539] ❌ 连接失败，重试中...
[11:39:12.728] ❌ 连接失败，重试中...
[11:39:15.893] ❌ 连接失败，重试中...
[11:39:19.087] ❌ 连接失败，重试中...
[11:39:22.312] ❌ 连接失败，重试中...
[11:39:25.532] ❌ 连接失败，重试中...
[11:39:28.752] ❌ 连接失败，重试中...
[11:39:31.974] ❌ 连接失败，重试中...
[11:39:35.221] ❌ 连接失败，重试中...
[11:39:38.419] ❌ 连接失败，重试中...
[11:39:41.580] ❌ 连接失败，重试中...
[11:39:44.819] ❌ 连接失败，重试中...
[11:39:48.151] ❌ 连接失败，重试中...
[11:39:51.332] ❌ 连接失败，重试中...
[11:39:54.508] ❌ 连接失败，重试中...
[11:39:57.716] ❌ 连接失败，重试中...
[11:39:58.821] ✅ 连接成功，开始接收数据
[11:40:01.445] [SENSOR_INIT]
[11:40:01.445] [MAX30102] I2C CALL OK, INIT OK
[11:40:01.445] [ICM20948] INIT OK (WHO_AM_I + 10x probe passed)
[11:40:01.445] [/SENSOR_INIT]
[11:40:01.492] [ICM_INT_FLAG_PIN_CHECK_BEGIN]
[11:40:01.549] ICM_CFG_CHECK,CFG=0xE0,EN1=0x01
[11:40:01.549] ICM_BEFORE_WAIT,PIN=0,IRQ=163
[11:40:01.685] ICM_FLAG_PIN_RESULT,PIN_BEFORE_ST1=0,ST1=0x01,PIN_AFTER_ST1=1,IRQ_BEFORE=163,IRQ_AFTER=163
[11:40:01.711] [ICM_INT_FLAG_PIN_CHECK_END]
[11:40:01.711] [DBG0] before MAX30003_Init
[11:40:01.711] [DBG1] SKIPPED MAX30003_Init
[11:40:01.711] [DBG2] request_start = 1, state=0
[11:40:01.838] [ECG_CTRL] START file=0:/ecg_001.csv tick=3786
[12:23:18.318] ⚠ 串口异常: ClearCommError failed (PermissionError(13, '设备不识别此命令。', None, 22))
[12:23:18.327] 📊 本次连接统计: 13行数据
[12:23:18.327] ⚠ 连接断开，等待重连...
[12:23:18.580] ❌ 连接失败，重试中...
[12:23:21.686] ❌ 连接失败，重试中...
[12:23:24.909] ❌ 连接失败，重试中...
[12:23:28.169] ❌ 连接失败，重试中...
[12:23:31.429] ❌ 连接失败，重试中...
[12:23:34.693] ❌ 连接失败，重试中...
[12:23:37.981] ❌ 连接失败，重试中...
[12:23:41.240] ❌ 连接失败，重试中...
[12:23:44.403] ❌ 连接失败，重试中...
[12:23:47.686] ❌ 连接失败，重试中...
[12:23:50.914] ❌ 连接失败，重试中...
[12:23:54.119] ❌ 连接失败，重试中...
[12:23:57.354] ❌ 连接失败，重试中...
[12:24:00.621] ❌ 连接失败，重试中...
[12:24:03.902] ❌ 连接失败，重试中...
[12:24:07.207] ❌ 连接失败，重试中...
[12:24:10.344] ❌ 连接失败，重试中...
[12:24:13.541] ❌ 连接失败，重试中...
[12:24:16.714] ❌ 连接失败，重试中...
[12:24:19.925] ❌ 连接失败，重试中...
[12:24:23.296] ❌ 连接失败，重试中...
[12:24:26.598] ❌ 连接失败，重试中...
[12:24:29.897] ❌ 连接失败，重试中...
[12:24:33.174] ❌ 连接失败，重试中...
[12:24:36.372] ❌ 连接失败，重试中...
[12:24:39.614] ❌ 连接失败，重试中...
[12:24:42.839] ❌ 连接失败，重试中...
[12:24:46.047] ❌ 连接失败，重试中...
[12:24:49.336] ❌ 连接失败，重试中...
[12:24:52.586] ❌ 连接失败，重试中...
[12:24:55.812] ❌ 连接失败，重试中...
[12:24:59.065] ❌ 连接失败，重试中...
[12:25:02.326] ❌ 连接失败，重试中...
[12:25:05.466] ❌ 连接失败，重试中...
[12:25:08.726] ❌ 连接失败，重试中...
[12:25:12.036] ❌ 连接失败，重试中...
[12:25:15.304] ❌ 连接失败，重试中...
[12:25:18.609] ❌ 连接失败，重试中...
[12:25:21.826] ❌ 连接失败，重试中...
[12:25:24.942] ❌ 连接失败，重试中...
