[14:41:48.273] ✅ 连接成功，开始接收数据
[14:41:50.959] ⚠ 串口异常: ClearCommError failed (PermissionError(13, '设备不识别此命令。', None, 22))
[14:41:50.959] ⚠ 连接断开，等待重连...
[14:41:51.238] ❌ 连接失败，重试中...
[14:41:51.914] ✅ 连接成功，开始接收数据
[14:41:51.914] 📈 累计重连次数: 2
[14:41:54.076] [SYS] RTOS Started, USB CDC Ready!
[14:41:54.076] [ECG_V1] Sensor task started
[14:41:54.076] [SENSOR] before MAX30003_Init
[14:41:54.076] [MAX30003] Initializing...
[14:41:54.077] [MAX30003_INIT] step=cs
[14:41:54.079] [MAX30003_INIT] step=sw_reset
[14:41:54.108] [MAX30003_INIT] step=status1
[14:41:54.108] [MAX30003_INIT] step=status2
[14:41:54.110] [MAX30003_INIT] step=info1
[14:41:54.112] [MAX30003_INIT] step=info2
[14:41:54.114] [MAX30003_INIT] step=info3
[14:41:54.114] [MAX30003] INFO=0x513639
[14:41:54.115] [MAX30003_INIT] step=cnfg_ecg
[14:41:54.115] [MAX30003][OK] CNFG_ECG = 0x025000
[14:41:54.115] step=cnfg_gen
[14:41:54.123] [MAX30003][OK] CNFG_GEN = 0x08121] CNFG_CAL = 0x000000
[14:41:54.215] [MAX30003][OK] CNFG_EMUX = 0x000000
[14:41:54.215] [MAX30003_INIT] step=mngr_dyn_skip
[14:41:54.215] [MAX30003_INIT] step=pll_wait
[14:41:54.230] [MAX30003_INIT] step=en_int
[14:41:54.230] [MAX30003][OK] EN_INT = 0x000002
[14:41:54.230] [MAX30003_INIT] step=mngr_int
[14:41:54.230] [MAX30003][OK] MNGR_INT = 0x200000
[14:41:54.245] [MAX30003] Init done. STATUS=0x000100
[14:41:54.245] [SENSOR] after MAX30003_Init
[14:41:54.245] [SENSOR] after MAX30003_INIT_DONE log
[14:41:54.260] [SDDBG] new log opened path=0:/log_001.txt
[14:41:54.260] [MS_SD] mount begin file=0:/ecg_001.csv
[14:41:54.263] [MS_SD] mount ok
[14:41:54.338] [MS_SD] open begin file=0:/ecg_001.csv
[14:41:54.338] [MS_SD] open ok
[14:41:54.338] [MS_SD] header ok bw=41
[14:41:54.339] [MS_SD] first sync res=0
[14:41:54.339] ned and released
[14:41:54.339] [REC] record start file_opened=1 tick=3231
[14:41:54.339] [MIC] open ok file=0:/mic_001.wav
[14:41:54.339] [MIC] dma_start ret=0 words=16384 bytes=65536
[14:41:54.340] [REC] before MAX30003_StartStream tick=3311
[14:41:54.340] [MAX30003_INIT] step=fifo_synch
[14:42:04.828] [MAX30003] StartStream status1=0x100109 status2=0x100009 status3=0x100009
[14:42:04.828] [REC] after MAX30003_StartStream tick=3312 start_tick=3312
[14:42:04.859] [ECG_AUTO_STOP] t=13314
[14:42:04.859] [MAX30003] StopStream done. STATUS=0x100109
[14:42:04.860] [REC_STOP]
[14:42:04.860] [MS_SD] close final_sync=0 close=0 bytes=150476 ecg_written=5105
[14:42:04.937] ves=48 drops=0
[14:42:04.969] [DUMP_REQ]
[14:42:04.984] [LOG_FILE_BEGIN]
[14:42:05.017] tick,event
[14:42:05.017] 3204,LOG_FILE_BEGIN,seq=1
[14:42:05.095] 13816,SNAPSHOT,state=3,seq=2,epoch=3211,ecg_start=3312,ecg_stop=13314,mic_power=3239,mic_open=3304,mic_dma=3310,mic_first_half=3529,mic_stop=13814,mic_by[DUMP_BEGIN]
