
============================================================
STM32 USB CDC Monitor - 完美解决方案
============================================================
开始时间: 2026-05-25 21:09:04
目标端口: COM12
波特率: 115200
日志文件: logs\loop12_flushfix_reset_2026-05-25_21-09-04.cdc.log
============================================================
提示: 按 Ctrl+C 退出程序
============================================================

✓ 日志文件已打开: logs\loop12_flushfix_reset_2026-05-25_21-09-04.cdc.log (覆盖模式)
正在连接 COM12 (波特率: 115200)...
✗ 连接失败: could not open port 'COM12': PermissionError(13, '拒绝访问。', None, 5)
[21:09:05.252] ❌ 连接失败，重试中...
正在连接 COM12 (波特率: 115200)...
✗ 连接失败: could not open port 'COM12': PermissionError(13, '拒绝访问。', None, 5)
正在连接 COM12 (波特率: 115200)...
✗ 连接失败: could not open port 'COM12': FileNotFoundError(2, '系统找不到指定的文件。', None, 2)
正在连接 COM12 (波特率: 115200)...
✓ 成功连接到 COM12
  连接时间: 21:09:06
  重连次数: 1
[21:09:06.850] ✅ 连接成功，开始接收数据
[21:09:09.227] [ECG_V1] Sensor task started
[21:09:09.243] [SENSOR] before MAX30003_Init
[21:09:09.402] AX30003_Init
[21:09:09.450] [SENSOR] after MAX30003_INIT_DONE log
[21:09:09.465] [SDDBG] new log opened path=0:/log_001.txt
[21:09:09.465] [MS_SD] mount begin file=0:/ecg_001.csv
[21:09:09.465] [MS_SD] mount ok
[21:09:09.481] [MS_SD] open begin file=0:/ecg_001.csv
[21:09:09.481] [MS_SD] open ok
[21:09:09.497] [MS_SD] header ok bw=41
[21:09:09.513] [MS_SD] first sync res=0
[21:09:09.529] [MS_SD] file opened and released
[21:09:09.529] [REC] record start file_opened=1 tick=3326
[21:09:09.530] [REC] before MAX30003_StartStream tick=3327
[21:09:19.059] [REC] after MAX30003_StartStream tick=3328 start_tick=3249
[21:09:19.378] [MS_SUBMIT] ECG ok idx=0 count=1024 q=1 ok=1
[21:09:19.458] [MS_WRITER] wrote type=1 total=1 bytes=29065 ecg_written=1024 fail=0
[21:09:19.474] t=13250
[21:09:19.490] [MAX30003] StopStream done. STATUS=0x100109
[21:09:19.490] [MS_SUBMIT] ECG ok idx=1 count=36 q=1 ok=2
[21:09:19.522] [MS_WRITER] wrote type=1 total=2 bytes=30149 ecg_written=1060 fail=0
[21:09:19.522] [REC_STOP]
[21:09:19.635] [MS_SD] close final_sync=0 close=0 bytes=30149 ecg_written=1060
[21:09:19.635] [DUMP_REQ]
[21:09:19.666] [DUMP_BEGIN]
[21:09:19.682] [DATA_FILE_BEGIN]
[21:09:19.714] timestamp_ms,type,seq,v1,v2,v3,v4,v5,v6
[21:09:19.730] 3334,ECG,0,0,0,0,0,0,0
[21:09:19.730] 3334,ECG,1,-1,0,0,0,0,0
[21:09:19.762] 3334,ECG,2,-6,0,0,0,0,0
[21:09:19.762] 3339,ECG,3,2,0,0,0,0,0
[21:09:19.794] 3339,ECG,4,6,0,0,0,0,0
[21:09:19.794] 3339,ECG,5,-17,0,0,0,0,0
[21:09:19.810] 3344,ECG,6,38,0,0,0,0,0
[21:09:19.810] 3344,ECG,7,-16,0,0,0,0,0
[21:09:19.841] 3349,ECG,8,-26,0,0,0,0,0
[21:09:19.873] 3349,ECG,9,151,0,0,0,0,0
[21:09:19.873] 3349,ECG,10,-753,0,0,0,0,0
[21:09:19.889] 3354,ECG,11,-2109,0,0,0,0,0
[21:09:19.889] 3354,ECG,12,-1850,0,0,0,0,0
[21:09:19.921] 3354,ECG,13,-36,0,0,0,0,0
[21:09:19.937] 3359,ECG,14,3394,0,0,0,0,0
[21:09:19.937] 3359,ECG,15,8729,0,0,0,0,0
[21:09:19.969] 3364,ECG,16,15156,0,0,0,0,0
[21:09:19.969] 3364,ECG,17,21689,0,0,0,0,0
[21:09:20.001] 3364,ECG,18,27397,0,0,0,0,0
[21:09:20.017] 3369,ECG,19,31311,0,0,0,0,0
[21:09:20.017] 3369,ECG,20,32011,0,0,0,0,0
[21:09:20.048] 3374,ECG,21,31810,0,0,0,0,0
[21:09:20.048] 3374,ECG,22,31610,0,0,0,0,0
[21:09:20.080] 3374,ECG,23,31343,0,0,0,0,0
[21:09:20.096] 3379,ECG,24,31109,0,0,0,0,0
[21:09:20.096] 3379,ECG,25,31019,0,0,0,0,0
[21:09:20.128] 3384,ECG,26,30731,0,0,0,0,0
[21:09:20.128] 3384,ECG,27,30591,0,0,0,0,0
[21:09:20.144] 3384,ECG,28,30395,0,0,0,0,0
[21:09:20.176] 3389,ECG,29,30195,0,0,0,0,0
[21:09:20.176] 3389,ECG,30,30019,0,0,0,0,0
[21:09:20.208] 3394,ECG,31,29827,0,0,0,0,0
[21:09:20.208] 3394,ECG,32,29638,0,0,0,0,0
[21:09:20.224] 3394,ECG,33,29451,0,0,0,0,0
[21:09:20.258] 3399,ECG,34,29266,0,0,0,0,0
[21:09:20.258] 3399,ECG,35,29082,0,0,0,0,0
[21:09:20.288] 3404,ECG,36,28718,0,0,0,0,0
[21:09:20.288] 3404,ECG,37,28538,0,0,0,0,0
[21:09:20.304] 3409,ECG,38,28357,0,0,0,0,0
[21:09:20.336] 3409,ECG,39,28179,0,0,0,0,0
[21:09:20.336] 3409,ECG,40,28005,0,0,0,0,0
[21:09:20.366] 3414,ECG,41,27825,0,0,0,0,0
[21:09:20.366] 3414,ECG,42,27652,0,0,0,0,0
[21:09:20.381] 3419,ECG,43,27509,0,0,0,0,0
[21:09:20.412] 3419,ECG,44,27320,0,0,0,0,0
[21:09:20.412] 3419,ECG,45,27091,0,0,0,0,0
[21:09:20.444] 3424,ECG,46,26929,0,0,0,0,0
[21:09:20.444] 3424,ECG,47,26657,0,0,0,0,0
[21:09:20.460] 3429,ECG,48,26506,0,0,0,0,0
[21:09:20.492] 3429,ECG,49,26503,0,0,0,0,0
[21:09:20.492] 3429,ECG,50,26336,0,0,0,0,0
[21:09:20.524] 3434,ECG,51,26171,0,0,0,0,0
[21:09:20.524] 3434,ECG,52,25685,0,0,0,0,0
[21:09:20.540] 3439,ECG,53,23715,0,0,0,0,0
[21:09:20.572] 3439,ECG,54,20638,0,0,0,0,0
[21:09:20.572] 3944,ECG,55,5241,0,0,0,0,0
[21:09:20.588] 3944,ECG,56,5208,0,0,0,0,0
[21:09:20.588] 3944,ECG,57,5174,0,0,0,0,0
[21:09:20.620] 3949,ECG,58,5141,0,0,0,0,0
[21:09:20.652] 3949,ECG,59,5109,0,0,0,0,0
[21:09:20.652] 3949,ECG,60,5076,0,0,0,0,0
[21:09:20.668] 3954,ECG,61,5043,0,0,0,0,0
[21:09:20.668] 3954,ECG,62,5011,0,0,0,0,0
[21:09:20.700] 3959,ECG,63,4979,0,0,0,0,0
[21:09:20.700] 3959,ECG,64,4947,0,0,0,0,0
[21:09:20.732] 3959,ECG,65,4916,0,0,0,0,0
[21:09:20.748] 3964,ECG,66,4884,0,0,0,0,0
[21:09:20.748] 3964,ECG,67,4853,0,0,0,0,0
[21:09:20.780] 3969,ECG,68,4822,0,0,0,0,0
[21:09:20.780] 3969,ECG,69,4791,0,0,0,0,0
[21:09:20.796] 3969,ECG,70,4761,0,0,0,0,0
[21:09:20.829] 3974,ECG,71,4730,0,0,0,0,0
[21:09:20.829] 3974,ECG,72,4700,0,0,0,0,0
[21:09:20.860] 3979,ECG,73,4670,0,0,0,0,0
[21:09:20.860] 3979,ECG,74,4640,0,0,0,0,0
[21:09:20.876] 3979,ECG,75,4610,0,0,0,0,0
[21:09:20.876] 3984,ECG,76,4581,0,0,0,0,0
[21:09:20.908] 3984,ECG,77,4551,0,0,0,0,0
[21:09:20.940] 3989,ECG,78,4522,0,0,0,0,0
[21:09:20.940] 3989,ECG,79,4493,0,0,0,0,0
[21:09:20.956] 3989,ECG,80,4464,0,0,0,0,0
[21:09:20.956] 3994,ECG,81,4436,0,0,0,0,0
[21:09:20.988] 3994,ECG,82,4407,0,0,0,0,0
[21:09:21.004] 3999,ECG,83,4379,0,0,0,0,0
[21:09:21.004] 3999,ECG,84,4351,0,0,0,0,0
[21:09:21.036] 3999,ECG,85,4323,0,0,0,0,0
[21:09:21.036] 4004,ECG,86,4295,0,0,0,0,0
[21:09:21.068] 4004,ECG,87,4268,0,0,0,0,0
[21:09:21.068] 4004,ECG,88,4241,0,0,0,0,0
[21:09:21.084] 4009,ECG,89,4213,0,0,0,0,0
[21:09:21.116] 4009,ECG,90,4186,0,0,0,0,0
[21:09:21.116] 4014,ECG,91,4160,0,0,0,0,0
[21:09:21.148] 4014,ECG,92,4133,0,0,0,0,0
[21:09:21.148] 4014,ECG,93,4106,0,0,0,0,0
[21:09:21.163] 4019,ECG,94,4080,0,0,0,0,0
[21:09:21.195] 4019,ECG,95,4054,0,0,0,0,0
[21:09:21.195] 4024,ECG,96,4028,0,0,0,0,0
[21:09:21.227] 4024,ECG,97,4002,0,0,0,0,0
[21:09:21.227] 4024,ECG,98,3976,0,0,0,0,0
[21:09:21.243] 4029,ECG,99,3951,0,0,0,0,0
[21:09:21.275] 4029,ECG,100,3926,0,0,0,0,0
[21:09:21.275] 4034,ECG,101,3900,0,0,0,0,0
[21:09:21.291] 4034,ECG,102,3875,0,0,0,0,0
[21:09:21.291] 4034,ECG,103,3850,0,0,0,0,0
[21:09:21.322] 4039,ECG,104,3826,0,0,0,0,0
[21:09:21.354] 4039,ECG,105,3801,0,0,0,0,0
[21:09:21.354] 4044,ECG,106,3777,0,0,0,0,0
[21:09:21.370] 4044,ECG,107,3752,0,0,0,0,0
[21:09:21.370] 4044,ECG,108,3728,0,0,0,0,0
[21:09:21.402] 4049,ECG,109,3704,0,0,0,0,0
[21:09:21.433] 4049,ECG,110,3680,0,0,0,0,0
[21:09:21.433] 4049,ECG,111,3657,0,0,0,0,0
[21:09:21.449] 4054,ECG,112,3633,0,0,0,0,0
[21:09:21.449] 4054,ECG,113,3610,0,0,0,0,0
[21:09:21.481] 4059,ECG,114,3586,0,0,0,0,0
[21:09:21.513] 4059,ECG,115,3563,0,0,0,0,0
[21:09:21.513] 4059,ECG,116,3540,0,0,0,0,0
[21:09:21.529] 4064,ECG,117,3517,0,0,0,0,0
[21:09:21.529] 4064,ECG,118,3495,0,0,0,0,0
[21:09:21.561] 4069,ECG,119,3472,0,0,0,0,0
[21:09:21.593] 4069,ECG,120,3451,0,0,0,0,0
[21:09:21.593] 4069,ECG,121,3429,0,0,0,0,0
[21:09:21.609] 4574,ECG,122,602,0,0,0,0,0
[21:09:21.609] 4574,ECG,123,598,0,0,0,0,0
[21:09:21.641] 4579,ECG,124,594,0,0,0,0,0
[21:09:21.657] 4579,ECG,125,589,0,0,0,0,0
[21:09:21.657] 4584,ECG,126,585,0,0,0,0,0
[21:09:21.689] 4584,ECG,127,581,0,0,0,0,0
[21:09:21.689] 4584,ECG,128,577,0,0,0,0,0
[21:09:21.721] 4589,ECG,129,572,0,0,0,0,0
[21:09:21.721] 4589,ECG,130,568,0,0,0,0,0
[21:09:21.737] 4594,ECG,131,564,0,0,0,0,0
[21:09:21.769] 4594,ECG,132,560,0,0,0,0,0
[21:09:21.769] 4594,ECG,133,555,0,0,0,0,0
[21:09:21.801] 4599,ECG,134,551,0,0,0,0,0
[21:09:21.801] 4599,ECG,135,547,0,0,0,0,0
[21:09:21.817] 4599,ECG,136,543,0,0,0,0,0
[21:09:21.849] 4604,ECG,137,539,0,0,0,0,0
[21:09:21.849] 4604,ECG,138,535,0,0,0,0,0
[21:09:21.881] 4609,ECG,139,531,0,0,0,0,0
[21:09:21.881] 4609,ECG,140,527,0,0,0,0,0
[21:09:21.897] 4609,ECG,141,523,0,0,0,0,0
[21:09:21.897] 4614,ECG,142,519,0,0,0,0,0
[21:09:21.929] 4614,ECG,143,515,0,0,0,0,0
[21:09:21.945] 4619,ECG,144,512,0,0,0,0,0
[21:09:21.945] 4619,ECG,145,508,0,0,0,0,0
[21:09:21.977] 4619,ECG,146,504,0,0,0,0,0
[21:09:21.977] 4624,ECG,147,500,0,0,0,0,0
[21:09:22.009] 4624,ECG,148,497,0,0,0,0,0
[21:09:22.025] 4629,ECG,149,493,0,0,0,0,0
[21:09:22.025] 4629,ECG,150,489,0,0,0,0,0
[21:09:22.057] 4629,ECG,151,485,0,0,0,0,0
[21:09:22.057] 4634,ECG,152,482,0,0,0,0,0
[21:09:22.089] 4634,ECG,153,478,0,0,0,0,0
[21:09:22.089] 4634,ECG,154,474,0,0,0,0,0
[21:09:22.105] 4639,ECG,155,471,0,0,0,0,0
[21:09:22.137] 4639,ECG,156,467,0,0,0,0,0
[21:09:22.137] 4644,ECG,157,464,0,0,0,0,0
[21:09:22.153] 4644,ECG,158,460,0,0,0,0,0
[21:09:22.153] 4644,ECG,159,457,0,0,0,0,0
[21:09:22.185] 4649,ECG,160,453,0,0,0,0,0
[21:09:22.217] 4649,ECG,161,450,0,0,0,0,0
[21:09:22.217] 4654,ECG,162,446,0,0,0,0,0
[21:09:22.231] 4654,ECG,163,443,0,0,0,0,0
[21:09:22.231] 4654,ECG,164,439,0,0,0,0,0
[21:09:22.262] 4659,ECG,165,436,0,0,0,0,0
[21:09:22.262] 4659,ECG,166,433,0,0,0,0,0
[21:09:22.293] 4664,ECG,167,429,0,0,0,0,0
[21:09:22.309] 4664,ECG,168,426,0,0,0,0,0
[21:09:22.309] 4664,ECG,169,423,0,0,0,0,0
[21:09:22.341] 4669,ECG,170,420,0,0,0,0,0
[21:09:22.341] 4669,ECG,171,416,0,0,0,0,0
[21:09:22.372] 4674,ECG,172,413,0,0,0,0,0
[21:09:22.388] 4674,ECG,173,410,0,0,0,0,0
[21:09:22.388] 4674,ECG,174,407,0,0,0,0,0
[21:09:22.420] 4679,ECG,175,404,0,0,0,0,0
[21:09:22.420] 4679,ECG,176,400,0,0,0,0,0
[21:09:22.452] 4684,ECG,177,396,0,0,0,0,0
[21:09:22.452] 4684,ECG,178,396,0,0,0,0,0
[21:09:22.468] 4684,ECG,179,388,0,0,0,0,0
[21:09:22.499] 4689,ECG,180,387,0,0,0,0,0
[21:09:22.499] 4689,ECG,181,394,0,0,0,0,0
[21:09:22.531] 4689,ECG,182,362,0,0,0,0,0
[21:09:22.531] 4694,ECG,183,423,0,0,0,0,0
[21:09:22.547] 4694,ECG,184,420,0,0,0,0,0
[21:09:22.579] 4699,ECG,185,416,0,0,0,0,0
[21:09:22.579] 4699,ECG,186,204,0,0,0,0,0
[21:09:22.595] 4699,ECG,187,-50,0,0,0,0,0
[21:09:22.595] 4704,ECG,188,-346,0,0,0,0,0
[21:09:22.627] 5204,ECG,189,-1,0,0,0,0,0
[21:09:22.627] 5209,ECG,190,-2,0,0,0,0,0
[21:09:22.659] 5209,ECG,191,-2,0,0,0,0,0
[21:09:22.675] 5214,ECG,192,-3,0,0,0,0,0
[21:09:22.675] 5214,ECG,193,-3,0,0,0,0,0
[21:09:22.707] 5214,ECG,194,-4,0,0,0,0,0
[21:09:22.707] 5219,ECG,195,-4,0,0,0,0,0
[21:09:22.739] 5219,ECG,196,-5,0,0,0,0,0
[21:09:22.739] 5224,ECG,197,-5,0,0,0,0,0
[21:09:22.755] 5224,ECG,198,-6,0,0,0,0,0
[21:09:22.755] 5224,ECG,199,-6,0,0,0,0,0
[21:09:22.787] 5229,ECG,200,-7,0,0,0,0,0
[21:09:22.819] 5229,ECG,201,-7,0,0,0,0,0
[21:09:22.819] 5229,ECG,202,-8,0,0,0,0,0
[21:09:22.835] 5234,ECG,203,-8,0,0,0,0,0
[21:09:22.835] 5234,ECG,204,-9,0,0,0,0,0
[21:09:22.867] 5239,ECG,205,-9,0,0,0,0,0
[21:09:22.867] 5239,ECG,206,-10,0,0,0,0,0
[21:09:22.883] 5239,ECG,207,-10,0,0,0,0,0
[21:09:22.915] 5244,ECG,208,-11,0,0,0,0,0
[21:09:22.915] 5244,ECG,209,-11,0,0,0,0,0
[21:09:22.947] 5249,ECG,210,-12,0,0,0,0,0
[21:09:22.947] 5249,ECG,211,-12,0,0,0,0,0
[21:09:22.962] 5249,ECG,212,-13,0,0,0,0,0
[21:09:22.995] 5254,ECG,213,-13,0,0,0,0,0
[21:09:22.995] 5254,ECG,214,-14,0,0,0,0,0
[21:09:23.026] 5259,ECG,215,-14,0,0,0,0,0
[21:09:23.026] 5259,ECG,216,-15,0,0,0,0,0
[21:09:23.042] 5259,ECG,217,-15,0,0,0,0,0
[21:09:23.042] 5264,ECG,218,-16,0,0,0,0,0
[21:09:23.074] 5264,ECG,219,-16,0,0,0,0,0
[21:09:23.090] 5269,ECG,220,-17,0,0,0,0,0
[21:09:23.090] 5269,ECG,221,-17,0,0,0,0,0
[21:09:23.122] 5269,ECG,222,-18,0,0,0,0,0
[21:09:23.122] 5274,ECG,223,-18,0,0,0,0,0
[21:09:23.154] 5274,ECG,224,-19,0,0,0,0,0
[21:09:23.170] 5279,ECG,225,-19,0,0,0,0,0
[21:09:23.170] 5279,ECG,226,-20,0,0,0,0,0
[21:09:23.202] 5279,ECG,227,-20,0,0,0,0,0
[21:09:23.202] 5284,ECG,228,-21,0,0,0,0,0
[21:09:23.234] 5284,ECG,229,-21,0,0,0,0,0
[21:09:23.234] 5284,ECG,230,-22,0,0,0,0,0
[21:09:23.250] 5289,ECG,231,-22,0,0,0,0,0
[21:09:23.281] 5289,ECG,232,-23,0,0,0,0,0
[21:09:23.281] 5294,ECG,233,-23,0,0,0,0,0
[21:09:23.312] 5294,ECG,234,-24,0,0,0,0,0
[21:09:23.312] 5294,ECG,235,-24,0,0,0,0,0
[21:09:23.327] 5299,ECG,236,-25,0,0,0,0,0
[21:09:23.359] 5299,ECG,237,-25,0,0,0,0,0
[21:09:23.359] 5304,ECG,238,-26,0,0,0,0,0
[21:09:23.391] 5304,ECG,239,-26,0,0,0,0,0
[21:09:23.391] 5304,ECG,240,-27,0,0,0,0,0
[21:09:23.407] 5309,ECG,241,-27,0,0,0,0,0
[21:09:23.407] 5309,ECG,242,-28,0,0,0,0,0
[21:09:23.439] 5314,ECG,243,-28,0,0,0,0,0
[21:09:23.471] 5314,ECG,244,-29,0,0,0,0,0
[21:09:23.471] 5314,ECG,245,-29,0,0,0,0,0
[21:09:23.487] 5319,ECG,246,-29,0,0,0,0,0
[21:09:23.487] 5319,ECG,247,-30,0,0,0,0,0
[21:09:23.518] 5324,ECG,248,-31,0,0,0,0,0
[21:09:23.550] 5324,ECG,249,-30,0,0,0,0,0
[21:09:23.550] 5324,ECG,250,-34,0,0,0,0,0
[21:09:23.566] 5329,ECG,251,-32,0,0,0,0,0
[21:09:23.566] 5329,ECG,252,-27,0,0,0,0,0
[21:09:23.598] 5329,ECG,253,-46,0,0,0,0,0
[21:09:23.598] 5334,ECG,254,-4,0,0,0,0,0
[21:09:23.614] 5334,ECG,255,10,0,0,0,0,0
[21:09:23.646] 5839,ECG,256,-80,0,0,0,0,0
[21:09:23.646] 5839,ECG,257,-80,0,0,0,0,0
[21:09:23.678] 5844,ECG,258,-80,0,0,0,0,0
[21:09:23.678] 5844,ECG,259,-80,0,0,0,0,0
[21:09:23.694] 5844,ECG,260,-80,0,0,0,0,0
[21:09:23.694] 5849,ECG,261,-80,0,0,0,0,0
[21:09:23.726] 5849,ECG,262,-80,0,0,0,0,0
[21:09:23.742] 5854,ECG,263,-80,0,0,0,0,0
[21:09:23.742] 5854,ECG,264,-80,0,0,0,0,0
[21:09:23.774] 5854,ECG,265,-80,0,0,0,0,0
[21:09:23.774] 5859,ECG,266,-80,0,0,0,0,0
[21:09:23.805] 5859,ECG,267,-80,0,0,0,0,0
[21:09:23.821] 5864,ECG,268,-80,0,0,0,0,0
[21:09:23.821] 5864,ECG,269,-80,0,0,0,0,0
[21:09:23.853] 5864,ECG,270,-80,0,0,0,0,0
[21:09:23.853] 5869,ECG,271,-80,0,0,0,0,0
[21:09:23.884] 5869,ECG,272,-80,0,0,0,0,0
[21:09:23.884] 5874,ECG,273,-80,0,0,0,0,0
[21:09:23.901] 5874,ECG,274,-80,0,0,0,0,0
[21:09:23.933] 5874,ECG,275,-80,0,0,0,0,0
[21:09:23.933] 5879,ECG,276,-80,0,0,0,0,0
[21:09:23.964] 5879,ECG,277,-80,0,0,0,0,0
[21:09:23.964] 5879,ECG,278,-80,0,0,0,0,0
[21:09:23.980] 5884,ECG,279,-80,0,0,0,0,0
[21:09:24.012] 5884,ECG,280,-80,0,0,0,0,0
[21:09:24.012] 5889,ECG,281,-80,0,0,0,0,0
[21:09:24.042] 5889,ECG,282,-80,0,0,0,0,0
[21:09:24.042] 5889,ECG,283,-80,0,0,0,0,0
[21:09:24.058] 5894,ECG,284,-80,0,0,0,0,0
[21:09:24.058] 5894,ECG,285,-80,0,0,0,0,0
[21:09:24.090] 5899,ECG,286,-80,0,0,0,0,0
[21:09:24.106] 5899,ECG,287,-80,0,0,0,0,0
[21:09:24.106] 5899,ECG,288,-80,0,0,0,0,0
[21:09:24.138] 5904,ECG,289,-80,0,0,0,0,0
[21:09:24.138] 5904,ECG,290,-80,0,0,0,0,0
[21:09:24.169] 5909,ECG,291,-80,0,0,0,0,0
[21:09:24.201] 5909,ECG,292,-80,0,0,0,0,0
[21:09:24.201] 5909,ECG,293,-80,0,0,0,0,0
[21:09:24.217] 5914,ECG,294,-80,0,0,0,0,0
[21:09:24.217] 5914,ECG,295,-80,0,0,0,0,0
[21:09:24.248] 5919,ECG,296,-80,0,0,0,0,0
[21:09:24.248] 5919,ECG,297,-80,0,0,0,0,0
[21:09:24.264] 5919,ECG,298,-80,0,0,0,0,0
[21:09:24.294] 5924,ECG,299,-80,0,0,0,0,0
[21:09:24.295] 5924,ECG,300,-80,0,0,0,0,0
[21:09:24.325] 5924,ECG,301,-80,0,0,0,0,0
[21:09:24.325] 5929,ECG,302,-80,0,0,0,0,0
[21:09:24.356] 5929,ECG,303,-80,0,0,0,0,0
[21:09:24.371] 5934,ECG,304,-80,0,0,0,0,0
[21:09:24.371] 5934,ECG,305,-80,0,0,0,0,0
[21:09:24.403] 5934,ECG,306,-80,0,0,0,0,0
[21:09:24.403] 5939,ECG,307,-80,0,0,0,0,0
[21:09:24.435] 5939,ECG,308,-80,0,0,0,0,0
[21:09:24.435] 5944,ECG,309,-80,0,0,0,0,0
[21:09:24.451] 5944,ECG,310,-80,0,0,0,0,0
[21:09:24.482] 5944,ECG,311,-80,0,0,0,0,0
[21:09:24.482] 5949,ECG,312,-80,0,0,0,0,0
[21:09:24.514] 5949,ECG,313,-80,0,0,0,0,0
[21:09:24.514] 5954,ECG,314,-80,0,0,0,0,0
[21:09:24.529] 5954,ECG,315,-80,0,0,0,0,0
[21:09:24.560] 5954,ECG,316,-80,0,0,0,0,0
[21:09:24.560] 5959,ECG,317,-80,0,0,0,0,0
[21:09:24.592] 5959,ECG,318,-80,0,0,0,0,0
[21:09:24.592] 5964,ECG,319,-80,0,0,0,0,0
[21:09:24.608] 5964,ECG,320,-80,0,0,0,0,0
[21:09:24.608] 5964,ECG,321,-80,0,0,0,0,0
[21:09:24.640] 5969,ECG,322,-80,0,0,0,0,0
[21:09:24.656] 6469,ECG,323,-80,0,0,0,0,0
[21:09:24.656] 6474,ECG,324,-80,0,0,0,0,0
[21:09:24.688] 6474,ECG,325,-80,0,0,0,0,0
[21:09:24.688] 6474,ECG,326,-80,0,0,0,0,0
[21:09:24.720] 6479,ECG,327,-80,0,0,0,0,0
[21:09:24.736] 6479,ECG,328,-80,0,0,0,0,0
[21:09:24.736] 6484,ECG,329,-80,0,0,0,0,0
[21:09:24.768] 6484,ECG,330,-80,0,0,0,0,0
[21:09:24.768] 6484,ECG,331,-80,0,0,0,0,0
[21:09:24.800] 6489,ECG,332,-80,0,0,0,0,0
[21:09:24.800] 6489,ECG,333,-80,0,0,0,0,0
[21:09:24.816] 6494,ECG,334,-80,0,0,0,0,0
[21:09:24.848] 6494,ECG,335,-80,0,0,0,0,0
[21:09:24.848] 6494,ECG,336,-80,0,0,0,0,0
[21:09:24.864] 6499,ECG,337,-80,0,0,0,0,0
[21:09:24.864] 6499,ECG,338,-80,0,0,0,0,0
[21:09:24.895] 6504,ECG,339,-80,0,0,0,0,0
[21:09:24.927] 6504,ECG,340,-80,0,0,0,0,0
[21:09:24.927] 6504,ECG,341,-80,0,0,0,0,0
[21:09:24.942] 6509,ECG,342,-80,0,0,0,0,0
[21:09:24.942] 6509,ECG,343,-80,0,0,0,0,0
[21:09:24.974] 6514,ECG,344,-80,0,0,0,0,0
[21:09:24.974] 6514,ECG,345,-80,0,0,0,0,0
[21:09:25.006] 6514,ECG,346,-80,0,0,0,0,0
[21:09:25.022] 6519,ECG,347,-80,0,0,0,0,0
[21:09:25.022] 6519,ECG,348,-80,0,0,0,0,0
[21:09:25.054] 6519,ECG,349,-80,0,0,0,0,0
[21:09:25.054] 6524,ECG,350,-80,0,0,0,0,0
[21:09:25.086] 6524,ECG,351,-80,0,0,0,0,0
[21:09:25.102] 6529,ECG,352,-80,0,0,0,0,0
[21:09:25.102] 6529,ECG,353,-80,0,0,0,0,0
[21:09:25.134] 6529,ECG,354,-80,0,0,0,0,0
[21:09:25.134] 6534,ECG,355,-80,0,0,0,0,0
[21:09:25.166] 6534,ECG,356,-80,0,0,0,0,0
[21:09:25.166] 6539,ECG,357,-80,0,0,0,0,0
[21:09:25.182] 6539,ECG,358,-80,0,0,0,0,0
[21:09:25.214] 6539,ECG,359,-80,0,0,0,0,0
[21:09:25.214] 6544,ECG,360,-80,0,0,0,0,0
[21:09:25.229] 6544,ECG,361,-80,0,0,0,0,0
[21:09:25.229] 6549,ECG,362,-80,0,0,0,0,0
[21:09:25.260] 6549,ECG,363,-80,0,0,0,0,0
[21:09:25.292] 6549,ECG,364,-80,0,0,0,0,0
[21:09:25.292] 6554,ECG,365,-80,0,0,0,0,0
[21:09:25.307] 6554,ECG,366,-80,0,0,0,0,0
[21:09:25.307] 6559,ECG,367,-80,0,0,0,0,0
[21:09:25.338] 6559,ECG,368,-80,0,0,0,0,0
[21:09:25.338] 6559,ECG,369,-80,0,0,0,0,0
[21:09:25.370] 6564,ECG,370,-80,0,0,0,0,0
[21:09:25.386] 6564,ECG,371,-80,0,0,0,0,0
[21:09:25.386] 6564,ECG,372,-80,0,0,0,0,0
[21:09:25.418] 6569,ECG,373,-80,0,0,0,0,0
[21:09:25.418] 6569,ECG,374,-80,0,0,0,0,0
[21:09:25.450] 6574,ECG,375,-80,0,0,0,0,0
[21:09:25.466] 6574,ECG,376,-80,0,0,0,0,0
[21:09:25.466] 6574,ECG,377,-80,0,0,0,0,0
[21:09:25.497] 6579,ECG,378,-80,0,0,0,0,0
[21:09:25.497] 6579,ECG,379,-82,0,0,0,0,0
[21:09:25.528] 6584,ECG,380,-80,0,0,0,0,0
[21:09:25.528] 6584,ECG,381,-81,0,0,0,0,0
[21:09:25.544] 6584,ECG,382,-85,0,0,0,0,0
[21:09:25.576] 6589,ECG,383,-73,0,0,0,0,0
[21:09:25.576] 6589,ECG,384,-90,0,0,0,0,0
[21:09:25.608] 6594,ECG,385,-78,0,0,0,0,0
[21:09:25.608] 6594,ECG,386,-37,0,0,0,0,0
[21:09:25.624] 6594,ECG,387,-38,0,0,0,0,0
[21:09:25.656] 6599,ECG,388,-149,0,0,0,0,0
[21:09:25.656] 6599,ECG,389,-320,0,0,0,0,0
[21:09:25.672] 7104,ECG,390,-80,0,0,0,0,0
[21:09:25.672] 7104,ECG,391,-80,0,0,0,0,0
[21:09:25.704] 7109,ECG,392,-80,0,0,0,0,0
[21:09:25.736] 7109,ECG,393,-80,0,0,0,0,0
[21:09:25.736] 7109,ECG,394,-80,0,0,0,0,0
[21:09:25.752] 7114,ECG,395,-80,0,0,0,0,0
[21:09:25.752] 7114,ECG,396,-80,0,0,0,0,0
[21:09:25.784] 7114,ECG,397,-80,0,0,0,0,0
[21:09:25.784] 7119,ECG,398,-80,0,0,0,0,0
[21:09:25.815] 7119,ECG,399,-80,0,0,0,0,0
[21:09:25.831] 7124,ECG,400,-80,0,0,0,0,0
[21:09:25.831] 7124,ECG,401,-80,0,0,0,0,0
[21:09:25.862] 7124,ECG,402,-80,0,0,0,0,0
[21:09:25.862] 7129,ECG,403,-80,0,0,0,0,0
[21:09:25.894] 7129,ECG,404,-80,0,0,0,0,0
[21:09:25.910] 7134,ECG,405,-80,0,0,0,0,0
[21:09:25.910] 7134,ECG,406,-80,0,0,0,0,0
[21:09:25.942] 7134,ECG,407,-80,0,0,0,0,0
[21:09:25.942] 7139,ECG,408,-80,0,0,0,0,0
[21:09:25.974] 7139,ECG,409,-80,0,0,0,0,0
[21:09:25.974] 7144,ECG,410,-80,0,0,0,0,0
[21:09:25.990] 7144,ECG,411,-80,0,0,0,0,0
[21:09:26.022] 7144,ECG,412,-80,0,0,0,0,0
[21:09:26.022] 7149,ECG,413,-80,0,0,0,0,0
[21:09:26.038] 7149,ECG,414,-80,0,0,0,0,0
[21:09:26.038] 7149,ECG,415,-80,0,0,0,0,0
[21:09:26.070] 7154,ECG,416,-80,0,0,0,0,0
[21:09:26.102] 7154,ECG,417,-80,0,0,0,0,0
[21:09:26.102] 7159,ECG,418,-80,0,0,0,0,0
[21:09:26.118] 7159,ECG,419,-80,0,0,0,0,0
[21:09:26.118] 7159,ECG,420,-80,0,0,0,0,0
[21:09:26.150] 7164,ECG,421,-80,0,0,0,0,0
[21:09:26.150] 7164,ECG,422,-80,0,0,0,0,0
[21:09:26.182] 7169,ECG,423,-80,0,0,0,0,0
[21:09:26.198] 7169,ECG,424,-80,0,0,0,0,0
[21:09:26.198] 7169,ECG,425,-80,0,0,0,0,0
[21:09:26.230] 7174,ECG,426,-80,0,0,0,0,0
[21:09:26.230] 7174,ECG,427,-80,0,0,0,0,0
[21:09:26.246] 7179,ECG,428,-80,0,0,0,0,0
[21:09:26.278] 7179,ECG,429,-80,0,0,0,0,0
[21:09:26.278] 7179,ECG,430,-80,0,0,0,0,0
[21:09:26.309] 7184,ECG,431,-80,0,0,0,0,0
[21:09:26.309] 7184,ECG,432,-80,0,0,0,0,0
[21:09:26.325] 7189,ECG,433,-80,0,0,0,0,0
[21:09:26.325] 7189,ECG,434,-80,0,0,0,0,0
[21:09:26.357] 7189,ECG,435,-80,0,0,0,0,0
[21:09:26.389] 7194,ECG,436,-80,0,0,0,0,0
[21:09:26.389] 7194,ECG,437,-80,0,0,0,0,0
[21:09:26.405] 7199,ECG,438,-80,0,0,0,0,0
[21:09:26.405] 7199,ECG,439,-80,0,0,0,0,0
[21:09:26.437] 7199,ECG,440,-80,0,0,0,0,0
[21:09:26.453] 7204,ECG,441,-80,0,0,0,0,0
[21:09:26.453] 7204,ECG,442,-80,0,0,0,0,0
[21:09:26.485] 7204,ECG,443,-80,0,0,0,0,0
[21:09:26.485] 7209,ECG,444,-80,0,0,0,0,0
[21:09:26.516] 7209,ECG,445,-80,0,0,0,0,0
[21:09:26.516] 7214,ECG,446,-80,0,0,0,0,0
[21:09:26.532] 7214,ECG,447,-80,0,0,0,0,0
[21:09:26.564] 7214,ECG,448,-80,0,0,0,0,0
[21:09:26.564] 7219,ECG,449,-80,0,0,0,0,0
[21:09:26.595] 7219,ECG,450,-81,0,0,0,0,0
[21:09:26.595] 7224,ECG,451,-80,0,0,0,0,0
[21:09:26.611] 7224,ECG,452,-80,0,0,0,0,0
[21:09:26.643] 7224,ECG,453,-83,0,0,0,0,0
[21:09:26.643] 7229,ECG,454,-77,0,0,0,0,0
[21:09:26.675] 7229,ECG,455,-84,0,0,0,0,0
[21:09:26.675] 7234,ECG,456,-83,0,0,0,0,0
[21:09:26.691] 7734,ECG,457,-80,0,0,0,0,0
[21:09:26.691] 7739,ECG,458,-80,0,0,0,0,0
[21:09:26.723] 7739,ECG,459,-80,0,0,0,0,0
[21:09:26.755] 7739,ECG,460,-80,0,0,0,0,0
[21:09:26.755] 7744,ECG,461,-80,0,0,0,0,0
[21:09:26.771] 7744,ECG,462,-80,0,0,0,0,0
[21:09:26.771] 7744,ECG,463,-80,0,0,0,0,0
[21:09:26.803] 7749,ECG,464,-80,0,0,0,0,0
[21:09:26.819] 7749,ECG,465,-80,0,0,0,0,0
[21:09:26.819] 7754,ECG,466,-80,0,0,0,0,0
[21:09:26.851] 7754,ECG,467,-80,0,0,0,0,0
[21:09:26.851] 7754,ECG,468,-80,0,0,0,0,0
[21:09:26.883] 7759,ECG,469,-80,0,0,0,0,0
[21:09:26.883] 7759,ECG,470,-80,0,0,0,0,0
[21:09:26.899] 7764,ECG,471,-80,0,0,0,0,0
[21:09:26.931] 7764,ECG,472,-80,0,0,0,0,0
[21:09:26.931] 7764,ECG,473,-80,0,0,0,0,0
[21:09:26.962] 7769,ECG,474,-80,0,0,0,0,0
[21:09:26.962] 7769,ECG,475,-80,0,0,0,0,0
[21:09:26.978] 7774,ECG,476,-80,0,0,0,0,0
[21:09:27.010] 7774,ECG,477,-80,0,0,0,0,0
[21:09:27.010] 7774,ECG,478,-80,0,0,0,0,0
[21:09:27.042] 7779,ECG,479,-80,0,0,0,0,0
[21:09:27.042] 7779,ECG,480,-80,0,0,0,0,0
[21:09:27.058] 7784,ECG,481,-80,0,0,0,0,0
[21:09:27.058] 7784,ECG,482,-80,0,0,0,0,0
[21:09:27.090] 7784,ECG,483,-80,0,0,0,0,0
[21:09:27.106] 7789,ECG,484,-80,0,0,0,0,0
[21:09:27.106] 7789,ECG,485,-80,0,0,0,0,0
[21:09:27.138] 7794,ECG,486,-80,0,0,0,0,0
[21:09:27.138] 7794,ECG,487,-80,0,0,0,0,0
[21:09:27.170] 7794,ECG,488,-80,0,0,0,0,0
[21:09:27.185] 7799,ECG,489,-80,0,0,0,0,0
[21:09:27.185] 7799,ECG,490,-80,0,0,0,0,0
[21:09:27.217] 7799,ECG,491,-80,0,0,0,0,0
[21:09:27.217] 7804,ECG,492,-80,0,0,0,0,0
[21:09:27.248] 7804,ECG,493,-80,0,0,0,0,0
[21:09:27.248] 7809,ECG,494,-80,0,0,0,0,0
[21:09:27.264] 7809,ECG,495,-80,0,0,0,0,0
[21:09:27.296] 7809,ECG,496,-80,0,0,0,0,0
[21:09:27.296] 7814,ECG,497,-80,0,0,0,0,0
[21:09:27.327] 7814,ECG,498,-80,0,0,0,0,0
[21:09:27.327] 7819,ECG,499,-80,0,0,0,0,0
[21:09:27.342] 7819,ECG,500,-80,0,0,0,0,0
[21:09:27.373] 7819,ECG,501,-80,0,0,0,0,0
[21:09:27.373] 7824,ECG,502,-80,0,0,0,0,0
[21:09:27.405] 7824,ECG,503,-80,0,0,0,0,0
[21:09:27.405] 7829,ECG,504,-80,0,0,0,0,0
[21:09:27.436] 7829,ECG,505,-80,0,0,0,0,0
[21:09:27.436] 7829,ECG,506,-80,0,0,0,0,0
[21:09:27.452] 7834,ECG,507,-80,0,0,0,0,0
[21:09:27.484] 7834,ECG,508,-80,0,0,0,0,0
[21:09:27.484] 7839,ECG,509,-80,0,0,0,0,0
[21:09:27.499] 7839,ECG,510,-80,0,0,0,0,0
[21:09:27.499] 7839,ECG,511,-82,0,0,0,0,0
[21:09:27.530] 7844,ECG,512,-81,0,0,0,0,0
[21:09:27.562] 7844,ECG,513,-79,0,0,0,0,0
[21:09:27.562] 7844,ECG,514,-87,0,0,0,0,0
[21:09:27.578] 7849,ECG,515,-74,0,0,0,0,0
[21:09:27.579] 7849,ECG,516,-83,0,0,0,0,0
[21:09:27.610] 7854,ECG,517,-95,0,0,0,0,0
[21:09:27.610] 7854,ECG,518,-37,0,0,0,0,0
[21:09:27.642] 7854,ECG,519,-38,0,0,0,0,0
[21:09:27.658] 7859,ECG,520,-115,0,0,0,0,0
[21:09:27.658] 7859,ECG,521,-287,0,0,0,0,0
[21:09:27.690] 7864,ECG,522,-472,0,0,0,0,0
[21:09:27.690] 7864,ECG,523,-679,0,0,0,0,0
[21:09:27.722] 8369,ECG,524,-80,0,0,0,0,0
[21:09:27.738] 8369,ECG,525,-80,0,0,0,0,0
[21:09:27.738] 8369,ECG,526,-80,0,0,0,0,0
[21:09:27.770] 8374,ECG,527,-80,0,0,0,0,0
[21:09:27.770] 8374,ECG,528,-80,0,0,0,0,0
[21:09:27.786] 8379,ECG,529,-80,0,0,0,0,0
[21:09:27.817] 8379,ECG,530,-80,0,0,0,0,0
[21:09:27.817] 8379,ECG,531,-80,0,0,0,0,0
[21:09:27.849] 8384,ECG,532,-80,0,0,0,0,0
[21:09:27.849] 8384,ECG,533,-80,0,0,0,0,0
[21:09:27.865] 8389,ECG,534,-80,0,0,0,0,0
[21:09:27.865] 8389,ECG,535,-80,0,0,0,0,0
[21:09:27.897] 8389,ECG,536,-80,0,0,0,0,0
[21:09:27.928] 8394,ECG,537,-80,0,0,0,0,0
[21:09:27.928] 8394,ECG,538,-80,0,0,0,0,0
[21:09:27.944] 8394,ECG,539,-80,0,0,0,0,0
[21:09:27.944] 8399,ECG,540,-80,0,0,0,0,0
[21:09:27.976] 8399,ECG,541,-80,0,0,0,0,0
[21:09:28.008] 8404,ECG,542,-80,0,0,0,0,0
[21:09:28.008] 8404,ECG,543,-80,0,0,0,0,0
[21:09:28.024] 8404,ECG,544,-80,0,0,0,0,0
[21:09:28.024] 8409,ECG,545,-80,0,0,0,0,0
[21:09:28.055] 8409,ECG,546,-80,0,0,0,0,0
[21:09:28.055] 8414,ECG,547,-80,0,0,0,0,0
[21:09:28.071] 8414,ECG,548,-80,0,0,0,0,0
[21:09:28.102] 8414,ECG,549,-80,0,0,0,0,0
[21:09:28.102] 8419,ECG,550,-80,0,0,0,0,0
[21:09:28.134] 8419,ECG,551,-80,0,0,0,0,0
[21:09:28.134] 8424,ECG,552,-80,0,0,0,0,0
[21:09:28.150] 8424,ECG,553,-80,0,0,0,0,0
[21:09:28.182] 8424,ECG,554,-80,0,0,0,0,0
[21:09:28.182] 8429,ECG,555,-80,0,0,0,0,0
[21:09:28.214] 8429,ECG,556,-80,0,0,0,0,0
[21:09:28.214] 8434,ECG,557,-80,0,0,0,0,0
[21:09:28.230] 8434,ECG,558,-80,0,0,0,0,0
[21:09:28.230] 8434,ECG,559,-80,0,0,0,0,0
[21:09:28.262] 8439,ECG,560,-80,0,0,0,0,0
[21:09:28.294] 8439,ECG,561,-80,0,0,0,0,0
[21:09:28.294] 8439,ECG,562,-80,0,0,0,0,0
[21:09:28.309] 8444,ECG,563,-80,0,0,0,0,0
[21:09:28.309] 8444,ECG,564,-80,0,0,0,0,0
[21:09:28.340] 8449,ECG,565,-80,0,0,0,0,0
[21:09:28.372] 8449,ECG,566,-80,0,0,0,0,0
[21:09:28.372] 8449,ECG,567,-80,0,0,0,0,0
[21:09:28.388] 8454,ECG,568,-80,0,0,0,0,0
[21:09:28.388] 8454,ECG,569,-80,0,0,0,0,0
[21:09:28.420] 8459,ECG,570,-80,0,0,0,0,0
[21:09:28.420] 8459,ECG,571,-80,0,0,0,0,0
[21:09:28.436] 8459,ECG,572,-80,0,0,0,0,0
[21:09:28.468] 8464,ECG,573,-80,0,0,0,0,0
[21:09:28.468] 8464,ECG,574,-80,0,0,0,0,0
[21:09:28.500] 8469,ECG,575,-80,0,0,0,0,0
[21:09:28.500] 8469,ECG,576,-80,0,0,0,0,0
[21:09:28.516] 8469,ECG,577,-80,0,0,0,0,0
[21:09:28.548] 8474,ECG,578,-80,0,0,0,0,0
[21:09:28.548] 8474,ECG,579,-80,0,0,0,0,0
[21:09:28.580] 8479,ECG,580,-80,0,0,0,0,0
[21:09:28.580] 8479,ECG,581,-81,0,0,0,0,0
[21:09:28.596] 8479,ECG,582,-81,0,0,0,0,0
[21:09:28.596] 8484,ECG,583,-79,0,0,0,0,0
[21:09:28.628] 8484,ECG,584,-84,0,0,0,0,0
[21:09:28.644] 8484,ECG,585,-80,0,0,0,0,0
[21:09:28.644] 8489,ECG,586,-77,0,0,0,0,0
[21:09:28.676] 8489,ECG,587,-96,0,0,0,0,0
[21:09:28.676] 8494,ECG,588,-37,0,0,0,0,0
[21:09:28.708] 8494,ECG,589,-38,0,0,0,0,0
[21:09:28.724] 8494,ECG,590,-65,0,0,0,0,0
[21:09:28.724] 8999,ECG,591,-80,0,0,0,0,0
[21:09:28.756] 8999,ECG,592,-80,0,0,0,0,0
[21:09:28.756] 9004,ECG,593,-80,0,0,0,0,0
[21:09:28.788] 9004,ECG,594,-80,0,0,0,0,0
[21:09:28.788] 9009,ECG,595,-80,0,0,0,0,0
[21:09:28.803] 9009,ECG,596,-80,0,0,0,0,0
[21:09:28.835] 9009,ECG,597,-80,0,0,0,0,0
[21:09:28.835] 9014,ECG,598,-80,0,0,0,0,0
[21:09:28.868] 9014,ECG,599,-80,0,0,0,0,0
[21:09:28.868] 9019,ECG,600,-80,0,0,0,0,0
[21:09:28.883] 9019,ECG,601,-80,0,0,0,0,0
[21:09:28.915] 9019,ECG,602,-80,0,0,0,0,0
[21:09:28.915] 9024,ECG,603,-80,0,0,0,0,0
[21:09:28.931] 9024,ECG,604,-80,0,0,0,0,0
[21:09:28.931] 9029,ECG,605,-80,0,0,0,0,0
[21:09:28.962] 9029,ECG,606,-80,0,0,0,0,0
[21:09:28.962] 9029,ECG,607,-80,0,0,0,0,0
[21:09:28.994] 9034,ECG,608,-80,0,0,0,0,0
[21:09:29.010] 9034,ECG,609,-80,0,0,0,0,0
[21:09:29.010] 9034,ECG,610,-80,0,0,0,0,0
[21:09:29.043] 9039,ECG,611,-80,0,0,0,0,0
[21:09:29.043] 9039,ECG,612,-80,0,0,0,0,0
[21:09:29.075] 9044,ECG,613,-80,0,0,0,0,0
[21:09:29.090] 9044,ECG,614,-80,0,0,0,0,0
[21:09:29.090] 9044,ECG,615,-80,0,0,0,0,0
[21:09:29.122] 9049,ECG,616,-80,0,0,0,0,0
[21:09:29.122] 9049,ECG,617,-80,0,0,0,0,0
[21:09:29.154] 9054,ECG,618,-80,0,0,0,0,0
[21:09:29.154] 9054,ECG,619,-80,0,0,0,0,0
[21:09:29.170] 9054,ECG,620,-80,0,0,0,0,0
[21:09:29.202] 9059,ECG,621,-80,0,0,0,0,0
[21:09:29.202] 9059,ECG,622,-80,0,0,0,0,0
[21:09:29.234] 9064,ECG,623,-80,0,0,0,0,0
[21:09:29.234] 9064,ECG,624,-80,0,0,0,0,0
[21:09:29.250] 9064,ECG,625,-80,0,0,0,0,0
[21:09:29.282] 9069,ECG,626,-80,0,0,0,0,0
[21:09:29.282] 9069,ECG,627,-80,0,0,0,0,0
[21:09:29.298] 9074,ECG,628,-80,0,0,0,0,0
[21:09:29.298] 9074,ECG,629,-80,0,0,0,0,0
[21:09:29.330] 9074,ECG,630,-80,0,0,0,0,0
[21:09:29.330] 9079,ECG,631,-80,0,0,0,0,0
[21:09:29.362] 9079,ECG,632,-80,0,0,0,0,0
[21:09:29.379] 9079,ECG,633,-80,0,0,0,0,0
[21:09:29.380] 9084,ECG,634,-80,0,0,0,0,0
[21:09:29.410] 9084,ECG,635,-80,0,0,0,0,0
[21:09:29.410] 9089,ECG,636,-80,0,0,0,0,0
[21:09:29.442] 9089,ECG,637,-80,0,0,0,0,0
[21:09:29.458] 9089,ECG,638,-80,0,0,0,0,0
[21:09:29.458] 9094,ECG,639,-80,0,0,0,0,0
[21:09:29.490] 9094,ECG,640,-80,0,0,0,0,0
[21:09:29.490] 9099,ECG,641,-80,0,0,0,0,0
[21:09:29.505] 9099,ECG,642,-80,0,0,0,0,0
[21:09:29.505] 9099,ECG,643,-80,0,0,0,0,0
[21:09:29.537] 9104,ECG,644,-80,0,0,0,0,0
[21:09:29.569] 9104,ECG,645,-80,0,0,0,0,0
[21:09:29.569] 9109,ECG,646,-80,0,0,0,0,0
[21:09:29.585] 9109,ECG,647,-80,0,0,0,0,0
[21:09:29.585] 9109,ECG,648,-80,0,0,0,0,0
[21:09:29.617] 9114,ECG,649,-80,0,0,0,0,0
[21:09:29.649] 9114,ECG,650,-80,0,0,0,0,0
[21:09:29.649] 9119,ECG,651,-80,0,0,0,0,0
[21:09:29.665] 9119,ECG,652,-80,0,0,0,0,0
[21:09:29.665] 9119,ECG,653,-81,0,0,0,0,0
[21:09:29.697] 9124,ECG,654,-80,0,0,0,0,0
[21:09:29.697] 9124,ECG,655,-81,0,0,0,0,0
[21:09:29.713] 9124,ECG,656,-81,0,0,0,0,0
[21:09:29.745] 9129,ECG,657,-80,0,0,0,0,0
[21:09:29.745] 9629,ECG,658,-82,0,0,0,0,0
[21:09:29.777] 9634,ECG,659,-82,0,0,0,0,0
[21:09:29.777] 9634,ECG,660,-82,0,0,0,0,0
[21:09:29.793] 9639,ECG,661,-82,0,0,0,0,0
[21:09:29.825] 9639,ECG,662,-82,0,0,0,0,0
[21:09:29.825] 9639,ECG,663,-82,0,0,0,0,0
[21:09:29.856] 9644,ECG,664,-82,0,0,0,0,0
[21:09:29.856] 9644,ECG,665,-82,0,0,0,0,0
[21:09:29.872] 9649,ECG,666,-82,0,0,0,0,0
[21:09:29.872] 9649,ECG,667,-82,0,0,0,0,0
[21:09:29.904] 9649,ECG,668,-82,0,0,0,0,0
[21:09:29.936] 9654,ECG,669,-82,0,0,0,0,0
[21:09:29.936] 9654,ECG,670,-82,0,0,0,0,0
[21:09:29.952] 9659,ECG,671,-82,0,0,0,0,0
[21:09:29.952] 9659,ECG,672,-82,0,0,0,0,0
[21:09:29.984] 9659,ECG,673,-82,0,0,0,0,0
[21:09:30.015] 9664,ECG,674,-82,0,0,0,0,0
[21:09:30.015] 9664,ECG,675,-82,0,0,0,0,0
[21:09:30.031] 9664,ECG,676,-82,0,0,0,0,0
[21:09:30.031] 9669,ECG,677,-82,0,0,0,0,0
[21:09:30.063] 9669,ECG,678,-82,0,0,0,0,0
[21:09:30.063] 9674,ECG,679,-82,0,0,0,0,0
[21:09:30.095] 9674,ECG,680,-82,0,0,0,0,0
[21:09:30.112] 9674,ECG,681,-82,0,0,0,0,0
[21:09:30.112] 9679,ECG,682,-82,0,0,0,0,0
[21:09:30.143] 9679,ECG,683,-82,0,0,0,0,0
[21:09:30.143] 9684,ECG,684,-82,0,0,0,0,0
[21:09:30.159] 9684,ECG,685,-82,0,0,0,0,0
[21:09:30.191] 9684,ECG,686,-82,0,0,0,0,0
[21:09:30.191] 9689,ECG,687,-82,0,0,0,0,0
[21:09:30.223] 9689,ECG,688,-82,0,0,0,0,0
[21:09:30.223] 9694,ECG,689,-82,0,0,0,0,0
[21:09:30.238] 9694,ECG,690,-82,0,0,0,0,0
[21:09:30.238] 9694,ECG,691,-82,0,0,0,0,0
[21:09:30.270] 9699,ECG,692,-82,0,0,0,0,0
[21:09:30.302] 9699,ECG,693,-82,0,0,0,0,0
[21:09:30.302] 9704,ECG,694,-82,0,0,0,0,0
[21:09:30.317] 9704,ECG,695,-82,0,0,0,0,0
[21:09:30.317] 9704,ECG,696,-82,0,0,0,0,0
[21:09:30.349] 9709,ECG,697,-82,0,0,0,0,0
[21:09:30.380] 9709,ECG,698,-82,0,0,0,0,0
[21:09:30.380] 9714,ECG,699,-82,0,0,0,0,0
[21:09:30.396] 9714,ECG,700,-82,0,0,0,0,0
[21:09:30.396] 9714,ECG,701,-82,0,0,0,0,0
[21:09:30.428] 9719,ECG,702,-82,0,0,0,0,0
[21:09:30.428] 9719,ECG,703,-82,0,0,0,0,0
[21:09:30.444] 9719,ECG,704,-82,0,0,0,0,0
[21:09:30.476] 9724,ECG,705,-82,0,0,0,0,0
[21:09:30.476] 9724,ECG,706,-82,0,0,0,0,0
[21:09:30.508] 9729,ECG,707,-82,0,0,0,0,0
[21:09:30.508] 9729,ECG,708,-82,0,0,0,0,0
[21:09:30.524] 9729,ECG,709,-82,0,0,0,0,0
[21:09:30.556] 9734,ECG,710,-82,0,0,0,0,0
[21:09:30.556] 9734,ECG,711,-82,0,0,0,0,0
[21:09:30.588] 9739,ECG,712,-81,0,0,0,0,0
[21:09:30.588] 9739,ECG,713,-83,0,0,0,0,0
[21:09:30.604] 9739,ECG,714,-81,0,0,0,0,0
[21:09:30.604] 9744,ECG,715,-81,0,0,0,0,0
[21:09:30.636] 9744,ECG,716,-87,0,0,0,0,0
[21:09:30.668] 9749,ECG,717,-73,0,0,0,0,0
[21:09:30.668] 9749,ECG,718,-90,0,0,0,0,0
[21:09:30.684] 9749,ECG,719,-81,0,0,0,0,0
[21:09:30.684] 9754,ECG,720,-38,0,0,0,0,0
[21:09:30.716] 9754,ECG,721,-38,0,0,0,0,0
[21:09:30.747] 9754,ECG,722,-141,0,0,0,0,0
[21:09:30.747] 9759,ECG,723,-373,0,0,0,0,0
[21:09:30.763] 9759,ECG,724,-626,0,0,0,0,0
[21:09:30.763] 10264,ECG,725,-80,0,0,0,0,0
[21:09:30.795] 10264,ECG,726,-80,0,0,0,0,0
[21:09:30.811] 10269,ECG,727,-80,0,0,0,0,0
[21:09:30.811] 10269,ECG,728,-80,0,0,0,0,0
[21:09:30.843] 10269,ECG,729,-80,0,0,0,0,0
[21:09:30.843] 10274,ECG,730,-80,0,0,0,0,0
[21:09:30.875] 10274,ECG,731,-80,0,0,0,0,0
[21:09:30.891] 10279,ECG,732,-80,0,0,0,0,0
[21:09:30.891] 10279,ECG,733,-80,0,0,0,0,0
[21:09:30.923] 10279,ECG,734,-80,0,0,0,0,0
[21:09:30.923] 10284,ECG,735,-80,0,0,0,0,0
[21:09:30.955] 10284,ECG,736,-80,0,0,0,0,0
[21:09:30.971] 10289,ECG,737,-80,0,0,0,0,0
[21:09:30.971] 10289,ECG,738,-80,0,0,0,0,0
[21:09:31.003] 10289,ECG,739,-80,0,0,0,0,0
[21:09:31.003] 10294,ECG,740,-80,0,0,0,0,0
[21:09:31.019] 10294,ECG,741,-80,0,0,0,0,0
[21:09:31.051] 10299,ECG,742,-80,0,0,0,0,0
[21:09:31.051] 10299,ECG,743,-80,0,0,0,0,0
[21:09:31.083] 10299,ECG,744,-80,0,0,0,0,0
[21:09:31.083] 10304,ECG,745,-80,0,0,0,0,0
[21:09:31.098] 10304,ECG,746,-80,0,0,0,0,0
[21:09:31.130] 10309,ECG,747,-80,0,0,0,0,0
[21:09:31.130] 10309,ECG,748,-80,0,0,0,0,0
[21:09:31.162] 10309,ECG,749,-80,0,0,0,0,0
[21:09:31.162] 10314,ECG,750,-80,0,0,0,0,0
[21:09:31.178] 10314,ECG,751,-80,0,0,0,0,0
[21:09:31.210] 10314,ECG,752,-80,0,0,0,0,0
[21:09:31.210] 10319,ECG,753,-80,0,0,0,0,0
[21:09:31.226] 10319,ECG,754,-80,0,0,0,0,0
[21:09:31.226] 10324,ECG,755,-80,0,0,0,0,0
[21:09:31.258] 10324,ECG,756,-80,0,0,0,0,0
[21:09:31.290] 10324,ECG,757,-80,0,0,0,0,0
[21:09:31.290] 10329,ECG,758,-80,0,0,0,0,0
[21:09:31.306] 10329,ECG,759,-80,0,0,0,0,0
[21:09:31.338] 10334,ECG,760,-80,0,0,0,0,0
[21:09:31.338] 10334,ECG,761,-80,0,0,0,0,0
[21:09:31.370] 10334,ECG,762,-80,0,0,0,0,0
[21:09:31.370] 10339,ECG,763,-80,0,0,0,0,0
[21:09:31.386] 10339,ECG,764,-80,0,0,0,0,0
[21:09:31.418] 10344,ECG,765,-80,0,0,0,0,0
[21:09:31.418] 10344,ECG,766,-80,0,0,0,0,0
[21:09:31.450] 10344,ECG,767,-80,0,0,0,0,0
[21:09:31.450] 10349,ECG,768,-80,0,0,0,0,0
[21:09:31.466] 10349,ECG,769,-80,0,0,0,0,0
[21:09:31.497] 10349,ECG,770,-80,0,0,0,0,0
[21:09:31.497] 10354,ECG,771,-80,0,0,0,0,0
[21:09:31.529] 10354,ECG,772,-80,0,0,0,0,0
[21:09:31.529] 10359,ECG,773,-80,0,0,0,0,0
[21:09:31.545] 10359,ECG,774,-80,0,0,0,0,0
[21:09:31.577] 10359,ECG,775,-80,0,0,0,0,0
[21:09:31.577] 10364,ECG,776,-80,0,0,0,0,0
[21:09:31.609] 10364,ECG,777,-80,0,0,0,0,0
[21:09:31.609] 10369,ECG,778,-80,0,0,0,0,0
[21:09:31.625] 10369,ECG,779,-80,0,0,0,0,0
[21:09:31.657] 10369,ECG,780,-80,0,0,0,0,0
[21:09:31.657] 10374,ECG,781,-80,0,0,0,0,0
[21:09:31.673] 10374,ECG,782,-80,0,0,0,0,0
[21:09:31.673] 10379,ECG,783,-80,0,0,0,0,0
[21:09:31.705] 10379,ECG,784,-81,0,0,0,0,0
[21:09:31.737] 10379,ECG,785,-80,0,0,0,0,0
[21:09:31.737] 10384,ECG,786,-80,0,0,0,0,0
[21:09:31.753] 10384,ECG,787,-84,0,0,0,0,0
[21:09:31.753] 10389,ECG,788,-77,0,0,0,0,0
[21:09:31.785] 10389,ECG,789,-83,0,0,0,0,0
[21:09:31.801] 10389,ECG,790,-86,0,0,0,0,0
[21:09:31.801] 10394,ECG,791,-37,0,0,0,0,0
[21:09:31.832] 10894,ECG,792,-80,0,0,0,0,0
[21:09:31.832] 10899,ECG,793,-80,0,0,0,0,0
[21:09:31.863] 10899,ECG,794,-80,0,0,0,0,0
[21:09:31.895] 10899,ECG,795,-80,0,0,0,0,0
[21:09:31.895] 10904,ECG,796,-80,0,0,0,0,0
[21:09:31.913] 10904,ECG,797,-80,0,0,0,0,0
[21:09:31.913] 10909,ECG,798,-80,0,0,0,0,0
[21:09:31.942] 10909,ECG,799,-80,0,0,0,0,0
[21:09:31.958] 10909,ECG,800,-80,0,0,0,0,0
[21:09:31.958] 10914,ECG,801,-80,0,0,0,0,0
[21:09:31.990] 10914,ECG,802,-80,0,0,0,0,0
[21:09:31.990] 10919,ECG,803,-80,0,0,0,0,0
[21:09:32.022] 10919,ECG,804,-80,0,0,0,0,0
[21:09:32.038] 10919,ECG,805,-80,0,0,0,0,0
[21:09:32.038] 10924,ECG,806,-80,0,0,0,0,0
[21:09:32.070] 10924,ECG,807,-80,0,0,0,0,0
[21:09:32.102] 10929,ECG,808,-80,0,0,0,0,0
[21:09:32.102] 10929,ECG,809,-80,0,0,0,0,0
[21:09:32.118] 10929,ECG,810,-80,0,0,0,0,0
[21:09:32.118] 10934,ECG,811,-80,0,0,0,0,0
[21:09:32.150] 10934,ECG,812,-80,0,0,0,0,0
[21:09:32.180] 10939,ECG,813,-80,0,0,0,0,0
[21:09:32.180] 10939,ECG,814,-80,0,0,0,0,0
[21:09:32.195] 10939,ECG,815,-80,0,0,0,0,0
[21:09:32.196] 10944,ECG,816,-80,0,0,0,0,0
[21:09:32.226] 10944,ECG,817,-80,0,0,0,0,0
[21:09:32.257] 10944,ECG,818,-80,0,0,0,0,0
[21:09:32.257] 10949,ECG,819,-80,0,0,0,0,0
[21:09:32.273] 10949,ECG,820,-80,0,0,0,0,0
[21:09:32.273] 10954,ECG,821,-80,0,0,0,0,0
[21:09:32.304] 10954,ECG,822,-80,0,0,0,0,0
[21:09:32.335] 10954,ECG,823,-80,0,0,0,0,0
[21:09:32.335] 10959,ECG,824,-80,0,0,0,0,0
[21:09:32.351] 10959,ECG,825,-80,0,0,0,0,0
[21:09:32.351] 10964,ECG,826,-80,0,0,0,0,0
[21:09:32.383] 10964,ECG,827,-80,0,0,0,0,0
[21:09:32.415] 10964,ECG,828,-80,0,0,0,0,0
[21:09:32.415] 10969,ECG,829,-80,0,0,0,0,0
[21:09:32.431] 10969,ECG,830,-80,0,0,0,0,0
[21:09:32.431] 10974,ECG,831,-80,0,0,0,0,0
[21:09:32.462] 10974,ECG,832,-80,0,0,0,0,0
[21:09:32.493] 10974,ECG,833,-80,0,0,0,0,0
[21:09:32.493] 10979,ECG,834,-80,0,0,0,0,0
[21:09:32.509] 10979,ECG,835,-80,0,0,0,0,0
[21:09:32.509] 10984,ECG,836,-80,0,0,0,0,0
[21:09:32.541] 10984,ECG,837,-80,0,0,0,0,0
[21:09:32.557] 10984,ECG,838,-80,0,0,0,0,0
[21:09:32.557] 10989,ECG,839,-80,0,0,0,0,0
[21:09:32.589] 10989,ECG,840,-80,0,0,0,0,0
[21:09:32.589] 10994,ECG,841,-80,0,0,0,0,0
[21:09:32.621] 10994,ECG,842,-80,0,0,0,0,0
[21:09:32.637] 10994,ECG,843,-80,0,0,0,0,0
[21:09:32.637] 10999,ECG,844,-80,0,0,0,0,0
[21:09:32.669] 10999,ECG,845,-80,0,0,0,0,0
[21:09:32.669] 10999,ECG,846,-81,0,0,0,0,0
[21:09:32.701] 11004,ECG,847,-80,0,0,0,0,0
[21:09:32.717] 11004,ECG,848,-80,0,0,0,0,0
[21:09:32.717] 11009,ECG,849,-84,0,0,0,0,0
[21:09:32.748] 11009,ECG,850,-77,0,0,0,0,0
[21:09:32.748] 11009,ECG,851,-84,0,0,0,0,0
[21:09:32.779] 11014,ECG,852,-85,0,0,0,0,0
[21:09:32.796] 11014,ECG,853,-40,0,0,0,0,0
[21:09:32.796] 11019,ECG,854,-42,0,0,0,0,0
[21:09:32.827] 11019,ECG,855,-104,0,0,0,0,0
[21:09:32.859] 11019,ECG,856,-151,0,0,0,0,0
[21:09:32.859] 11024,ECG,857,-210,0,0,0,0,0
[21:09:32.875] 11024,ECG,858,-271,0,0,0,0,0
[21:09:32.875] 11529,ECG,859,-80,0,0,0,0,0
[21:09:32.907] 11529,ECG,860,-80,0,0,0,0,0
[21:09:32.923] 11534,ECG,861,-80,0,0,0,0,0
[21:09:32.923] 11534,ECG,862,-80,0,0,0,0,0
[21:09:32.955] 11534,ECG,863,-80,0,0,0,0,0
[21:09:32.955] 11539,ECG,864,-80,0,0,0,0,0
[21:09:32.987] 11539,ECG,865,-80,0,0,0,0,0
[21:09:33.003] 11544,ECG,866,-80,0,0,0,0,0
[21:09:33.003] 11544,ECG,867,-80,0,0,0,0,0
[21:09:33.035] 11544,ECG,868,-80,0,0,0,0,0
[21:09:33.035] 11549,ECG,869,-80,0,0,0,0,0
[21:09:33.067] 11549,ECG,870,-80,0,0,0,0,0
[21:09:33.083] 11549,ECG,871,-80,0,0,0,0,0
[21:09:33.083] 11554,ECG,872,-80,0,0,0,0,0
[21:09:33.115] 11554,ECG,873,-80,0,0,0,0,0
[21:09:33.115] 11559,ECG,874,-80,0,0,0,0,0
[21:09:33.147] 11559,ECG,875,-80,0,0,0,0,0
[21:09:33.163] 11559,ECG,876,-80,0,0,0,0,0
[21:09:33.163] 11564,ECG,877,-80,0,0,0,0,0
[21:09:33.195] 11564,ECG,878,-80,0,0,0,0,0
[21:09:33.195] 11569,ECG,879,-80,0,0,0,0,0
[21:09:33.211] 11569,ECG,880,-80,0,0,0,0,0
[21:09:33.242] 11569,ECG,881,-80,0,0,0,0,0
[21:09:33.242] 11574,ECG,882,-80,0,0,0,0,0
[21:09:33.274] 11574,ECG,883,-80,0,0,0,0,0
[21:09:33.290] 11579,ECG,884,-80,0,0,0,0,0
