[14:31:19.296] ✅ 连接成功，开始接收数据
[14:31:21.947] ⚠ 串口异常: ClearCommError failed (PermissionError(13, '设备不识别此命令。', None, 22))
[14:31:21.947] ⚠ 连接断开，等待重连...
[14:31:22.234] ❌ 连接失败，重试中...
[14:31:25.576] ❌ 连接失败，重试中...
[14:31:28.905] ❌ 连接失败，重试中...
[14:31:32.228] ❌ 连接失败，重试中...
[14:31:33.834] ✅ 连接成功，开始接收数据
[14:31:33.835] 📈 累计重连次数: 2
[14:31:36.504] [SENSOR_INIT]
[14:31:36.504] [MAX30102] I2C CALL OK, INIT OK
[14:31:36.504] [ICM20948] INIT OK (WHO_AM_I + 10x probe passed)
[14:31:36.504] [/SENSOR_INIT]
[14:31:36.536] [ICM_INT_FLAG_PIN_CHECK_BEGIN]
[14:31:36.600] ICM_CFG_CHECK,CFG=0xE0,EN1=0x01
[14:31:36.616] ICM_BEFORE_WAIT,PIN=0,IRQ=2
[14:31:36.743] ICM_FLAG_PIN_RESULT,PIN_BEFORE_ST1=0,ST1=0x01,PIN_AFTER_ST1=1,IRQ_BEFORE=2,IRQ_AFTER=2
[14:31:36.758] [ICM_INT_FLAG_PIN_CHECK_END]
[14:31:37.075] [ECG_CTRL] START file=0:/ecg_001.csv tick=3960
[14:31:37.075] [LOOP] tick=3960
