[18:19:06.511] ✅ 连接成功，开始接收数据
[18:19:26.892] ⚠ 串口异常: ClearCommError failed (PermissionError(13, '设备不识别此命令。', None, 22))
[18:19:26.895] ⚠ 连接断开，等待重连...
[18:19:27.199] ❌ 连接失败，重试中...
[18:19:30.489] ❌ 连接失败，重试中...
[18:19:31.612] ✅ 连接成功，开始接收数据
[18:19:31.612] 📈 累计重连次数: 2
[18:19:33.776] task started
[18:19:33.776] [MAX30003] Initializing...
[18:19:33.776] [MAX30003] INFO=0x513639
[18:19:33.776] [MAX30003][OK] CNFG_ECG = 0x025000
[18:20:08.117] ⚠ 串口异常: ClearCommError failed (PermissionError(13, '设备不识别此命令。', None, 22))
[18:20:08.117] 📊 本次连接统计: 4行数据
[18:20:08.117] ⚠ 连接断开，等待重连...
[18:20:08.384] ❌ 连接失败，重试中...
[18:20:09.052] ✅ 连接成功，开始接收数据
[18:20:09.052] 📈 累计重连次数: 3
[18:20:11.253] [ECG_V1] Sensor task started
[18:20:11.253] [MAX30003] Initializing...
[18:20:11.253] [MAX30003] INFO=0x513639
[18:20:11.253] [MAX30003][OK] CNFG_ECG = 0x025000
[18:20:11.253] NFG_GEN = 0x081217
