[13:55:03.974] ❌ 连接失败，重试中...
[13:55:07.164] ❌ 连接失败，重试中...
[13:55:10.341] ❌ 连接失败，重试中...
[13:55:13.540] ❌ 连接失败，重试中...
[13:56:50.374] ❌ 连接失败，重试中...
[13:56:53.643] ❌ 连接失败，重试中...
[13:56:54.749] ✅ 连接成功，开始接收数据
[13:56:57.276] [ECG_V1] Sensor task started
[13:56:57.276] [SENSOR] before MAX30003_Init
[13:56:57.277] [MAX30003] Initializing...
[13:56:57.277] [MAX30003_INIT] step=cs
[13:56:57.307] [MAX30003_INIT] step=sw_reset
[13:56:57.307] [MAX30003_INIT] step=status1
[13:56:57.308] [MAX30003_INIT] step=status2
[13:56:57.308] [MAX30003_INIT] step=info1
[13:56:57.308] step=info2
[13:56:57.308] [MAX30003_INIT] step=info3
[13:56:57.322] [MAX3000
[13:56:57.322] [MAX30003_INIT] step=cnfg_ecg
[13:56:57.323] [MAX30003][OK] CNFG_ECG = 0x025000
[13:56:57.323] [MAX30003_INIT] step=cnfg_gen
[13:56:57.324] [MAX30003][OK] CNFG_GEN = 0x081217
[13:56:57.430] [MAX30003][OK] CNFG_CAL = 0x000000
[13:56:57.430] [MAX30003][OK] CNFG_EMUX = 0x000000
[13:56:57.431] [MAX30003_INIT] step=mngr_dyn_skip
[13:56:57.432] [MAX30003_INIT] step=pll_wait
[13:56:57.432] [MAX30003_INIT] step=en_int
[13:56:57.433] [MAX30003][OK] EN_INT = 0x000002
[13:56:57.433] [MAX30003_INIT] step=mngr_int
[13:56:57.433] [MAX30003][OK] MNGR_INT = 0x200000
[13:56:57.446] [MAX30003] Init done. STATUS=0x000100
[13:56:57.446] [SENSOR] after MAX30003_Init
[13:56:57.447] [SENSOR] after MAX30003_INIT_DONE log
[13:56:57.509] [SDDBG] new log opened path=0:/log_001.txt
[13:56:57.510] [MS_SD] mount begin file=0:/ecg_001.csv
[13:56:57.510] [MS_SD] mount ok
[13:56:57.511] [MS_SD] open begin file=0:/ecg_001.csv
[13:56:57.511] [MS_SD] open ok
[13:56:57.511] [MS_SD] header ok bw=41
[13:56:57.511] [MS_SD] first sync res=0
[13:56:57.525] [MS_SD] file opened and released
[13:56:57.526] [REC] record start file_opened=1 tick=3285
[13:56:57.527] [REC] before MAX30003_StartStream tick=3285
[13:56:57.602] [MAX30003_INIT] step=fifo_synch
[13:56:57.602] [MAX30003] StartStream status1=0x000100 status2=0x000100 status3=0x000100
[13:56:59.472] [REC] after MAX30003_StartStream tick=3286 start_tick=3211
[13:56:59.473] [MIC] open ok file=0:/mic_001.wav
[13:56:59.473] [MIC] dma_start ret=0 words=16384 bytes=65536
[13:57:01.230] [MIC] write halves=8 bytes=65536 raw=00000000..00fffffb pcm=0..255 drops=0
[13:57:02.973] [MIC] write halves=16 bytes=131072 raw=00000000..00fffffd pcm=0..255 drops=0
[13:57:04.731] [MIC] write halves=24 bytes=196608 raw=00000001..00ffffff pcm=0..255 drops=0
[13:57:06.472] [MIC] write halves=32 bytes=262144 raw=00000001..00fffffa pcm=0..255 drops=0
[13:57:07.457] [MIC] write halves=40 bytes=327680 raw=00000001..00fffffe pcm=0..255 drops=0
[13:57:07.458] [ECG_AUTO_STOP] t=13211
[13:57:07.458] [MAX30003] StopStream done. STATUS=0x100109
[13:57:07.462] [SDDBG][ERR] open path=0:/log_001.txt res=18
[13:57:07.690] [SDDBG][ERR] open path=0:/log_001.txt res=18
[13:57:07.691] [SDDBG][ERR] open path=0:/log_001.txt res=18
[13:57:07.691] [SDDBG][ERR] open path=0:/log_001.txt res=18
[13:57:07.692] [REC_STOP]
[13:57:07.721] [MS_SD] close final_sync=0 close=0 bytes=151211 ecg_written=5065
[13:57:07.726] [MIC] close seek=0 write=0 bw=44 sync=0 close=0 bytes=376832 halves=46 drops=0
[13:57:07.754] [DUMP_REQ]
[13:57:07.768] [DATA_FILE_BEGIN]
[13:57:07.800] timestamp_ms,type,seq,v1,v2,v3,v4,v5,v6
[13:57:07.816] 3291,ECG,0,0,0,0,0,0,0
[13:57:07.816] 3291,ECG,1,-1,0,0,0,0,0
[13:57:07.832] 3291,ECG,2,-6,0,0,0,0,0
[13:57:07.832] 3296,ECG,3,2,0,0,0,0,0
[13:57:07.848] 3296,[DUMP_BEGIN]
[13:57:07.878] ECG,4,6,0,0,0,0,0
[13:57:07.878] 3296,ECG,5,-17,0,0,0,0,0
[13:57:07.910] 3301,ECG,6,38,0,0,0,0,0
[13:57:07.910] 3301,ECG,7,-16,0,0,0,0,0
[13:57:07.926] 3306,ECG,8,-26,0,0,0,0,0
[13:57:07.958] 3306,ECG,9,151,0,0,0,0,0
[13:57:07.958] 3306,ECG,10,-753,0,0,0,0,0
[13:57:07.988] 3311,ECG,11,-2109,0,0,0,0,0
[13:57:07.988] 3311,ECG,12,-1850,0,0,0,0,0
[13:57:08.003] 3311,ECG,13,-36,0,0,0,0,0
[13:57:08.034] 3316,ECG,14,3394,0,0,0,0,0
[13:57:08.034] 3316,ECG,15,8729,0,0,0,0,0
[13:57:08.066] 3321,ECG,16,15156,0,0,0,0,0
[13:57:08.066] 3321,ECG,17,21689,0,0,0,0,0
[13:57:08.082] 3321,ECG,18,27397,0,0,0,0,0
[13:57:08.114] 3326,ECG,19,31311,0,0,0,0,0
[13:57:08.114] 3326,ECG,20,32011,0,0,0,0,0
[13:57:08.146] 3331,ECG,21,31810,0,0,0,0,0
[13:57:08.146] 3331,ECG,22,31610,0,0,0,0,0
[13:57:08.162] 3331,ECG,23,31343,0,0,0,0,0
[13:57:08.191] 3336,ECG,24,31109,0,0,0,0,0
[13:57:08.192] 3336,ECG,25,31019,0,0,0,0,0
[13:57:08.210] 3341,ECG,26,30731,0,0,0,0,0
[13:57:08.210] 3341,ECG,27,30591,0,0,0,0,0
[13:57:08.242] 3341,ECG,28,30395,0,0,0,0,0
[13:57:08.273] 3346,ECG,29,30195,0,0,0,0,0
[13:57:08.273] 3346,ECG,30,30019,0,0,0,0,0
[13:57:08.288] 3351,ECG,31,29827,0,0,0,0,0
[13:57:08.288] 3351,ECG,32,29638,0,0,0,0,0
[13:57:08.320] 3351,ECG,33,29451,0,0,0,0,0
[13:57:08.352] 3356,ECG,34,29266,0,0,0,0,0
[13:57:08.353] 3356,ECG,35,29082,0,0,0,0,0
[13:57:08.368] 3361,ECG,36,28718,0,0,0,0,0
[13:57:08.369] 3361,ECG,37,28537,0,0,0,0,0
[13:57:08.400] 3366,ECG,38,28358,0,0,0,0,0
[13:57:08.432] 3366,ECG,39,28180,0,0,0,0,0
[13:57:08.432] 3366,ECG,40,28002,0,0,0,0,0
[13:57:08.448] 3371,ECG,41,27826,0,0,0,0,0
[13:57:08.448] 3371,ECG,42,27651,0,0,0,0,0
[13:57:08.480] 3376,ECG,43,27478,0,0,0,0,0
[13:57:08.496] 3376,ECG,44,27305,0,0,0,0,0
[13:57:08.496] 3376,ECG,45,27133,0,0,0,0,0
[13:57:08.526] 3381,ECG,46,26963,0,0,0,0,0
[13:57:08.527] 3381,ECG,47,26793,0,0,0,0,0
[13:57:08.557] 3386,ECG,48,26625,0,0,0,0,0
[13:57:08.589] 3386,ECG,49,26457,0,0,0,0,0
[13:57:08.590] 3386,ECG,50,26291,0,0,0,0,0
[13:57:08.604] 3391,ECG,51,26126,0,0,0,0,0
[13:57:08.605] 3391,ECG,52,25961,0,0,0,0,0
[13:57:08.636] 3396,ECG,53,25798,0,0,0,0,0
[13:57:08.652] 3396,ECG,54,25636,0,0,0,0,0
[13:57:08.653] 3396,ECG,55,25475,0,0,0,0,0
[13:57:08.684] 3401,ECG,56,25314,0,0,0,0,0
[13:57:08.684] 3401,ECG,57,25155,0,0,0,0,0
[13:57:08.716] 3406,ECG,58,24997,0,0,0,0,0
[13:57:08.732] 3406,ECG,59,24840,0,0,0,0,0
[13:57:08.732] 3406,ECG,60,24683,0,0,0,0,0
[13:57:08.762] 3411,ECG,61,24528,0,0,0,0,0
[13:57:08.762] 3411,ECG,62,24374,0,0,0,0,0
[13:57:08.793] 3411,ECG,63,24221,0,0,0,0,0
[13:57:08.808] 3416,ECG,64,24068,0,0,0,0,0
[13:57:08.808] 3416,ECG,65,23917,0,0,0,0,0
[13:57:08.840] 3421,ECG,66,23766,0,0,0,0,0
[13:57:08.871] 3421,ECG,67,23617,0,0,0,0,0
[13:57:08.871] 3421,ECG,68,23468,0,0,0,0,0
[13:57:08.887] 3426,ECG,69,23321,0,0,0,0,0
[13:57:08.888] 3426,ECG,70,23174,0,0,0,0,0
[13:57:08.918] 3431,ECG,71,23028,0,0,0,0,0
[13:57:08.950] 3431,ECG,72,22883,0,0,0,0,0
[13:57:08.951] 3431,ECG,73,22739,0,0,0,0,0
[13:57:08.966] 3436,ECG,74,22596,0,0,0,0,0
[13:57:08.966] 3436,ECG,75,22454,0,0,0,0,0
[13:57:08.997] 3441,ECG,76,22313,0,0,0,0,0
[13:57:09.030] 3441,ECG,77,22172,0,0,0,0,0
[13:57:09.031] 3441,ECG,78,22033,0,0,0,0,0
[13:57:09.046] 3446,ECG,79,21894,0,0,0,0,0
[13:57:09.046] 3446,ECG,80,21756,0,0,0,0,0
[13:57:09.078] 3446,ECG,81,21619,0,0,0,0,0
[13:57:09.094] 3451,ECG,82,21483,0,0,0,0,0
[13:57:09.094] 3451,ECG,83,21348,0,0,0,0,0
[13:57:09.125] 3456,ECG,84,21214,0,0,0,0,0
[13:57:09.125] 3456,ECG,85,21080,0,0,0,0,0
[13:57:09.156] 3456,ECG,86,20948,0,0,0,0,0
[13:57:09.171] 3461,ECG,87,20816,0,0,0,0,0
[13:57:09.171] 3461,ECG,88,20685,0,0,0,0,0
[13:57:09.203] 3466,ECG,89,20555,0,0,0,0,0
[13:57:09.203] 3466,ECG,90,20425,0,0,0,0,0
[13:57:09.235] 3466,ECG,91,20297,0,0,0,0,0
[13:57:09.313] 3471,ECG,92,20169,0,0,0,0,0
[13:57:09.315] 3471,ECG,93,20042,0,0,0,0,0
[13:57:09.315] 3476,ECG,94,19916,0,0,0,0,0
[13:57:09.316] 3476,ECG,95,19790,0,0,0,0,0
[13:57:09.316] 3476,ECG,96,19666,0,0,0,0,0
[13:57:09.333] 3481,ECG,97,19542,0,0,0,0,0
[13:57:09.334] 3481,ECG,98,19419,0,0,0,0,0
[13:57:09.359] 3486,ECG,99,19297,0,0,0,0,0
[13:57:09.359] 3486,ECG,100,19175,0,0,0,0,0
[13:57:09.390] 3486,ECG,101,19055,0,0,0,0,0
[13:57:09.405] 3491,ECG,102,18935,0,0,0,0,0
[13:57:09.405] 3491,ECG,103,18815,0,0,0,0,0
[13:57:09.437] 3496,ECG,104,18697,0,0,0,0,0
[13:57:09.468] 3496,ECG,105,18579,0,0,0,0,0
[13:57:09.469] 3496,ECG,106,18462,0,0,0,0,0
[13:57:09.483] 3501,ECG,107,18346,0,0,0,0,0
[13:57:09.484] 3501,ECG,108,18230,0,0,0,0,0
[13:57:09.514] 3501,ECG,109,18116,0,0,0,0,0
[13:57:09.545] 3506,ECG,110,18002,0,0,0,0,0
[13:57:09.546] 3506,ECG,111,17888,0,0,0,0,0
[13:57:09.577] 3511,ECG,112,17775,0,0,0,0,0
[13:57:09.592] 3511,ECG,113,17663,0,0,0,0,0
[13:57:09.592] 3511,ECG,114,17552,0,0,0,0,0
[13:57:09.623] 3516,ECG,115,17442,0,0,0,0,0
[13:57:09.623] 3516,ECG,116,17332,0,0,0,0,0
[13:57:09.654] 3521,ECG,117,17222,0,0,0,0,0
[13:57:09.670] 3521,ECG,118,17114,0,0,0,0,0
[13:57:09.670] 3521,ECG,119,17007,0,0,0,0,0
[13:57:09.700] 3526,ECG,120,16897,0,0,0,0,0
[13:57:09.731] 3526,ECG,121,16794,0,0,0,0,0
[13:57:09.731] 3531,ECG,122,16687,0,0,0,0,0
[13:57:09.748] 3531,ECG,123,16575,0,0,0,0,0
[13:57:09.748] 3531,ECG,124,16502,0,0,0,0,0
[13:57:09.779] 3536,ECG,125,16411,0,0,0,0,0
[13:57:09.811] 3536,ECG,126,16262,0,0,0,0,0
[13:57:09.811] 3541,ECG,127,16119,0,0,0,0,0
[13:57:09.826] 3541,ECG,128,15976,0,0,0,0,0
[13:57:09.857] 3541,ECG,129,15823,0,0,0,0,0
[13:57:09.857] 3546,ECG,130,15693,0,0,0,0,0
[13:57:09.889] 3546,ECG,131,15593,0,0,0,0,0
[13:57:09.889] 3546,ECG,132,15512,0,0,0,0,0
[13:57:09.905] 3551,ECG,133,15465,0,0,0,0,0
[13:57:09.936] 3551,ECG,134,15441,0,0,0,0,0
[13:57:09.937] 3556,ECG,135,15377,0,0,0,0,0
[13:57:09.952] 3556,ECG,136,15294,0,0,0,0,0
[13:57:09.982] 3556,ECG,137,15164,0,0,0,0,0
[13:57:09.982] 3561,ECG,138,14985,0,0,0,0,0
[13:57:10.014] 3561,ECG,139,14845,0,0,0,0,0
[13:57:10.014] 3566,ECG,140,14732,0,0,0,0,0
[13:57:10.045] 3566,ECG,141,14631,0,0,0,0,0
[13:57:10.061] 3566,ECG,142,14573,0,0,0,0,0
[13:57:10.061] 3571,ECG,143,14519,0,0,0,0,0
[13:57:10.092] 3571,ECG,144,14472,0,0,0,0,0
[13:57:10.122] 3576,ECG,145,14482,0,0,0,0,0
[13:57:10.122] 3576,ECG,146,14391,0,0,0,0,0
[13:57:10.137] 3576,ECG,147,14250,0,0,0,0,0
[13:57:10.137] 3581,ECG,148,14053,0,0,0,0,0
[13:57:10.168] 3581,ECG,149,13864,0,0,0,0,0
[13:57:10.199] 3586,ECG,150,13676,0,0,0,0,0
[13:57:10.199] 3586,ECG,151,13533,0,0,0,0,0
[13:57:10.215] 3586,ECG,152,13451,0,0,0,0,0
[13:57:10.245] 3591,ECG,153,13418,0,0,0,0,0
[13:57:10.245] 3591,ECG,154,13435,0,0,0,0,0
[13:57:10.276] 3591,ECG,155,13474,0,0,0,0,0
[13:57:10.276] 3596,ECG,156,13491,0,0,0,0,0
[13:57:10.292] 3596,ECG,157,13437,0,0,0,0,0
[13:57:10.323] 3601,ECG,158,13311,0,0,0,0,0
[13:57:10.323] 3601,ECG,159,13105,0,0,0,0,0
[13:57:10.354] 3601,ECG,160,12954,0,0,0,0,0
[13:57:10.370] 3606,ECG,161,12829,0,0,0,0,0
[13:57:10.370] 3606,ECG,162,12738,0,0,0,0,0
[13:57:10.401] 3611,ECG,163,12672,0,0,0,0,0
[13:57:10.401] 3611,ECG,164,12658,0,0,0,0,0
