[13:30:58.834] ✅ 连接成功，开始接收数据
[13:31:19.708] ⚠ 串口异常: ClearCommError failed (PermissionError(13, '设备不识别此命令。', None, 22))
[13:31:19.709] ⚠ 连接断开，等待重连...
[13:31:19.987] ❌ 连接失败，重试中...
[13:31:23.312] ❌ 连接失败，重试中...
[13:31:24.438] ✅ 连接成功，开始接收数据
[13:31:24.438] 📈 累计重连次数: 2
[13:31:26.737] [ECG_V1] Sensor task started
[13:31:26.738] [SENSOR] before MAX30003_Init
[13:31:26.738] [MAX30003] Initializing...
[13:31:26.738] [MAX30003_INIT] step=cs
[13:31:26.739] [MAX30003_INIT] step=sw_reset
[13:31:26.769] [MAX30003_INIT] step=status1
[13:31:26.784] [MAX30003_INIT] step=status2
[13:31:26.785] step=info1
[13:31:26.785] [MAX30003_INIT] step=info2
[13:31:26.785] step=info3
[13:31:26.785] 0x513639
[13:31:26.786] [MAX30003_INIT] step=cnfg_ecg
[13:31:26.800] NFG_ECG = 0x025000
[13:31:26.800] [MAX30003_INIT] step=cnfg_gen
[13:31:26.801] [MAX30003][OK] CNFG_GEN = 0x081217
[13:31:26.893] [MAX30003][OK] CNFG_CAL = 0x000000
[13:31:26.893] NFG_EMUX = 0x000000
