[12:22:46.804] ✅ 连接成功，开始接收数据
[12:22:58.988] ⚠ 串口异常: ClearCommError failed (PermissionError(13, '设备不识别此命令。', None, 22))
[12:22:58.988] ⚠ 连接断开，等待重连...
[12:22:59.476] ✅ 连接成功，开始接收数据
[12:22:59.476] 📈 累计重连次数: 2
[12:23:01.066] [SYS] RTOS Started, USB CDC Ready!
[12:23:01.670] [Touch] CST816 Chip ID: 0xB5
[12:23:02.215] [ECG_V1] Sensor task started
[12:23:02.215] [SENSOR] before MAX30003_Init
[12:26:05.198] ⚠ 串口异常: ClearCommError failed (PermissionError(13, '设备不识别此命令。', None, 22))
[12:26:05.198] 📊 本次连接统计: 4行数据
[12:26:05.198] ⚠ 连接断开，等待重连...
[12:26:05.463] ❌ 连接失败，重试中...
[12:26:06.114] ✅ 连接成功，开始接收数据
[12:26:06.114] 📈 累计重连次数: 3
[12:26:07.274] [SYS] RTOS Started, USB CDC Ready!
[12:26:07.867] [Touch] CST816 Chip ID: 0xB5
[12:26:08.321] [ECG_V1] Sensor task started
[12:26:08.337] [SENSOR] before MAX30003_Init
[12:27:33.649] ⚠ 串口异常: ClearCommError failed (PermissionError(13, '设备不识别此命令。', None, 22))
[12:27:33.649] 📊 本次连接统计: 4行数据
[12:27:33.650] ⚠ 连接断开，等待重连...
[12:27:33.908] ❌ 连接失败，重试中...
[12:27:37.207] ❌ 连接失败，重试中...
[12:27:38.350] ✅ 连接成功，开始接收数据
[12:27:38.354] 📈 累计重连次数: 4
[12:27:40.463] [ECG_V1] Sensor task started
[12:27:40.463] [SENSOR] before MAX30003_Init
