Traceback (most recent call last):
  File "C:\Users\ycs\OneDrive\桌面\codexppt\L496_0405\python\stm32_cdc_monitor.py", line 215, in open_log_file
    print(f"\u2713 日志文件已打开: {self.log_file} (覆盖模式)")
UnicodeEncodeError: 'gbk' codec can't encode character '\u2713' in position 0: illegal multibyte sequence

During handling of the above exception, another exception occurred:

Traceback (most recent call last):
  File "C:\Users\ycs\OneDrive\桌面\codexppt\L496_0405\python\stm32_cdc_monitor.py", line 489, in main
    monitor.run()
  File "C:\Users\ycs\OneDrive\桌面\codexppt\L496_0405\python\stm32_cdc_monitor.py", line 399, in run
    self.reconnect_loop()
  File "C:\Users\ycs\OneDrive\桌面\codexppt\L496_0405\python\stm32_cdc_monitor.py", line 315, in reconnect_loop
    if not self.open_log_file():
  File "C:\Users\ycs\OneDrive\桌面\codexppt\L496_0405\python\stm32_cdc_monitor.py", line 218, in open_log_file
    print(f"\u2717 打开日志文件失败: {e}")
UnicodeEncodeError: 'gbk' codec can't encode character '\u2717' in position 0: illegal multibyte sequence

During handling of the above exception, another exception occurred:

Traceback (most recent call last):
  File "C:\Users\ycs\OneDrive\桌面\codexppt\L496_0405\python\stm32_cdc_monitor.py", line 496, in <module>
    main()
  File "C:\Users\ycs\OneDrive\桌面\codexppt\L496_0405\python\stm32_cdc_monitor.py", line 491, in main
    print(f"\n\u2717 程序运行失败: {e}")
UnicodeEncodeError: 'gbk' codec can't encode character '\u2717' in position 2: illegal multibyte sequence
