[09:19:21.477] ✅ 连接成功，开始接收数据
[09:19:45.390] ⚠ 串口异常: ClearCommError failed (PermissionError(13, '设备不识别此命令。', None, 22))
[09:19:45.390] ⚠ 连接断开，等待重连...
[09:19:45.896] ✅ 连接成功，开始接收数据
[09:19:45.896] 📈 累计重连次数: 2
[09:19:47.470] [SYS] RTOS Started, USB CDC Ready!
[09:19:48.063] [Touch] CST816 Chip ID: 0xB5
[09:19:48.514] [ECG_V1] Sensor task started
[09:19:48.514] [SENSOR] before MAX30003_Init
[09:19:48.667] AX30003_Init
[09:19:48.683] [SENSOR] after MAX30003_INIT_DONE log
[09:19:48.683] [SDDBG] new log opened path=0:/log_001.txt
[09:19:48.683] [MS_SD] mount begin file=0:/ecg_001.csv
[09:19:48.683] [MS_SD] mount ok
[09:19:48.714] [MS_SD] open begin file=0:/ecg_001.csv
[09:19:48.714] [MS_SD] open ok
[09:19:48.714] [MS_SD] header ok bw=41
[09:19:48.729] [MS_SD] first sync res=0
[09:19:48.729] [MS_SD] file opened and released
[09:19:48.729] [REC] record start file_opened=1 tick=3264
[09:19:48.745] [REC] before MAX30003_StartStream tick=3265
[09:19:50.745] [REC] after MAX30003_StartStream tick=3266 start_tick=3211
[09:19:50.917] [MS_SUBMIT] ECG ok idx=0 count=1024 q=1 ok=1
[09:19:52.744] [MS_WRITER] wrote type=1 total=1 bytes=28670 ecg_written=1024 fail=0
[09:19:52.932] [MS_SUBMIT] ECG ok idx=1 count=1024 q=1 ok=2
[09:19:54.750] [MS_WRITER] wrote type=1 total=2 bytes=58430 ecg_written=2048 fail=0
[09:19:54.750] [MS_SUBMIT] ECG ok idx=0 count=1024 q=1 ok=3
[09:19:54.954] [MS_WRITER] got type=1 idx=0 count=1024 q=0 got=3
[09:19:56.522] ⚠ 串口异常: ClearCommError failed (PermissionError(13, '设备不识别此命令。', None, 22))
[09:19:56.522] 📊 本次连接统计: 23行数据
[09:19:56.523] ⚠ 连接断开，等待重连...
[09:19:56.781] ❌ 连接失败，重试中...
[09:19:57.436] ✅ 连接成功，开始接收数据
[09:19:57.437] 📈 累计重连次数: 3
[09:19:58.603] [SYS] RTOS Started, USB CDC Ready!
[09:19:59.198] [Touch] CST816 Chip ID: 0xB5
[09:19:59.713] [ECG_V1] Sensor task started
[09:19:59.729] [SENSOR] before MAX30003_Init
