
============================================================
STM32 USB CDC Monitor - 完美解决方案
============================================================
开始时间: 2026-05-26 10:06:11
目标端口: COM8
波特率: 115200
日志文件: logs\sd_board2_2026-05-26_10-06-11.cdc.log
============================================================
提示: 按 Ctrl+C 退出程序
============================================================

✓ 日志文件已打开: logs\sd_board2_2026-05-26_10-06-11.cdc.log (覆盖模式)
正在连接 COM8 (波特率: 115200)...
✓ 成功连接到 COM8
  连接时间: 10:06:11
  重连次数: 1
[10:06:11.951] ✅ 连接成功，开始接收数据
[10:06:37.324] ⚠ 串口异常: ClearCommError failed (PermissionError(13, '设备不识别此命令。', None, 22))
[10:06:37.324] ⚠ 连接断开，等待重连...
[10:06:37.600] ❌ 连接失败，重试中...
[10:06:40.944] ❌ 连接失败，重试中...
[10:06:44.217] ❌ 连接失败，重试中...
[10:06:47.493] ❌ 连接失败，重试中...
✓ 成功连接到 COM8
  连接时间: 10:06:49
  重连次数: 2
[10:06:49.069] ✅ 连接成功，开始接收数据
[10:06:49.069] 📈 累计重连次数: 2
[10:06:50.500] [SYS] RTOS Started, USB CDC Ready!
[10:06:51.096] [Touch] CST816 Chip ID: 0xB5
[10:06:51.550] [ECG_V1] Sensor task started
[10:06:51.597] [SENSOR] before MAX30003_Init
[10:06:51.738] AX30003_Init
[10:06:51.738] [SDDBG][ERR] open path=0:/debug_log.txt res=1
[10:06:51.738] [SENSOR] after MAX30003_INIT_DONE log
[10:06:51.769] [SDDBG][ERR] newfile mount path=0:/log_001.txt res=1
[10:06:51.769] [MS_SD] mount begin file=0:/ecg_001.csv
[10:06:52.284] [MS_SD][ERR] mount res=1
[10:06:54.824] [SDDBG][ERR] mutex timeout path=0:/log_001.txt
[10:06:54.824] [SDDBG][ERR] open path=0:/log_001.txt res=1
[10:13:36.837] ⚠ 串口异常: ClearCommError failed (PermissionError(13, '设备不识别此命令。', None, 22))
[10:13:36.837] 📊 本次连接统计: 12行数据
[10:13:36.837] ⚠ 连接断开，等待重连...
[10:13:37.109] ❌ 连接失败，重试中...
[10:13:40.434] ❌ 连接失败，重试中...
[10:13:43.735] ❌ 连接失败，重试中...
[10:13:47.056] ❌ 连接失败，重试中...
[10:13:50.366] ❌ 连接失败，重试中...
[10:13:53.689] ❌ 连接失败，重试中...
[10:13:57.015] ❌ 连接失败，重试中...
[10:14:00.332] ❌ 连接失败，重试中...
[10:14:03.649] ❌ 连接失败，重试中...
[10:14:06.969] ❌ 连接失败，重试中...
[10:14:10.284] ❌ 连接失败，重试中...
[10:14:13.654] ❌ 连接失败，重试中...
[10:14:16.943] ❌ 连接失败，重试中...
[10:14:20.272] ❌ 连接失败，重试中...
[10:14:23.574] ❌ 连接失败，重试中...
[10:14:26.907] ❌ 连接失败，重试中...
[10:14:30.242] ❌ 连接失败，重试中...
[10:14:33.544] ❌ 连接失败，重试中...
[10:14:36.813] ❌ 连接失败，重试中...
[10:14:40.097] ❌ 连接失败，重试中...
[10:14:43.335] ❌ 连接失败，重试中...
[10:14:46.648] ❌ 连接失败，重试中...
[10:14:49.945] ❌ 连接失败，重试中...
[10:14:53.291] ❌ 连接失败，重试中...
[10:14:56.631] ❌ 连接失败，重试中...
[10:14:59.955] ❌ 连接失败，重试中...
[10:15:03.274] ❌ 连接失败，重试中...
[10:15:06.610] ❌ 连接失败，重试中...
[10:15:09.899] ❌ 连接失败，重试中...
[10:15:13.229] ❌ 连接失败，重试中...
[10:15:16.529] ❌ 连接失败，重试中...
[10:15:19.860] ❌ 连接失败，重试中...
[10:15:23.182] ❌ 连接失败，重试中...
[10:15:26.497] ❌ 连接失败，重试中...
[10:15:29.801] ❌ 连接失败，重试中...
[10:15:33.114] ❌ 连接失败，重试中...
[10:15:36.392] ❌ 连接失败，重试中...
[10:15:39.675] ❌ 连接失败，重试中...
[10:15:42.964] ❌ 连接失败，重试中...
[10:15:46.255] ❌ 连接失败，重试中...
[10:15:49.542] ❌ 连接失败，重试中...
[10:15:52.841] ❌ 连接失败，重试中...
[10:15:56.134] ❌ 连接失败，重试中...
[10:15:59.421] ❌ 连接失败，重试中...
[10:16:02.703] ❌ 连接失败，重试中...
[10:16:05.989] ❌ 连接失败，重试中...
[10:16:09.266] ❌ 连接失败，重试中...
[10:16:12.555] ❌ 连接失败，重试中...
[10:16:15.847] ❌ 连接失败，重试中...
[10:16:19.130] ❌ 连接失败，重试中...
[10:16:22.406] ❌ 连接失败，重试中...
[10:16:25.687] ❌ 连接失败，重试中...
[10:16:28.984] ❌ 连接失败，重试中...
[10:16:32.261] ❌ 连接失败，重试中...
[10:16:35.539] ❌ 连接失败，重试中...
[10:16:38.830] ❌ 连接失败，重试中...
[10:16:42.107] ❌ 连接失败，重试中...
[10:16:45.398] ❌ 连接失败，重试中...
[10:16:48.684] ❌ 连接失败，重试中...
[10:16:51.976] ❌ 连接失败，重试中...
[10:16:55.251] ❌ 连接失败，重试中...
[10:16:58.534] ❌ 连接失败，重试中...
[10:17:01.813] ❌ 连接失败，重试中...
[10:17:05.095] ❌ 连接失败，重试中...
[10:17:08.386] ❌ 连接失败，重试中...
[10:17:11.663] ❌ 连接失败，重试中...
[10:17:14.946] ❌ 连接失败，重试中...
[10:17:18.230] ❌ 连接失败，重试中...
[10:17:21.504] ❌ 连接失败，重试中...
[10:17:24.787] ❌ 连接失败，重试中...
[10:17:28.077] ❌ 连接失败，重试中...
[10:17:31.365] ❌ 连接失败，重试中...
[10:17:34.648] ❌ 连接失败，重试中...
[10:17:37.936] ❌ 连接失败，重试中...
[10:17:41.218] ❌ 连接失败，重试中...
[10:17:44.498] ❌ 连接失败，重试中...
[10:17:47.801] ❌ 连接失败，重试中...
[10:17:51.091] ❌ 连接失败，重试中...
[10:17:54.374] ❌ 连接失败，重试中...
[10:17:57.661] ❌ 连接失败，重试中...
[10:18:00.944] ❌ 连接失败，重试中...
[10:18:04.216] ❌ 连接失败，重试中...
[10:18:07.506] ❌ 连接失败，重试中...
[10:18:10.804] ❌ 连接失败，重试中...
[10:18:14.097] ❌ 连接失败，重试中...
[10:18:17.385] ❌ 连接失败，重试中...
[10:18:20.664] ❌ 连接失败，重试中...
[10:18:23.961] ❌ 连接失败，重试中...
[10:18:27.249] ❌ 连接失败，重试中...
[10:18:30.528] ❌ 连接失败，重试中...
[10:18:33.814] ❌ 连接失败，重试中...
[10:18:37.101] ❌ 连接失败，重试中...
[10:18:40.399] ❌ 连接失败，重试中...
[10:18:43.684] ❌ 连接失败，重试中...
[10:18:46.983] ❌ 连接失败，重试中...
[10:18:50.265] ❌ 连接失败，重试中...
[10:18:53.550] ❌ 连接失败，重试中...
[10:18:56.828] ❌ 连接失败，重试中...
[10:19:00.101] ❌ 连接失败，重试中...
[10:19:03.379] ❌ 连接失败，重试中...
[10:19:06.657] ❌ 连接失败，重试中...
[10:19:09.942] ❌ 连接失败，重试中...
[10:19:13.227] ❌ 连接失败，重试中...
[10:19:16.524] ❌ 连接失败，重试中...
[10:19:19.813] ❌ 连接失败，重试中...
[10:19:23.096] ❌ 连接失败，重试中...
[10:19:26.373] ❌ 连接失败，重试中...
[10:19:29.659] ❌ 连接失败，重试中...
[10:19:32.940] ❌ 连接失败，重试中...
[10:19:36.223] ❌ 连接失败，重试中...
[10:19:39.503] ❌ 连接失败，重试中...
[10:19:42.787] ❌ 连接失败，重试中...
[10:19:46.077] ❌ 连接失败，重试中...
[10:19:49.373] ❌ 连接失败，重试中...
[10:19:52.658] ❌ 连接失败，重试中...
[10:19:55.940] ❌ 连接失败，重试中...
[10:19:59.227] ❌ 连接失败，重试中...
[10:20:02.514] ❌ 连接失败，重试中...
[10:20:05.795] ❌ 连接失败，重试中...
[10:20:09.085] ❌ 连接失败，重试中...
[10:20:12.376] ❌ 连接失败，重试中...
[10:20:15.666] ❌ 连接失败，重试中...
[10:20:18.968] ❌ 连接失败，重试中...
[10:20:22.250] ❌ 连接失败，重试中...
[10:20:25.529] ❌ 连接失败，重试中...
[10:20:28.817] ❌ 连接失败，重试中...
[10:20:32.094] ❌ 连接失败，重试中...
