[10:06:11.951] ✅ 连接成功，开始接收数据
[10:06:37.324] ⚠ 串口异常: ClearCommError failed (PermissionError(13, '设备不识别此命令。', None, 22))
[10:06:37.324] ⚠ 连接断开，等待重连...
[10:06:37.600] ❌ 连接失败，重试中...
[10:06:40.944] ❌ 连接失败，重试中...
[10:06:44.217] ❌ 连接失败，重试中...
[10:06:47.493] ❌ 连接失败，重试中...
[10:06:49.069] ✅ 连接成功，开始接收数据
[10:06:49.069] 📈 累计重连次数: 2
[10:06:50.500] [SYS] RTOS Started, USB CDC Ready!
[10:06:51.096] [Touch] CST816 Chip ID: 0xB5
[10:06:51.550] [ECG_V1] Sensor task started
[10:06:51.597] [SENSOR] before MAX30003_Init
[10:06:51.738] AX30003_Init
[10:06:51.738] [SDDBG][ERR] open path=0:/debug_log.txt res=1
[10:06:51.738] [SENSOR] after MAX30003_INIT_DONE log
[10:06:51.769] [SDDBG][ERR] newfile mount path=0:/log_001.txt res=1
[10:06:51.769] [MS_SD] mount begin file=0:/ecg_001.csv
[10:06:52.284] [MS_SD][ERR] mount res=1
[10:06:54.824] [SDDBG][ERR] mutex timeout path=0:/log_001.txt
[10:06:54.824] [SDDBG][ERR] open path=0:/log_001.txt res=1
[10:13:36.837] ⚠ 串口异常: ClearCommError failed (PermissionError(13, '设备不识别此命令。', None, 22))
[10:13:36.837] 📊 本次连接统计: 12行数据
[10:13:36.837] ⚠ 连接断开，等待重连...
[10:13:37.109] ❌ 连接失败，重试中...
[10:13:40.434] ❌ 连接失败，重试中...
[10:13:43.735] ❌ 连接失败，重试中...
[10:13:47.056] ❌ 连接失败，重试中...
[10:13:50.366] ❌ 连接失败，重试中...
[10:13:53.689] ❌ 连接失败，重试中...
[10:13:57.015] ❌ 连接失败，重试中...
[10:14:00.332] ❌ 连接失败，重试中...
[10:14:03.649] ❌ 连接失败，重试中...
[10:14:06.969] ❌ 连接失败，重试中...
[10:14:10.284] ❌ 连接失败，重试中...
[10:14:13.654] ❌ 连接失败，重试中...
[10:14:16.943] ❌ 连接失败，重试中...
[10:14:20.272] ❌ 连接失败，重试中...
[10:14:23.574] ❌ 连接失败，重试中...
[10:14:26.907] ❌ 连接失败，重试中...
[10:14:30.242] ❌ 连接失败，重试中...
[10:14:33.544] ❌ 连接失败，重试中...
[10:14:36.813] ❌ 连接失败，重试中...
[10:14:40.097] ❌ 连接失败，重试中...
[10:14:43.335] ❌ 连接失败，重试中...
[10:14:46.648] ❌ 连接失败，重试中...
[10:14:49.945] ❌ 连接失败，重试中...
[10:14:53.291] ❌ 连接失败，重试中...
[10:14:56.631] ❌ 连接失败，重试中...
[10:14:59.955] ❌ 连接失败，重试中...
[10:15:03.274] ❌ 连接失败，重试中...
[10:15:06.610] ❌ 连接失败，重试中...
[10:15:09.899] ❌ 连接失败，重试中...
[10:15:13.229] ❌ 连接失败，重试中...
[10:15:16.529] ❌ 连接失败，重试中...
[10:15:19.860] ❌ 连接失败，重试中...
[10:15:23.182] ❌ 连接失败，重试中...
[10:15:26.497] ❌ 连接失败，重试中...
[10:15:29.801] ❌ 连接失败，重试中...
[10:15:33.114] ❌ 连接失败，重试中...
[10:15:36.392] ❌ 连接失败，重试中...
[10:15:39.675] ❌ 连接失败，重试中...
[10:15:42.964] ❌ 连接失败，重试中...
[10:15:46.255] ❌ 连接失败，重试中...
[10:15:49.542] ❌ 连接失败，重试中...
[10:15:52.841] ❌ 连接失败，重试中...
[10:15:56.134] ❌ 连接失败，重试中...
[10:15:59.421] ❌ 连接失败，重试中...
[10:16:02.703] ❌ 连接失败，重试中...
[10:16:05.989] ❌ 连接失败，重试中...
[10:16:09.266] ❌ 连接失败，重试中...
[10:16:12.555] ❌ 连接失败，重试中...
[10:16:15.847] ❌ 连接失败，重试中...
[10:16:19.130] ❌ 连接失败，重试中...
[10:16:22.406] ❌ 连接失败，重试中...
[10:16:25.687] ❌ 连接失败，重试中...
[10:16:28.984] ❌ 连接失败，重试中...
[10:16:32.261] ❌ 连接失败，重试中...
[10:16:35.539] ❌ 连接失败，重试中...
[10:16:38.830] ❌ 连接失败，重试中...
[10:16:42.107] ❌ 连接失败，重试中...
[10:16:45.398] ❌ 连接失败，重试中...
[10:16:48.684] ❌ 连接失败，重试中...
[10:16:51.976] ❌ 连接失败，重试中...
[10:16:55.251] ❌ 连接失败，重试中...
[10:16:58.534] ❌ 连接失败，重试中...
[10:17:01.813] ❌ 连接失败，重试中...
[10:17:05.095] ❌ 连接失败，重试中...
[10:17:08.386] ❌ 连接失败，重试中...
[10:17:11.663] ❌ 连接失败，重试中...
[10:17:14.946] ❌ 连接失败，重试中...
[10:17:18.230] ❌ 连接失败，重试中...
[10:17:21.504] ❌ 连接失败，重试中...
[10:17:24.787] ❌ 连接失败，重试中...
[10:17:28.077] ❌ 连接失败，重试中...
[10:17:31.365] ❌ 连接失败，重试中...
[10:17:34.648] ❌ 连接失败，重试中...
[10:17:37.936] ❌ 连接失败，重试中...
[10:17:41.218] ❌ 连接失败，重试中...
[10:17:44.498] ❌ 连接失败，重试中...
[10:17:47.801] ❌ 连接失败，重试中...
[10:17:51.091] ❌ 连接失败，重试中...
[10:17:54.374] ❌ 连接失败，重试中...
[10:17:57.661] ❌ 连接失败，重试中...
[10:18:00.944] ❌ 连接失败，重试中...
[10:18:04.216] ❌ 连接失败，重试中...
[10:18:07.506] ❌ 连接失败，重试中...
[10:18:10.804] ❌ 连接失败，重试中...
[10:18:14.097] ❌ 连接失败，重试中...
[10:18:17.385] ❌ 连接失败，重试中...
[10:18:20.664] ❌ 连接失败，重试中...
[10:18:23.961] ❌ 连接失败，重试中...
[10:18:27.249] ❌ 连接失败，重试中...
[10:18:30.528] ❌ 连接失败，重试中...
[10:18:33.814] ❌ 连接失败，重试中...
[10:18:37.101] ❌ 连接失败，重试中...
[10:18:40.399] ❌ 连接失败，重试中...
[10:18:43.684] ❌ 连接失败，重试中...
[10:18:46.983] ❌ 连接失败，重试中...
[10:18:50.265] ❌ 连接失败，重试中...
[10:18:53.550] ❌ 连接失败，重试中...
[10:18:56.828] ❌ 连接失败，重试中...
[10:19:00.101] ❌ 连接失败，重试中...
[10:19:03.379] ❌ 连接失败，重试中...
[10:19:06.657] ❌ 连接失败，重试中...
[10:19:09.942] ❌ 连接失败，重试中...
[10:19:13.227] ❌ 连接失败，重试中...
[10:19:16.524] ❌ 连接失败，重试中...
[10:19:19.813] ❌ 连接失败，重试中...
[10:19:23.096] ❌ 连接失败，重试中...
[10:19:26.373] ❌ 连接失败，重试中...
[10:19:29.659] ❌ 连接失败，重试中...
[10:19:32.940] ❌ 连接失败，重试中...
[10:19:36.223] ❌ 连接失败，重试中...
[10:19:39.503] ❌ 连接失败，重试中...
[10:19:42.787] ❌ 连接失败，重试中...
[10:19:46.077] ❌ 连接失败，重试中...
[10:19:49.373] ❌ 连接失败，重试中...
[10:19:52.658] ❌ 连接失败，重试中...
[10:19:55.940] ❌ 连接失败，重试中...
[10:19:59.227] ❌ 连接失败，重试中...
[10:20:02.514] ❌ 连接失败，重试中...
[10:20:05.795] ❌ 连接失败，重试中...
[10:20:09.085] ❌ 连接失败，重试中...
[10:20:12.376] ❌ 连接失败，重试中...
[10:20:15.666] ❌ 连接失败，重试中...
[10:20:18.968] ❌ 连接失败，重试中...
[10:20:22.250] ❌ 连接失败，重试中...
[10:20:25.529] ❌ 连接失败，重试中...
[10:20:28.817] ❌ 连接失败，重试中...
[10:20:32.094] ❌ 连接失败，重试中...
[10:20:35.369] ❌ 连接失败，重试中...
[10:20:38.653] ❌ 连接失败，重试中...
[10:20:41.959] ❌ 连接失败，重试中...
[10:20:45.254] ❌ 连接失败，重试中...
[10:20:48.532] ❌ 连接失败，重试中...
[10:20:51.818] ❌ 连接失败，重试中...
[10:20:55.099] ❌ 连接失败，重试中...
[10:20:58.382] ❌ 连接失败，重试中...
[10:21:01.664] ❌ 连接失败，重试中...
[10:21:04.957] ❌ 连接失败，重试中...
[10:21:08.250] ❌ 连接失败，重试中...
[10:21:11.526] ❌ 连接失败，重试中...
[10:21:14.811] ❌ 连接失败，重试中...
[10:21:18.108] ❌ 连接失败，重试中...
[10:21:21.388] ❌ 连接失败，重试中...
[10:21:24.680] ❌ 连接失败，重试中...
[10:21:27.961] ❌ 连接失败，重试中...
[10:21:31.240] ❌ 连接失败，重试中...
[10:21:34.525] ❌ 连接失败，重试中...
[10:21:37.799] ❌ 连接失败，重试中...
[10:21:41.080] ❌ 连接失败，重试中...
[10:21:44.369] ❌ 连接失败，重试中...
[10:21:47.645] ❌ 连接失败，重试中...
[10:21:50.929] ❌ 连接失败，重试中...
[10:21:54.217] ❌ 连接失败，重试中...
[10:21:57.494] ❌ 连接失败，重试中...
[10:22:00.782] ❌ 连接失败，重试中...
[10:22:04.059] ❌ 连接失败，重试中...
[10:22:07.340] ❌ 连接失败，重试中...
[10:22:10.620] ❌ 连接失败，重试中...
[10:22:13.908] ❌ 连接失败，重试中...
[10:22:17.194] ❌ 连接失败，重试中...
[10:22:20.490] ❌ 连接失败，重试中...
[10:22:23.772] ❌ 连接失败，重试中...
[10:22:27.062] ❌ 连接失败，重试中...
[10:22:30.336] ❌ 连接失败，重试中...
[10:22:33.615] ❌ 连接失败，重试中...
[10:22:36.888] ❌ 连接失败，重试中...
[10:22:40.167] ❌ 连接失败，重试中...
[10:22:43.450] ❌ 连接失败，重试中...
[10:22:46.743] ❌ 连接失败，重试中...
[10:22:50.023] ❌ 连接失败，重试中...
[10:22:53.315] ❌ 连接失败，重试中...
[10:22:56.599] ❌ 连接失败，重试中...
[10:22:59.877] ❌ 连接失败，重试中...
[10:23:03.152] ❌ 连接失败，重试中...
[10:23:06.474] ❌ 连接失败，重试中...
[10:23:09.764] ❌ 连接失败，重试中...
[10:23:13.041] ❌ 连接失败，重试中...
[10:23:16.325] ❌ 连接失败，重试中...
[10:23:19.610] ❌ 连接失败，重试中...
[10:23:22.893] ❌ 连接失败，重试中...
[10:23:26.178] ❌ 连接失败，重试中...
[10:23:29.465] ❌ 连接失败，重试中...
[10:23:32.754] ❌ 连接失败，重试中...
[10:23:36.042] ❌ 连接失败，重试中...
[10:23:39.328] ❌ 连接失败，重试中...
[10:23:42.607] ❌ 连接失败，重试中...
[10:23:45.887] ❌ 连接失败，重试中...
[10:23:49.178] ❌ 连接失败，重试中...
[10:23:52.462] ❌ 连接失败，重试中...
[10:23:55.743] ❌ 连接失败，重试中...
[10:23:59.037] ❌ 连接失败，重试中...
[10:24:02.336] ❌ 连接失败，重试中...
[10:24:05.611] ❌ 连接失败，重试中...
[10:24:08.888] ❌ 连接失败，重试中...
[10:24:12.159] ❌ 连接失败，重试中...
[10:24:15.428] ❌ 连接失败，重试中...
[10:24:18.720] ❌ 连接失败，重试中...
[10:24:22.003] ❌ 连接失败，重试中...
[10:24:25.289] ❌ 连接失败，重试中...
[10:24:28.558] ❌ 连接失败，重试中...
[10:24:31.842] ❌ 连接失败，重试中...
[10:24:35.119] ❌ 连接失败，重试中...
[10:24:38.407] ❌ 连接失败，重试中...
[10:24:41.691] ❌ 连接失败，重试中...
[10:24:44.966] ❌ 连接失败，重试中...
[10:24:48.252] ❌ 连接失败，重试中...
[10:24:51.536] ❌ 连接失败，重试中...
[10:24:54.823] ❌ 连接失败，重试中...
[10:24:58.105] ❌ 连接失败，重试中...
[10:25:01.387] ❌ 连接失败，重试中...
[10:25:04.658] ❌ 连接失败，重试中...
[10:25:07.940] ❌ 连接失败，重试中...
[10:25:11.217] ❌ 连接失败，重试中...
[10:25:14.499] ❌ 连接失败，重试中...
[10:25:17.787] ❌ 连接失败，重试中...
[10:25:21.066] ❌ 连接失败，重试中...
[10:25:24.343] ❌ 连接失败，重试中...
[10:25:27.625] ❌ 连接失败，重试中...
[10:25:30.901] ❌ 连接失败，重试中...
[10:25:34.182] ❌ 连接失败，重试中...
[10:25:37.460] ❌ 连接失败，重试中...
[10:25:40.738] ❌ 连接失败，重试中...
[10:25:44.031] ❌ 连接失败，重试中...
[10:25:47.315] ❌ 连接失败，重试中...
[10:25:50.600] ❌ 连接失败，重试中...
[10:25:53.881] ❌ 连接失败，重试中...
[10:25:57.169] ❌ 连接失败，重试中...
[10:26:00.453] ❌ 连接失败，重试中...
[10:26:03.734] ❌ 连接失败，重试中...
[10:26:07.019] ❌ 连接失败，重试中...
[10:26:10.305] ❌ 连接失败，重试中...
[10:26:13.579] ❌ 连接失败，重试中...
[10:26:16.870] ❌ 连接失败，重试中...
[10:26:20.163] ❌ 连接失败，重试中...
[10:26:23.467] ❌ 连接失败，重试中...
[10:26:26.796] ❌ 连接失败，重试中...
[10:26:30.142] ❌ 连接失败，重试中...
[10:26:33.466] ❌ 连接失败，重试中...
[10:26:36.755] ❌ 连接失败，重试中...
[10:26:40.033] ❌ 连接失败，重试中...
[10:26:43.356] ❌ 连接失败，重试中...
[10:26:46.662] ❌ 连接失败，重试中...
[10:26:49.963] ❌ 连接失败，重试中...
[10:26:53.250] ❌ 连接失败，重试中...
[10:26:56.526] ❌ 连接失败，重试中...
[10:26:59.809] ❌ 连接失败，重试中...
[10:27:03.093] ❌ 连接失败，重试中...
[10:27:06.379] ❌ 连接失败，重试中...
[10:27:09.685] ❌ 连接失败，重试中...
[10:27:12.971] ❌ 连接失败，重试中...
[10:27:16.259] ❌ 连接失败，重试中...
[10:27:19.551] ❌ 连接失败，重试中...
[10:27:22.834] ❌ 连接失败，重试中...
[10:27:26.113] ❌ 连接失败，重试中...
[10:27:29.398] ❌ 连接失败，重试中...
[10:27:32.676] ❌ 连接失败，重试中...
[10:27:35.956] ❌ 连接失败，重试中...
[10:27:39.237] ❌ 连接失败，重试中...
[10:27:42.516] ❌ 连接失败，重试中...
[10:27:45.794] ❌ 连接失败，重试中...
[10:27:49.087] ❌ 连接失败，重试中...
[10:27:52.375] ❌ 连接失败，重试中...
[10:27:55.665] ❌ 连接失败，重试中...
[10:27:58.947] ❌ 连接失败，重试中...
[10:28:02.231] ❌ 连接失败，重试中...
[10:28:05.521] ❌ 连接失败，重试中...
[10:28:08.801] ❌ 连接失败，重试中...
[10:28:12.083] ❌ 连接失败，重试中...
[10:28:15.369] ❌ 连接失败，重试中...
[10:28:18.665] ❌ 连接失败，重试中...
[10:28:21.939] ❌ 连接失败，重试中...
[10:28:25.233] ❌ 连接失败，重试中...
[10:28:28.521] ❌ 连接失败，重试中...
[10:28:31.800] ❌ 连接失败，重试中...
[10:28:35.081] ❌ 连接失败，重试中...
[10:28:38.368] ❌ 连接失败，重试中...
[10:28:41.654] ❌ 连接失败，重试中...
[10:28:44.938] ❌ 连接失败，重试中...
[10:28:48.225] ❌ 连接失败，重试中...
[10:28:51.502] ❌ 连接失败，重试中...
[10:28:54.785] ❌ 连接失败，重试中...
[10:28:58.074] ❌ 连接失败，重试中...
[10:29:01.355] ❌ 连接失败，重试中...
[10:29:04.633] ❌ 连接失败，重试中...
[10:29:07.921] ❌ 连接失败，重试中...
[10:29:11.206] ❌ 连接失败，重试中...
[10:29:14.487] ❌ 连接失败，重试中...
[10:29:17.817] ❌ 连接失败，重试中...
[10:29:21.122] ❌ 连接失败，重试中...
[10:29:24.425] ❌ 连接失败，重试中...
[10:29:27.702] ❌ 连接失败，重试中...
[10:29:30.992] ❌ 连接失败，重试中...
[10:29:34.264] ❌ 连接失败，重试中...
[10:29:37.545] ❌ 连接失败，重试中...
[10:29:40.830] ❌ 连接失败，重试中...
[10:29:44.113] ❌ 连接失败，重试中...
[10:29:47.386] ❌ 连接失败，重试中...
[10:29:50.666] ❌ 连接失败，重试中...
[10:29:53.953] ❌ 连接失败，重试中...
[10:29:57.226] ❌ 连接失败，重试中...
[10:30:00.514] ❌ 连接失败，重试中...
[10:30:03.795] ❌ 连接失败，重试中...
[10:30:07.072] ❌ 连接失败，重试中...
[10:30:10.353] ❌ 连接失败，重试中...
[10:30:13.634] ❌ 连接失败，重试中...
[10:30:16.907] ❌ 连接失败，重试中...
[10:30:20.190] ❌ 连接失败，重试中...
[10:30:23.472] ❌ 连接失败，重试中...
[10:30:26.752] ❌ 连接失败，重试中...
[10:30:30.028] ❌ 连接失败，重试中...
[10:30:33.305] ❌ 连接失败，重试中...
[10:30:36.595] ❌ 连接失败，重试中...
[10:30:39.901] ❌ 连接失败，重试中...
[10:30:43.182] ❌ 连接失败，重试中...
[10:30:46.462] ❌ 连接失败，重试中...
[10:30:49.743] ❌ 连接失败，重试中...
[10:30:53.025] ❌ 连接失败，重试中...
[10:30:56.296] ❌ 连接失败，重试中...
[10:30:59.562] ❌ 连接失败，重试中...
[10:31:02.843] ❌ 连接失败，重试中...
[10:31:06.120] ❌ 连接失败，重试中...
[10:31:09.398] ❌ 连接失败，重试中...
[10:31:12.680] ❌ 连接失败，重试中...
[10:31:15.959] ❌ 连接失败，重试中...
[10:31:19.251] ❌ 连接失败，重试中...
[10:31:22.561] ❌ 连接失败，重试中...
[10:31:25.849] ❌ 连接失败，重试中...
[10:31:29.132] ❌ 连接失败，重试中...
[10:31:32.406] ❌ 连接失败，重试中...
[10:31:35.686] ❌ 连接失败，重试中...
[10:31:38.955] ❌ 连接失败，重试中...
[10:31:42.233] ❌ 连接失败，重试中...
[10:31:45.511] ❌ 连接失败，重试中...
[10:31:48.800] ❌ 连接失败，重试中...
[10:31:52.087] ❌ 连接失败，重试中...
[10:31:55.358] ❌ 连接失败，重试中...
[10:31:58.640] ❌ 连接失败，重试中...
[10:32:01.923] ❌ 连接失败，重试中...
[10:32:05.199] ❌ 连接失败，重试中...
[10:32:08.473] ❌ 连接失败，重试中...
[10:32:11.757] ❌ 连接失败，重试中...
[10:32:15.047] ❌ 连接失败，重试中...
[10:32:18.320] ❌ 连接失败，重试中...
[10:32:21.590] ❌ 连接失败，重试中...
[10:32:24.865] ❌ 连接失败，重试中...
[10:32:28.139] ❌ 连接失败，重试中...
[10:32:31.416] ❌ 连接失败，重试中...
[10:32:34.697] ❌ 连接失败，重试中...
[10:32:37.985] ❌ 连接失败，重试中...
[10:32:41.254] ❌ 连接失败，重试中...
[10:32:44.542] ❌ 连接失败，重试中...
[10:32:47.829] ❌ 连接失败，重试中...
[10:32:51.108] ❌ 连接失败，重试中...
[10:32:54.403] ❌ 连接失败，重试中...
[10:32:57.704] ❌ 连接失败，重试中...
[10:33:00.987] ❌ 连接失败，重试中...
[10:33:04.265] ❌ 连接失败，重试中...
[10:33:07.545] ❌ 连接失败，重试中...
[10:33:10.816] ❌ 连接失败，重试中...
[10:33:14.094] ❌ 连接失败，重试中...
[10:33:17.364] ❌ 连接失败，重试中...
[10:33:20.640] ❌ 连接失败，重试中...
[10:33:23.918] ❌ 连接失败，重试中...
[10:33:27.369] ✅ 连接成功，开始接收数据
[10:33:27.369] 📈 累计重连次数: 3
[10:33:28.670] [SYS] RTOS Started, USB CDC Ready!
[10:33:29.777] [BSP_SD] HAL_SD_Init ret=0 err=0x00000000
[10:33:29.777] [BSP_SD] Config1B ret=0 err=0x00000000
[10:33:29.824] [ECG_V1] Sensor task started
[10:33:29.855] [SENSOR] before MAX30003_Init
[10:33:30.010] AX30003_Init
[10:33:30.010] [BSP_SD][ERR] ReadBlocks addr=0 n=1 err=0x00000001
[10:33:30.010] [SDDBG][ERR] open path=0:/debug_log.txt res=1
[10:33:30.010] [SENSOR] after MAX30003_INIT_DONE log
[10:33:30.010] [BSP_SD][ERR] ReadBlocks addr=0 n=1 err=0x00000001
[10:33:30.056] [SDDBG][ERR] newfile mount path=0:/log_001.txt res=1
[10:33:30.056] [MS_SD] mount begin file=0:/ecg_001.csv
[10:33:30.056] [BSP_SD][ERR] ReadBlocks addr=0 n=1 err=0x00000001
[10:33:30.570] [MS_SD][ERR] mount res=1
[10:33:33.098] [SDDBG][ERR] mutex timeout path=0:/log_001.txt
[10:33:33.098] [BSP_SD][ERR] ReadBlocks addr=0 n=1 err=0x00000001
[10:33:33.113] [SDDBG][ERR] open path=0:/log_001.txt res=1
