[10:50:34.322] ✅ 连接成功，开始接收数据
[10:51:05.248] ⚠ 串口异常: ClearCommError failed (PermissionError(13, '设备不识别此命令。', None, 22))
[10:51:05.248] ⚠ 连接断开，等待重连...
[10:51:05.539] ❌ 连接失败，重试中...
[10:51:06.194] ✅ 连接成功，开始接收数据
[10:51:06.194] 📈 累计重连次数: 2
[10:51:07.314] [SYS] RTOS Started, USB CDC Ready!
[10:51:08.333] [BSP_SD] HAL_SD_Init ret=0 err=0x00000000
[10:51:08.333] [BSP_SD] Config1B ret=0 err=0x00000000
[10:51:08.427] [ECG_V1] Sensor task started
[10:51:08.522] [SENSOR] before MAX30003_Init
[10:51:08.677] AX30003_Init
[10:51:08.677] [BSP_SD][ERR] ReadBlocks addr=0 n=1 err=0x00000001
[10:51:08.677] [SDDBG][ERR] open path=0:/debug_log.txt res=1
[10:51:08.677] [SENSOR] after MAX30003_INIT_DONE log
[10:51:08.677] [BSP_SD][ERR] ReadBlocks addr=0 n=1 err=0x00000001
[10:51:08.692] [SDDBG][ERR] newfile mount path=0:/log_001.txt res=1
[10:51:08.707] [MS_SD] mount begin file=0:/ecg_001.csv
[10:51:08.707] [BSP_SD][ERR] ReadBlocks addr=0 n=1 err=0x00000001
[10:51:09.221] [MS_SD][ERR] mount res=1
[10:51:11.764] [SDDBG][ERR] mutex timeout path=0:/log_001.txt
[10:51:11.764] [BSP_SD][ERR] ReadBlocks addr=0 n=1 err=0x00000001
[10:51:11.764] [SDDBG][ERR] open path=0:/log_001.txt res=1
[10:56:06.975] ⚠ 串口异常: ClearCommError failed (PermissionError(13, '设备不识别此命令。', None, 22))
[10:56:06.975] 📊 本次连接统计: 17行数据
[10:56:06.975] ⚠ 连接断开，等待重连...
[10:56:07.233] ❌ 连接失败，重试中...
[10:56:10.523] ❌ 连接失败，重试中...
[10:56:13.820] ❌ 连接失败，重试中...
[10:56:17.118] ❌ 连接失败，重试中...
[10:56:20.408] ❌ 连接失败，重试中...
[10:56:23.686] ❌ 连接失败，重试中...
[10:56:26.970] ❌ 连接失败，重试中...
[10:56:30.254] ❌ 连接失败，重试中...
[10:56:33.538] ❌ 连接失败，重试中...
[10:56:36.816] ❌ 连接失败，重试中...
[10:56:40.089] ❌ 连接失败，重试中...
[10:56:43.383] ❌ 连接失败，重试中...
[10:56:46.663] ❌ 连接失败，重试中...
[10:56:49.945] ❌ 连接失败，重试中...
[10:56:53.233] ❌ 连接失败，重试中...
[10:56:56.515] ❌ 连接失败，重试中...
[10:56:59.797] ❌ 连接失败，重试中...
[10:57:03.079] ❌ 连接失败，重试中...
[10:57:06.366] ❌ 连接失败，重试中...
[10:57:09.655] ❌ 连接失败，重试中...
[10:57:12.941] ❌ 连接失败，重试中...
[10:57:16.231] ❌ 连接失败，重试中...
[10:57:19.524] ❌ 连接失败，重试中...
[10:57:22.804] ❌ 连接失败，重试中...
[10:57:26.083] ❌ 连接失败，重试中...
[10:57:29.358] ❌ 连接失败，重试中...
[10:57:32.642] ❌ 连接失败，重试中...
[10:57:35.926] ❌ 连接失败，重试中...
[10:57:39.204] ❌ 连接失败，重试中...
[10:57:42.484] ❌ 连接失败，重试中...
[10:57:45.769] ❌ 连接失败，重试中...
[10:57:49.066] ❌ 连接失败，重试中...
[10:57:52.351] ❌ 连接失败，重试中...
[10:57:55.639] ❌ 连接失败，重试中...
[10:57:58.923] ❌ 连接失败，重试中...
[10:58:02.208] ❌ 连接失败，重试中...
[10:58:05.492] ❌ 连接失败，重试中...
[10:58:08.771] ❌ 连接失败，重试中...
[10:58:12.048] ❌ 连接失败，重试中...
[10:58:15.327] ❌ 连接失败，重试中...
[10:58:18.598] ❌ 连接失败，重试中...
[10:58:21.883] ❌ 连接失败，重试中...
[10:58:25.166] ❌ 连接失败，重试中...
[10:58:28.444] ❌ 连接失败，重试中...
[10:58:31.734] ❌ 连接失败，重试中...
[10:58:35.015] ❌ 连接失败，重试中...
[10:58:38.303] ❌ 连接失败，重试中...
[10:58:41.585] ❌ 连接失败，重试中...
[10:58:44.878] ❌ 连接失败，重试中...
[10:58:48.168] ❌ 连接失败，重试中...
[10:58:51.441] ❌ 连接失败，重试中...
[10:58:54.718] ❌ 连接失败，重试中...
[10:58:58.005] ❌ 连接失败，重试中...
[10:59:01.293] ❌ 连接失败，重试中...
[10:59:04.596] ❌ 连接失败，重试中...
[10:59:07.903] ❌ 连接失败，重试中...
[10:59:11.223] ❌ 连接失败，重试中...
[10:59:14.513] ❌ 连接失败，重试中...
[10:59:17.801] ❌ 连接失败，重试中...
[10:59:21.080] ❌ 连接失败，重试中...
[10:59:24.365] ❌ 连接失败，重试中...
[10:59:27.648] ❌ 连接失败，重试中...
[10:59:30.926] ❌ 连接失败，重试中...
[10:59:34.207] ❌ 连接失败，重试中...
[10:59:37.494] ❌ 连接失败，重试中...
[10:59:40.779] ❌ 连接失败，重试中...
[10:59:44.058] ❌ 连接失败，重试中...
[10:59:47.358] ❌ 连接失败，重试中...
[10:59:50.638] ❌ 连接失败，重试中...
[10:59:53.924] ❌ 连接失败，重试中...
[10:59:57.205] ❌ 连接失败，重试中...
[11:00:00.468] ❌ 连接失败，重试中...
[11:00:03.753] ❌ 连接失败，重试中...
[11:00:07.040] ❌ 连接失败，重试中...
[11:00:10.324] ❌ 连接失败，重试中...
[11:00:13.602] ❌ 连接失败，重试中...
[11:00:16.893] ❌ 连接失败，重试中...
[11:00:20.175] ❌ 连接失败，重试中...
[11:00:23.450] ❌ 连接失败，重试中...
[11:00:26.746] ❌ 连接失败，重试中...
[11:00:30.025] ❌ 连接失败，重试中...
[11:00:33.312] ❌ 连接失败，重试中...
[11:00:36.592] ❌ 连接失败，重试中...
[11:00:39.879] ❌ 连接失败，重试中...
[11:00:43.168] ❌ 连接失败，重试中...
[11:00:46.455] ❌ 连接失败，重试中...
[11:00:49.739] ❌ 连接失败，重试中...
[11:00:53.022] ❌ 连接失败，重试中...
[11:00:56.338] ❌ 连接失败，重试中...
[11:00:59.616] ❌ 连接失败，重试中...
[11:01:02.906] ❌ 连接失败，重试中...
[11:01:06.174] ❌ 连接失败，重试中...
[11:01:09.457] ❌ 连接失败，重试中...
[11:01:12.739] ❌ 连接失败，重试中...
[11:01:16.011] ❌ 连接失败，重试中...
[11:01:19.298] ❌ 连接失败，重试中...
[11:01:22.581] ❌ 连接失败，重试中...
[11:01:25.857] ❌ 连接失败，重试中...
[11:01:29.108] ❌ 连接失败，重试中...
[11:01:32.393] ❌ 连接失败，重试中...
[11:01:35.692] ❌ 连接失败，重试中...
[11:01:38.972] ❌ 连接失败，重试中...
[11:01:42.257] ❌ 连接失败，重试中...
[11:01:45.533] ❌ 连接失败，重试中...
[11:01:48.816] ❌ 连接失败，重试中...
[11:01:52.086] ❌ 连接失败，重试中...
[11:01:55.354] ❌ 连接失败，重试中...
[11:01:58.660] ❌ 连接失败，重试中...
[11:02:01.933] ❌ 连接失败，重试中...
[11:02:05.208] ❌ 连接失败，重试中...
[11:02:08.489] ❌ 连接失败，重试中...
[11:02:11.768] ❌ 连接失败，重试中...
[11:02:15.045] ❌ 连接失败，重试中...
[11:02:18.334] ❌ 连接失败，重试中...
[11:02:21.612] ❌ 连接失败，重试中...
[11:02:24.890] ❌ 连接失败，重试中...
[11:02:28.163] ❌ 连接失败，重试中...
[11:02:31.446] ❌ 连接失败，重试中...
[11:02:34.726] ❌ 连接失败，重试中...
[11:02:38.007] ❌ 连接失败，重试中...
[11:02:41.289] ❌ 连接失败，重试中...
[11:02:44.566] ❌ 连接失败，重试中...
[11:02:47.846] ❌ 连接失败，重试中...
[11:02:51.127] ❌ 连接失败，重试中...
[11:02:54.409] ❌ 连接失败，重试中...
[11:02:57.699] ❌ 连接失败，重试中...
[11:03:00.976] ❌ 连接失败，重试中...
[11:03:04.274] ❌ 连接失败，重试中...
[11:03:07.567] ❌ 连接失败，重试中...
[11:03:10.849] ❌ 连接失败，重试中...
[11:03:14.152] ❌ 连接失败，重试中...
[11:03:17.499] ❌ 连接失败，重试中...
[11:03:20.803] ❌ 连接失败，重试中...
[11:03:24.100] ❌ 连接失败，重试中...
[11:03:27.380] ❌ 连接失败，重试中...
[11:03:30.669] ❌ 连接失败，重试中...
[11:03:33.944] ❌ 连接失败，重试中...
[11:03:37.231] ❌ 连接失败，重试中...
[11:03:40.502] ❌ 连接失败，重试中...
[11:03:43.777] ❌ 连接失败，重试中...
[11:03:47.057] ❌ 连接失败，重试中...
[11:03:50.340] ❌ 连接失败，重试中...
[11:03:53.626] ❌ 连接失败，重试中...
[11:03:56.911] ❌ 连接失败，重试中...
[11:04:00.196] ❌ 连接失败，重试中...
[11:04:03.491] ❌ 连接失败，重试中...
[11:04:06.777] ❌ 连接失败，重试中...
[11:04:10.055] ❌ 连接失败，重试中...
[11:04:13.339] ❌ 连接失败，重试中...
[11:04:16.630] ❌ 连接失败，重试中...
[11:04:19.912] ❌ 连接失败，重试中...
[11:04:23.189] ❌ 连接失败，重试中...
[11:04:26.459] ❌ 连接失败，重试中...
[11:04:29.739] ❌ 连接失败，重试中...
[11:04:33.018] ❌ 连接失败，重试中...
[11:04:36.295] ❌ 连接失败，重试中...
[11:04:39.591] ❌ 连接失败，重试中...
[11:04:42.880] ❌ 连接失败，重试中...
[11:04:46.188] ❌ 连接失败，重试中...
[11:04:49.508] ❌ 连接失败，重试中...
[11:04:52.824] ❌ 连接失败，重试中...
[11:04:56.112] ❌ 连接失败，重试中...
[11:04:59.393] ❌ 连接失败，重试中...
[11:05:02.672] ❌ 连接失败，重试中...
[11:05:05.956] ❌ 连接失败，重试中...
[11:05:09.237] ❌ 连接失败，重试中...
[11:05:12.511] ❌ 连接失败，重试中...
[11:05:15.813] ❌ 连接失败，重试中...
[11:05:19.106] ❌ 连接失败，重试中...
[11:05:22.377] ❌ 连接失败，重试中...
[11:05:25.661] ❌ 连接失败，重试中...
