
============================================================
STM32 USB CDC Monitor - 完美解决方案
============================================================
开始时间: 2026-05-26 09:37:27
目标端口: COM12
波特率: 115200
日志文件: logs\stop_only_2026-05-26_09-37-27.cdc.log
============================================================
提示: 按 Ctrl+C 退出程序
============================================================

✓ 日志文件已打开: logs\stop_only_2026-05-26_09-37-27.cdc.log (覆盖模式)
正在连接 COM12 (波特率: 115200)...
✓ 成功连接到 COM12
  连接时间: 09:37:27
  重连次数: 1
[09:37:27.967] ✅ 连接成功，开始接收数据
[09:37:54.525] ⚠ 串口异常: ClearCommError failed (PermissionError(13, '设备不识别此命令。', None, 22))
[09:37:54.525] ⚠ 连接断开，等待重连...
[09:37:54.803] ❌ 连接失败，重试中...
[09:37:58.121] ❌ 连接失败，重试中...
[09:38:01.392] ❌ 连接失败，重试中...
[09:38:04.658] ❌ 连接失败，重试中...
✓ 成功连接到 COM12
  连接时间: 09:38:06
  重连次数: 2
[09:38:06.258] ✅ 连接成功，开始接收数据
[09:38:06.258] 📈 累计重连次数: 2
[09:38:07.689] [SYS] RTOS Started, USB CDC Ready!
[09:38:08.298] [Touch] CST816 Chip ID: 0xB5
[09:38:08.751] [ECG_V1] Sensor task started
[09:38:08.751] [SENSOR] before MAX30003_Init
[09:38:08.907] [SENSOR] after MAX30003_Init
[09:38:08.907] [SENSOR] after MAX30003_INIT_DONE log
[09:38:08.922] [SDDBG] new log opened path=0:/log_001.txt
[09:38:08.922] [MS_SD] mount begin file=0:/ecg_001.csv
[09:38:08.922] [MS_SD] mount ok
[09:38:08.922] [MS_SD] open begin file=0:/ecg_001.csv
[09:38:08.922] [MS_SD] open ok
[09:38:08.938] [MS_SD] header ok bw=41
[09:38:08.938] [MS_SD] first sync res=0
[09:38:08.938] [MS_SD] file opened and released
[09:38:08.938] [REC] record start file_opened=1 tick=3236
[09:38:08.953] [REC] before MAX30003_StartStream tick=3237
[09:38:08.953] [REC] after MAX30003_StartStream tick=3238 start_tick=3212
[09:38:15.266] ⚠ 串口异常: ClearCommError failed (PermissionError(13, '设备不识别此命令。', None, 22))
[09:38:15.266] 📊 本次连接统计: 17行数据
[09:38:15.266] ⚠ 连接断开，等待重连...
[09:38:15.529] ❌ 连接失败，重试中...
✓ 成功连接到 COM12
  连接时间: 09:38:16
  重连次数: 3
[09:38:16.208] ✅ 连接成功，开始接收数据
[09:38:16.208] 📈 累计重连次数: 3
[09:38:17.345] [SYS] RTOS Started, USB CDC Ready!
[09:38:17.940] [Touch] CST816 Chip ID: 0xB5
[09:38:18.391] [ECG_V1] Sensor task started
[09:38:18.406] [SENSOR] before MAX30003_Init
[09:39:16.041] ⚠ 串口异常: ClearCommError failed (PermissionError(13, '设备不识别此命令。', None, 22))
[09:39:16.041] 📊 本次连接统计: 4行数据
[09:39:16.041] ⚠ 连接断开，等待重连...
[09:39:16.308] ❌ 连接失败，重试中...
✓ 成功连接到 COM12
  连接时间: 09:39:17
  重连次数: 4
[09:39:17.901] ✅ 连接成功，开始接收数据
[09:39:17.901] 📈 累计重连次数: 4
[09:39:19.364] [SYS] RTOS Started, USB CDC Ready!
[09:39:19.957] [Touch] CST816 Chip ID: 0xB5
[09:39:20.504] [ECG_V1] Sensor task started
[09:39:20.520] [SENSOR] before MAX30003_Init
[09:39:20.662] [SENSOR] after MAX30003_Init
[09:39:20.677] [SENSOR] after MAX30003_INIT_DONE log
[09:39:20.693] [SDDBG] new log opened path=0:/log_001.txt
[09:39:20.709] [MS_SD] mount begin file=0:/ecg_001.csv
[09:39:20.725] [MS_SD] mount ok
[09:39:20.725] [MS_SD] open begin file=0:/ecg_001.csv
[09:39:20.725] [MS_SD] open ok
[09:39:20.725] [MS_SD] header ok bw=41
[09:39:20.725] [MS_SD] first sync res=0
[09:39:20.740] [MS_SD] file opened and released
[09:39:20.740] [REC] record start file_opened=1 tick=3533
[09:39:20.740] [REC] before MAX30003_StartStream tick=3534
[09:39:20.756] [REC] after MAX30003_StartStream tick=3535 start_tick=3480
[09:39:23.256] [MS_SUBMIT] ECG ok idx=0 count=1024 q=1 ok=1
[09:39:23.460] [MS_WRITER] wrote type=1 total=1 bytes=28843 ecg_written=1024 fail=0
[09:39:25.256] [MS_SUBMIT] ECG ok idx=1 count=1024 q=1 ok=2
[09:39:25.428] [MS_WRITER] wrote type=1 total=2 bytes=57935 ecg_written=2048 fail=0
[09:39:25.850] [Touch] DOWN X:142 Y:219 G:0
[09:39:25.977] [Touch] UP last_x:142 last_y:219
[09:39:25.992] [MAX30003] StopStream done. STATUS=0x100109
[09:39:26.070] [MS_SUBMIT] ECG ok idx=0 count=371 q=1 ok=3
[09:39:26.134] [MS_WRITER] wrote type=1 total=3 bytes=68694 ecg_written=2419 fail=0
[09:39:26.149] [REC_STOP]
[09:39:26.149] [MS_SD] close final_sync=0 close=0 bytes=68694 ecg_written=2419
[09:39:26.165] [DUMP_REQ]
[09:39:26.165] [DUMP_BEGIN]
[09:39:26.181] [DATA_FILE_BEGIN]
[09:39:26.197] timestamp_ms,type,seq,v1,v2,v3,v4,v5,v6
[09:39:26.228] 3541,ECG,0,0,0,0,0,0,0
[09:39:26.228] 3541,ECG,1,0,0,0,0,0,0
[09:39:26.259] 3541,ECG,2,4,0,0,0,0,0
[09:39:26.259] 3546,ECG,3,-5,0,0,0,0,0
[09:39:26.275] 3546,ECG,4,-10,0,0,0,0,0
[09:39:26.275] 3546,ECG,5,11,0,0,0,0,0
[09:39:26.306] 3551,ECG,6,-44,0,0,0,0,0
[09:39:26.306] 3551,ECG,7,8,0,0,0,0,0
[09:39:26.337] 3556,ECG,8,18,0,0,0,0,0
[09:39:26.368] 3556,ECG,9,-160,0,0,0,0,0
[09:39:26.368] 3556,ECG,10,743,0,0,0,0,0
[09:39:26.400] 3561,ECG,11,2097,0,0,0,0,0
[09:39:26.400] 3561,ECG,12,1837,0,0,0,0,0
[09:39:26.432] 3561,ECG,13,22,0,0,0,0,0
[09:39:26.432] 3561,ECG,14,-3410,0,0,0,0,0
[09:39:26.447] 3566,ECG,15,-8747,0,0,0,0,0
[09:39:26.478] 3566,ECG,16,-15176,0,0,0,0,0
[09:39:26.478] 3571,ECG,17,-21711,0,0,0,0,0
[09:39:26.509] 3571,ECG,18,-27421,0,0,0,0,0
[09:39:26.541] 3571,ECG,19,-31337,0,0,0,0,0
[09:39:26.541] 3576,ECG,20,-32025,0,0,0,0,0
[09:39:26.556] 3576,ECG,21,-31824,0,0,0,0,0
[09:39:26.556] 3581,ECG,22,-31625,0,0,0,0,0
[09:39:26.587] 3581,ECG,23,-31372,0,0,0,0,0
[09:39:26.618] 3581,ECG,24,-31139,0,0,0,0,0
[09:39:26.618] 3586,ECG,25,-31035,0,0,0,0,0
[09:39:26.633] 3586,ECG,26,-30762,0,0,0,0,0
[09:39:26.664] 3591,ECG,27,-30622,0,0,0,0,0
[09:39:26.664] 3591,ECG,28,-30428,0,0,0,0,0
[09:39:26.695] 3591,ECG,29,-30228,0,0,0,0,0
[09:39:26.695] 3596,ECG,30,-30056,0,0,0,0,0
[09:39:26.711] 3596,ECG,31,-29856,0,0,0,0,0
[09:39:26.742] 3601,ECG,32,-29667,0,0,0,0,0
[09:39:26.742] 3601,ECG,33,-29493,0,0,0,0,0
[09:39:26.774] 3601,ECG,34,-29265,0,0,0,0,0
[09:39:26.789] 3606,ECG,35,-29137,0,0,0,0,0
[09:39:26.789] 3606,ECG,36,-28924,0,0,0,0,0
[09:39:26.819] 3611,ECG,37,-28670,0,0,0,0,0
[09:39:26.819] 3611,ECG,38,-28605,0,0,0,0,0
[09:39:26.851] 3611,ECG,39,-28425,0,0,0,0,0
[09:39:26.882] 3616,ECG,40,-28247,0,0,0,0,0
[09:39:26.882] 3616,ECG,41,-28070,0,0,0,0,0
[09:39:26.913] 3616,ECG,42,-24537,0,0,0,0,0
[09:39:26.929] 3621,ECG,43,-18792,0,0,0,0,0
[09:39:26.929] 4107,ECG,44,2212,0,0,0,0,0
[09:39:26.960] 4107,ECG,45,2176,0,0,0,0,0
[09:39:26.960] 4112,ECG,46,2135,0,0,0,0,0
[09:39:26.991] 4112,ECG,47,2094,0,0,0,0,0
[09:39:26.991] 4112,ECG,48,2056,0,0,0,0,0
[09:39:27.006] 4117,ECG,49,2019,0,0,0,0,0
[09:39:27.037] 4117,ECG,50,1983,0,0,0,0,0
[09:39:27.037] 4122,ECG,51,1949,0,0,0,0,0
[09:39:27.067] 4122,ECG,52,1913,0,0,0,0,0
[09:39:27.067] 4122,ECG,53,1879,0,0,0,0,0
[09:39:27.083] 4127,ECG,54,1845,0,0,0,0,0
[09:39:27.113] 4127,ECG,55,1811,0,0,0,0,0
[09:39:27.113] 4132,ECG,56,1780,0,0,0,0,0
[09:39:27.144] 4132,ECG,57,1748,0,0,0,0,0
[09:39:27.144] 4132,ECG,58,1717,0,0,0,0,0
[09:39:27.160] 4137,ECG,59,1685,0,0,0,0,0
[09:39:27.160] 4137,ECG,60,1655,0,0,0,0,0
[09:39:27.191] 4137,ECG,61,1623,0,0,0,0,0
[09:39:27.222] 4142,ECG,62,1592,0,0,0,0,0
[09:39:27.222] 4142,ECG,63,1561,0,0,0,0,0
[09:39:27.237] 4147,ECG,64,1531,0,0,0,0,0
[09:39:27.237] 4147,ECG,65,1502,0,0,0,0,0
[09:39:27.269] 4147,ECG,66,1474,0,0,0,0,0
[09:39:27.300] 4152,ECG,67,1447,0,0,0,0,0
[09:39:27.300] 4152,ECG,68,1420,0,0,0,0,0
[09:39:27.331] 4157,ECG,69,1394,0,0,0,0,0
[09:39:27.331] 4157,ECG,70,1367,0,0,0,0,0
[09:39:27.347] 4157,ECG,71,1340,0,0,0,0,0
[09:39:27.347] 4162,ECG,72,1313,0,0,0,0,0
[09:39:27.378] 4162,ECG,73,1287,0,0,0,0,0
[09:39:27.409] 4167,ECG,74,1260,0,0,0,0,0
[09:39:27.409] 4167,ECG,75,1235,0,0,0,0,0
[09:39:27.440] 4167,ECG,76,1212,0,0,0,0,0
[09:39:27.440] 4172,ECG,77,1188,0,0,0,0,0
[09:39:27.456] 4172,ECG,78,1165,0,0,0,0,0
[09:39:27.487] 4177,ECG,79,1143,0,0,0,0,0
[09:39:27.487] 4177,ECG,80,1120,0,0,0,0,0
[09:39:27.518] 4177,ECG,81,1096,0,0,0,0,0
[09:39:27.518] 4182,ECG,82,1073,0,0,0,0,0
[09:39:27.534] 4182,ECG,83,1049,0,0,0,0,0
[09:39:27.534] 4182,ECG,84,1026,0,0,0,0,0
[09:39:27.565] 4187,ECG,85,1005,0,0,0,0,0
[09:39:27.596] 4187,ECG,86,983,0,0,0,0,0
[09:39:27.596] 4192,ECG,87,962,0,0,0,0,0
[09:39:27.612] 4192,ECG,88,942,0,0,0,0,0
[09:39:27.612] 4192,ECG,89,922,0,0,0,0,0
[09:39:27.643] 4197,ECG,90,901,0,0,0,0,0
[09:39:27.643] 4197,ECG,91,880,0,0,0,0,0
[09:39:27.674] 4202,ECG,92,858,0,0,0,0,0
[09:39:27.691] 4202,ECG,93,837,0,0,0,0,0
[09:39:27.691] 4202,ECG,94,817,0,0,0,0,0
[09:39:27.722] 4207,ECG,95,797,0,0,0,0,0
[09:39:27.722] 4207,ECG,96,779,0,0,0,0,0
[09:39:27.753] 4212,ECG,97,763,0,0,0,0,0
[09:39:27.753] 4212,ECG,98,746,0,0,0,0,0
[09:39:27.769] 4212,ECG,99,729,0,0,0,0,0
[09:39:27.769] 4217,ECG,100,712,0,0,0,0,0
[09:39:27.800] 4217,ECG,101,694,0,0,0,0,0
[09:39:27.831] 4222,ECG,102,676,0,0,0,0,0
[09:39:27.831] 4222,ECG,103,658,0,0,0,0,0
[09:39:27.847] 4222,ECG,104,640,0,0,0,0,0
[09:39:27.847] 4227,ECG,105,623,0,0,0,0,0
[09:39:27.879] 4227,ECG,106,607,0,0,0,0,0
[09:39:27.910] 4227,ECG,107,591,0,0,0,0,0
[09:39:27.910] 4232,ECG,108,576,0,0,0,0,0
[09:39:27.942] 4232,ECG,109,561,0,0,0,0,0
[09:39:27.942] 4237,ECG,110,546,0,0,0,0,0
[09:39:27.974] 4237,ECG,111,531,0,0,0,0,0
[09:39:27.974] 4237,ECG,112,516,0,0,0,0,0
[09:39:27.989] 4242,ECG,113,500,0,0,0,0,0
[09:39:28.021] 4242,ECG,114,487,0,0,0,0,0
[09:39:28.021] 4247,ECG,115,471,0,0,0,0,0
[09:39:28.037] 4247,ECG,116,457,0,0,0,0,0
[09:39:28.037] 4247,ECG,117,443,0,0,0,0,0
[09:39:28.068] 4252,ECG,118,430,0,0,0,0,0
[09:39:28.100] 4252,ECG,119,416,0,0,0,0,0
[09:39:28.100] 4257,ECG,120,403,0,0,0,0,0
[09:39:28.116] 4257,ECG,121,389,0,0,0,0,0
[09:39:28.116] 4257,ECG,122,376,0,0,0,0,0
[09:39:28.147] 4262,ECG,123,362,0,0,0,0,0
[09:39:28.147] 4262,ECG,124,349,0,0,0,0,0
[09:39:28.179] 4267,ECG,125,337,0,0,0,0,0
[09:39:28.195] 4267,ECG,126,326,0,0,0,0,0
[09:39:28.195] 4267,ECG,127,314,0,0,0,0,0
[09:39:28.226] 4272,ECG,128,303,0,0,0,0,0
[09:39:28.226] 4272,ECG,129,294,0,0,0,0,0
[09:39:28.258] 4272,ECG,130,283,0,0,0,0,0
[09:39:28.273] 4277,ECG,131,272,0,0,0,0,0
[09:39:28.273] 4277,ECG,132,260,0,0,0,0,0
[09:39:28.304] 4282,ECG,133,248,0,0,0,0,0
[09:39:28.304] 4282,ECG,134,236,0,0,0,0,0
[09:39:28.335] 4282,ECG,135,225,0,0,0,0,0
[09:39:28.335] 4287,ECG,136,215,0,0,0,0,0
[09:39:28.351] 4287,ECG,137,206,0,0,0,0,0
[09:39:28.383] 4292,ECG,138,197,0,0,0,0,0
[09:39:28.383] 4292,ECG,139,188,0,0,0,0,0
[09:39:28.414] 4292,ECG,140,179,0,0,0,0,0
[09:39:28.414] 4297,ECG,141,169,0,0,0,0,0
[09:39:28.445] 4297,ECG,142,158,0,0,0,0,0
[09:39:28.477] 4302,ECG,143,148,0,0,0,0,0
[09:39:28.477] 4302,ECG,144,138,0,0,0,0,0
[09:39:28.493] 4302,ECG,145,128,0,0,0,0,0
[09:39:28.493] 4307,ECG,146,119,0,0,0,0,0
[09:39:28.524] 4307,ECG,147,111,0,0,0,0,0
[09:39:28.524] 4312,ECG,148,104,0,0,0,0,0
[09:39:28.555] 4312,ECG,149,97,0,0,0,0,0
[09:39:28.571] 4312,ECG,150,91,0,0,0,0,0
[09:39:28.571] 4317,ECG,151,83,0,0,0,0,0
[09:39:28.602] 4317,ECG,152,75,0,0,0,0,0
[09:39:28.602] 4317,ECG,153,67,0,0,0,0,0
[09:39:28.633] 4322,ECG,154,57,0,0,0,0,0
[09:39:28.633] 4322,ECG,155,48,0,0,0,0,0
[09:39:28.649] 4327,ECG,156,40,0,0,0,0,0
[09:39:28.680] 4327,ECG,157,33,0,0,0,0,0
[09:39:28.680] 4327,ECG,158,27,0,0,0,0,0
[09:39:28.711] 4332,ECG,159,23,0,0,0,0,0
[09:39:28.711] 4332,ECG,160,17,0,0,0,0,0
[09:39:28.727] 4337,ECG,161,12,0,0,0,0,0
[09:39:28.727] 4337,ECG,162,5,0,0,0,0,0
[09:39:28.759] 4337,ECG,163,-2,0,0,0,0,0
[09:39:28.759] 4342,ECG,164,-9,0,0,0,0,0
[09:39:28.791] 4342,ECG,165,-17,0,0,0,0,0
[09:39:28.807] 4347,ECG,166,-24,0,0,0,0,0
[09:39:28.807] 4347,ECG,167,-31,0,0,0,0,0
[09:39:28.839] 4347,ECG,168,-37,0,0,0,0,0
[09:39:28.839] 4352,ECG,169,-43,0,0,0,0,0
[09:39:28.871] 4352,ECG,170,-47,0,0,0,0,0
[09:39:28.902] 4357,ECG,171,-53,0,0,0,0,0
[09:39:28.902] 4357,ECG,172,-59,0,0,0,0,0
[09:39:28.933] 4357,ECG,173,-65,0,0,0,0,0
[09:39:28.933] 4362,ECG,174,-71,0,0,0,0,0
[09:39:28.949] 4362,ECG,175,-77,0,0,0,0,0
[09:39:28.949] 4362,ECG,176,-83,0,0,0,0,0
[09:39:28.980] 4367,ECG,177,-88,0,0,0,0,0
[09:39:29.012] 4367,ECG,178,-91,0,0,0,0,0
[09:39:29.012] 4372,ECG,179,-95,0,0,0,0,0
[09:39:29.027] 4372,ECG,180,-98,0,0,0,0,0
[09:39:29.027] 4372,ECG,181,-102,0,0,0,0,0
[09:39:29.057] ⚠ 串口异常: ClearCommError failed (PermissionError(13, '设备不识别此命令。', None, 22))
[09:39:29.057] 4377
[09:39:29.057] 📊 本次连接统计: 214行数据
[09:39:29.057] ⚠ 连接断开，等待重连...
[09:39:29.316] ❌ 连接失败，重试中...
✓ 成功连接到 COM12
  连接时间: 09:39:29
  重连次数: 5
[09:39:29.987] ✅ 连接成功，开始接收数据
[09:39:29.987] 📈 累计重连次数: 5
[09:39:31.389] [SYS] RTOS Started, USB CDC Ready!
[09:39:31.766] ⚠ 串口异常: ClearCommError failed (PermissionError(13, '设备不识别此命令。', None, 22))
[09:39:31.766] 📊 本次连接统计: 1行数据
[09:39:31.766] ⚠ 连接断开，等待重连...
[09:39:32.504] ❌ 连接失败，重试中...
[09:39:35.806] ❌ 连接失败，重试中...
[09:39:39.085] ❌ 连接失败，重试中...
[09:39:42.375] ❌ 连接失败，重试中...
[09:39:45.660] ❌ 连接失败，重试中...
[09:39:48.953] ❌ 连接失败，重试中...
[09:39:52.228] ❌ 连接失败，重试中...
[09:39:55.507] ❌ 连接失败，重试中...
✓ 成功连接到 COM12
  连接时间: 09:39:56
  重连次数: 6
[09:39:56.152] ✅ 连接成功，开始接收数据
[09:39:56.152] 📈 累计重连次数: 6
[09:39:57.583] [SYS] RTOS Started, USB CDC Ready!
[09:39:58.191] [Touch] CST816 Chip ID: 0xB5
[09:39:58.733] [ECG_V1] Sensor task started
[09:39:58.749] [SENSOR] before MAX30003_Init
[09:39:58.891] [SENSOR] after MAX30003_Init
[09:39:58.891] [SENSOR] after MAX30003_INIT_DONE log
[09:39:58.907] [SDDBG] new log opened path=0:/log_001.txt
[09:39:58.938] [MS_SD] mount begin file=0:/ecg_001.csv
[09:39:58.938] [MS_SD] mount ok
[09:39:58.938] [MS_SD] open begin file=0:/ecg_001.csv
[09:39:58.954] [MS_SD] open ok
[09:39:58.954] [MS_SD] header ok bw=41
[09:39:58.954] [MS_SD] first sync res=0
[09:39:58.969] [MS_SD] file opened and released
[09:39:58.969] [REC] record start file_opened=1 tick=3535
[09:39:58.969] [REC] before MAX30003_StartStream tick=3536
[09:39:58.969] [REC] after MAX30003_StartStream tick=3538 start_tick=3482
[09:40:01.477] [MS_SUBMIT] ECG ok idx=0 count=1024 q=1 ok=1
[09:40:01.696] [MS_WRITER] wrote type=1 total=1 bytes=29298 ecg_written=1024 fail=0
[09:40:04.090] ⚠ 串口异常: ClearCommError failed (PermissionError(13, '设备不识别此命令。', None, 22))
[09:40:04.090] 📊 本次连接统计: 19行数据
[09:40:04.090] ⚠ 连接断开，等待重连...
[09:40:04.349] ❌ 连接失败，重试中...
[09:40:07.647] ❌ 连接失败，重试中...
[09:40:10.930] ❌ 连接失败，重试中...
[09:40:14.228] ❌ 连接失败，重试中...
[09:40:17.507] ❌ 连接失败，重试中...
[09:40:20.810] ❌ 连接失败，重试中...
[09:40:24.091] ❌ 连接失败，重试中...
[09:40:27.377] ❌ 连接失败，重试中...
[09:40:30.663] ❌ 连接失败，重试中...
[09:40:33.953] ❌ 连接失败，重试中...
[09:40:37.238] ❌ 连接失败，重试中...
[09:40:40.529] ❌ 连接失败，重试中...
[09:40:43.821] ❌ 连接失败，重试中...
[09:40:47.115] ❌ 连接失败，重试中...
[09:40:50.411] ❌ 连接失败，重试中...
[09:40:53.687] ❌ 连接失败，重试中...
[09:40:56.975] ❌ 连接失败，重试中...
[09:41:00.264] ❌ 连接失败，重试中...
[09:41:03.548] ❌ 连接失败，重试中...
[09:41:06.873] ❌ 连接失败，重试中...
[09:41:10.188] ❌ 连接失败，重试中...
[09:41:13.513] ❌ 连接失败，重试中...
[09:41:16.832] ❌ 连接失败，重试中...
[09:41:20.156] ❌ 连接失败，重试中...
[09:41:23.476] ❌ 连接失败，重试中...
[09:41:26.784] ❌ 连接失败，重试中...
[09:41:30.095] ❌ 连接失败，重试中...
[09:41:33.393] ❌ 连接失败，重试中...
[09:41:36.678] ❌ 连接失败，重试中...
[09:41:39.966] ❌ 连接失败，重试中...
[09:41:43.248] ❌ 连接失败，重试中...
[09:41:46.555] ❌ 连接失败，重试中...
[09:41:49.837] ❌ 连接失败，重试中...
[09:41:53.118] ❌ 连接失败，重试中...
[09:41:56.407] ❌ 连接失败，重试中...
[09:41:59.703] ❌ 连接失败，重试中...
[09:42:02.987] ❌ 连接失败，重试中...
[09:42:06.265] ❌ 连接失败，重试中...
[09:42:09.544] ❌ 连接失败，重试中...
[09:42:12.828] ❌ 连接失败，重试中...
[09:42:16.112] ❌ 连接失败，重试中...
[09:42:19.406] ❌ 连接失败，重试中...
[09:42:22.697] ❌ 连接失败，重试中...
[09:42:25.982] ❌ 连接失败，重试中...
[09:42:29.263] ❌ 连接失败，重试中...
[09:42:32.548] ❌ 连接失败，重试中...
[09:42:35.831] ❌ 连接失败，重试中...
[09:42:39.110] ❌ 连接失败，重试中...
[09:42:42.390] ❌ 连接失败，重试中...
[09:42:45.674] ❌ 连接失败，重试中...
[09:42:48.973] ❌ 连接失败，重试中...
[09:42:52.240] ❌ 连接失败，重试中...
[09:42:55.517] ❌ 连接失败，重试中...
[09:42:58.800] ❌ 连接失败，重试中...
[09:43:02.077] ❌ 连接失败，重试中...
[09:43:05.350] ❌ 连接失败，重试中...
[09:43:08.629] ❌ 连接失败，重试中...
[09:43:11.907] ❌ 连接失败，重试中...
[09:43:15.178] ❌ 连接失败，重试中...
[09:43:18.474] ❌ 连接失败，重试中...
[09:43:21.763] ❌ 连接失败，重试中...
[09:43:25.051] ❌ 连接失败，重试中...
[09:43:28.332] ❌ 连接失败，重试中...
[09:43:31.600] ❌ 连接失败，重试中...
[09:43:34.886] ❌ 连接失败，重试中...
[09:43:38.168] ❌ 连接失败，重试中...
[09:43:41.461] ❌ 连接失败，重试中...
[09:43:44.747] ❌ 连接失败，重试中...
[09:43:48.041] ❌ 连接失败，重试中...
[09:43:51.329] ❌ 连接失败，重试中...
[09:43:54.612] ❌ 连接失败，重试中...
[09:43:57.908] ❌ 连接失败，重试中...
[09:44:01.180] ❌ 连接失败，重试中...
[09:44:04.462] ❌ 连接失败，重试中...
[09:44:07.767] ❌ 连接失败，重试中...
[09:44:11.077] ❌ 连接失败，重试中...
[09:44:14.376] ❌ 连接失败，重试中...
[09:44:17.666] ❌ 连接失败，重试中...
[09:44:20.949] ❌ 连接失败，重试中...
[09:44:24.244] ❌ 连接失败，重试中...
[09:44:27.516] ❌ 连接失败，重试中...
[09:44:30.801] ❌ 连接失败，重试中...
[09:44:34.087] ❌ 连接失败，重试中...
[09:44:37.371] ❌ 连接失败，重试中...
[09:44:40.649] ❌ 连接失败，重试中...
[09:44:43.928] ❌ 连接失败，重试中...
[09:44:47.217] ❌ 连接失败，重试中...
[09:44:50.505] ❌ 连接失败，重试中...
[09:44:53.787] ❌ 连接失败，重试中...
[09:44:57.092] ❌ 连接失败，重试中...
[09:45:00.376] ❌ 连接失败，重试中...
[09:45:03.672] ❌ 连接失败，重试中...
[09:45:06.967] ❌ 连接失败，重试中...
[09:45:10.230] ❌ 连接失败，重试中...
[09:45:13.524] ❌ 连接失败，重试中...
[09:45:16.807] ❌ 连接失败，重试中...
[09:45:20.091] ❌ 连接失败，重试中...
[09:45:23.390] ❌ 连接失败，重试中...
[09:45:26.669] ❌ 连接失败，重试中...
[09:45:29.951] ❌ 连接失败，重试中...
[09:45:33.237] ❌ 连接失败，重试中...
[09:45:36.515] ❌ 连接失败，重试中...
[09:45:39.794] ❌ 连接失败，重试中...
[09:45:43.081] ❌ 连接失败，重试中...
[09:45:46.371] ❌ 连接失败，重试中...
[09:45:49.665] ❌ 连接失败，重试中...
[09:45:52.954] ❌ 连接失败，重试中...
[09:45:56.228] ❌ 连接失败，重试中...
[09:45:59.515] ❌ 连接失败，重试中...
[09:46:02.806] ❌ 连接失败，重试中...
[09:46:06.081] ❌ 连接失败，重试中...
[09:46:09.367] ❌ 连接失败，重试中...
[09:46:12.659] ❌ 连接失败，重试中...
[09:46:15.943] ❌ 连接失败，重试中...
[09:46:19.235] ❌ 连接失败，重试中...
[09:46:22.522] ❌ 连接失败，重试中...
[09:46:25.812] ❌ 连接失败，重试中...
[09:46:29.099] ❌ 连接失败，重试中...
[09:46:32.385] ❌ 连接失败，重试中...
[09:46:35.657] ❌ 连接失败，重试中...
[09:46:38.900] ❌ 连接失败，重试中...
[09:46:42.175] ❌ 连接失败，重试中...
[09:46:45.454] ❌ 连接失败，重试中...
[09:46:48.747] ❌ 连接失败，重试中...
[09:46:52.033] ❌ 连接失败，重试中...
[09:46:55.321] ❌ 连接失败，重试中...
[09:46:58.617] ❌ 连接失败，重试中...
[09:47:01.912] ❌ 连接失败，重试中...
[09:47:05.195] ❌ 连接失败，重试中...
[09:47:08.503] ❌ 连接失败，重试中...
[09:47:11.864] ❌ 连接失败，重试中...
[09:47:15.158] ❌ 连接失败，重试中...
[09:47:18.443] ❌ 连接失败，重试中...
[09:47:21.726] ❌ 连接失败，重试中...
[09:47:24.996] ❌ 连接失败，重试中...
[09:47:28.295] ❌ 连接失败，重试中...
[09:47:31.565] ❌ 连接失败，重试中...
[09:47:34.672] ❌ 连接失败，重试中...
[09:47:38.029] ❌ 连接失败，重试中...
[09:47:41.308] ❌ 连接失败，重试中...
[09:47:44.595] ❌ 连接失败，重试中...
[09:47:47.877] ❌ 连接失败，重试中...
[09:47:51.162] ❌ 连接失败，重试中...
[09:47:54.435] ❌ 连接失败，重试中...
[09:47:57.728] ❌ 连接失败，重试中...
[09:48:01.018] ❌ 连接失败，重试中...
[09:48:04.298] ❌ 连接失败，重试中...
[09:48:07.578] ❌ 连接失败，重试中...
[09:48:11.085] ❌ 连接失败，重试中...
[09:48:14.360] ❌ 连接失败，重试中...
[09:48:17.645] ❌ 连接失败，重试中...
[09:48:20.922] ❌ 连接失败，重试中...
[09:48:24.216] ❌ 连接失败，重试中...
[09:48:27.534] ❌ 连接失败，重试中...
[09:48:30.871] ❌ 连接失败，重试中...
[09:48:34.149] ❌ 连接失败，重试中...
[09:48:37.430] ❌ 连接失败，重试中...
[09:48:40.719] ❌ 连接失败，重试中...
[09:48:44.010] ❌ 连接失败，重试中...
[09:48:47.305] ❌ 连接失败，重试中...
[09:48:50.585] ❌ 连接失败，重试中...
[09:48:53.878] ❌ 连接失败，重试中...
[09:48:57.158] ❌ 连接失败，重试中...
[09:49:00.441] ❌ 连接失败，重试中...
[09:49:03.724] ❌ 连接失败，重试中...
[09:49:06.998] ❌ 连接失败，重试中...
[09:49:10.282] ❌ 连接失败，重试中...
[09:49:13.597] ❌ 连接失败，重试中...
[09:49:16.894] ❌ 连接失败，重试中...
[09:49:20.182] ❌ 连接失败，重试中...
[09:49:23.465] ❌ 连接失败，重试中...
[09:49:26.747] ❌ 连接失败，重试中...
[09:49:30.028] ❌ 连接失败，重试中...
[09:49:33.304] ❌ 连接失败，重试中...
[09:49:36.581] ❌ 连接失败，重试中...
[09:49:39.862] ❌ 连接失败，重试中...
[09:49:43.149] ❌ 连接失败，重试中...
[09:49:46.439] ❌ 连接失败，重试中...
[09:49:49.724] ❌ 连接失败，重试中...
[09:49:53.005] ❌ 连接失败，重试中...
[09:49:56.282] ❌ 连接失败，重试中...
[09:49:59.566] ❌ 连接失败，重试中...
[09:50:02.848] ❌ 连接失败，重试中...
[09:50:06.127] ❌ 连接失败，重试中...
[09:50:09.414] ❌ 连接失败，重试中...
[09:50:12.701] ❌ 连接失败，重试中...
[09:50:15.982] ❌ 连接失败，重试中...
[09:50:19.262] ❌ 连接失败，重试中...
[09:50:22.543] ❌ 连接失败，重试中...
[09:50:25.827] ❌ 连接失败，重试中...
[09:50:29.122] ❌ 连接失败，重试中...
[09:50:32.409] ❌ 连接失败，重试中...
[09:50:35.693] ❌ 连接失败，重试中...
[09:50:38.993] ❌ 连接失败，重试中...
[09:50:42.271] ❌ 连接失败，重试中...
[09:50:45.554] ❌ 连接失败，重试中...
[09:50:48.829] ❌ 连接失败，重试中...
[09:50:52.118] ❌ 连接失败，重试中...
[09:50:55.403] ❌ 连接失败，重试中...
[09:50:58.699] ❌ 连接失败，重试中...
[09:51:01.984] ❌ 连接失败，重试中...
[09:51:05.276] ❌ 连接失败，重试中...
[09:51:08.554] ❌ 连接失败，重试中...
[09:51:11.843] ❌ 连接失败，重试中...
[09:51:15.132] ❌ 连接失败，重试中...
[09:51:18.422] ❌ 连接失败，重试中...
[09:51:21.709] ❌ 连接失败，重试中...
[09:51:24.985] ❌ 连接失败，重试中...
[09:51:28.281] ❌ 连接失败，重试中...
[09:51:31.566] ❌ 连接失败，重试中...
[09:51:34.845] ❌ 连接失败，重试中...
[09:51:38.128] ❌ 连接失败，重试中...
[09:51:41.421] ❌ 连接失败，重试中...
[09:51:44.699] ❌ 连接失败，重试中...
[09:51:47.983] ❌ 连接失败，重试中...
[09:51:51.265] ❌ 连接失败，重试中...
[09:51:54.551] ❌ 连接失败，重试中...
[09:51:57.841] ❌ 连接失败，重试中...
[09:52:01.113] ❌ 连接失败，重试中...
[09:52:04.395] ❌ 连接失败，重试中...
[09:52:07.680] ❌ 连接失败，重试中...
[09:52:10.955] ❌ 连接失败，重试中...
[09:52:14.241] ❌ 连接失败，重试中...
[09:52:17.523] ❌ 连接失败，重试中...
[09:52:20.815] ❌ 连接失败，重试中...
[09:52:24.115] ❌ 连接失败，重试中...
[09:52:27.406] ❌ 连接失败，重试中...
[09:52:30.698] ❌ 连接失败，重试中...
[09:52:33.986] ❌ 连接失败，重试中...
[09:52:37.272] ❌ 连接失败，重试中...
[09:52:40.556] ❌ 连接失败，重试中...
[09:52:43.848] ❌ 连接失败，重试中...
[09:52:47.130] ❌ 连接失败，重试中...
[09:52:50.411] ❌ 连接失败，重试中...
[09:52:53.702] ❌ 连接失败，重试中...
[09:52:56.987] ❌ 连接失败，重试中...
[09:53:00.268] ❌ 连接失败，重试中...
[09:53:03.548] ❌ 连接失败，重试中...
[09:53:06.850] ❌ 连接失败，重试中...
[09:53:10.174] ❌ 连接失败，重试中...
[09:53:13.462] ❌ 连接失败，重试中...
[09:53:16.750] ❌ 连接失败，重试中...
[09:53:20.038] ❌ 连接失败，重试中...
[09:53:23.331] ❌ 连接失败，重试中...
[09:53:26.620] ❌ 连接失败，重试中...
[09:53:29.909] ❌ 连接失败，重试中...
[09:53:33.195] ❌ 连接失败，重试中...
[09:53:36.481] ❌ 连接失败，重试中...
[09:53:39.772] ❌ 连接失败，重试中...
[09:53:43.065] ❌ 连接失败，重试中...
[09:53:46.348] ❌ 连接失败，重试中...
[09:53:49.643] ❌ 连接失败，重试中...
[09:53:52.924] ❌ 连接失败，重试中...
[09:53:56.210] ❌ 连接失败，重试中...
[09:53:59.494] ❌ 连接失败，重试中...
[09:54:02.778] ❌ 连接失败，重试中...
[09:54:06.054] ❌ 连接失败，重试中...
[09:54:09.339] ❌ 连接失败，重试中...
[09:54:12.625] ❌ 连接失败，重试中...
[09:54:15.910] ❌ 连接失败，重试中...
[09:54:19.194] ❌ 连接失败，重试中...
[09:54:22.479] ❌ 连接失败，重试中...
✓ 成功连接到 COM12
  连接时间: 09:54:25
  重连次数: 7
[09:54:25.941] ✅ 连接成功，开始接收数据
[09:54:25.941] 📈 累计重连次数: 7
[09:54:27.433] ⚠ 串口异常: ClearCommError failed (PermissionError(13, '设备不识别此命令。', None, 22))
[09:54:27.433] ⚠ 连接断开，等待重连...
[09:54:27.693] ❌ 连接失败，重试中...
[09:54:30.996] ❌ 连接失败，重试中...
[09:54:34.272] ❌ 连接失败，重试中...
[09:54:37.545] ❌ 连接失败，重试中...
[09:54:40.836] ❌ 连接失败，重试中...
✓ 成功连接到 COM12
  连接时间: 09:54:43
  重连次数: 8
[09:54:43.838] ✅ 连接成功，开始接收数据
[09:54:43.838] 📈 累计重连次数: 8
[09:54:45.049] [SYS] RTOS Started, USB CDC Ready!
[09:54:45.647] [Touch] CST816 Chip ID: 0xB5
[09:54:46.212] [ECG_V1] Sensor task started
[09:54:46.212] [SENSOR] before MAX30003_Init
[09:54:46.369] [SENSOR] after MAX30003_Init
[09:54:46.369] [SENSOR] after MAX30003_INIT_DONE log
[09:54:46.384] [SDDBG] new log opened path=0:/log_001.txt
[09:54:46.400] [MS_SD] mount begin file=0:/ecg_001.csv
[09:54:46.416] [MS_SD] mount ok
[09:54:46.416] [MS_SD] open begin file=0:/ecg_001.csv
[09:54:46.416] [MS_SD] open ok
[09:54:46.416] [MS_SD] header ok bw=41
[09:54:46.431] [MS_SD] first sync res=0
[09:54:46.431] [MS_SD] file opened and released
[09:54:46.431] [REC] record start file_opened=1 tick=3536
[09:54:46.431] [REC] before MAX30003_StartStream tick=3537
[09:54:46.447] [REC] after MAX30003_StartStream tick=3538 start_tick=3483
[09:54:48.448] [MS_SUBMIT] ECG ok idx=0 count=1024 q=1 ok=1
[09:54:48.651] [MS_WRITER] wrote type=1 total=1 bytes=29154 ecg_written=1024 fail=0
[09:54:50.454] [MS_SUBMIT] ECG ok idx=1 count=1024 q=1 ok=2
[09:54:50.627] [MS_WRITER] wrote type=1 total=2 bytes=58311 ecg_written=2048 fail=0
[09:54:52.463] [MS_SUBMIT] ECG ok idx=0 count=1024 q=1 ok=3
[09:54:52.635] [MS_WRITER] wrote type=1 total=3 bytes=88007 ecg_written=3072 fail=0
[09:54:54.467] [MS_SUBMIT] ECG ok idx=1 count=1024 q=1 ok=4
[09:54:54.669] [MS_WRITER] wrote type=1 total=4 bytes=118434 ecg_written=4096 fail=0
[09:54:56.480] [MS_SUBMIT] ECG ok idx=0 count=1024 q=1 ok=5
[09:54:56.591] [ECG_AUTO_STOP] t=13487
[09:54:56.591] [MAX30003] StopStream done. STATUS=0x000100
[09:54:56.652] [MS_WRITER] wrote type=1 total=5 bytes=149269 ecg_written=5120 fail=0
[09:54:56.731] [MS_SUBMIT] ECG ok idx=1 count=55 q=1 ok=6
[09:54:56.747] [MS_WRITER] wrote type=1 total=6 bytes=150974 ecg_written=5175 fail=0
[09:54:56.747] [REC_STOP]
[09:54:56.747] [MS_SD] close final_sync=0 close=0 bytes=150974 ecg_written=5175
[09:54:56.887] [DUMP_REQ]
[09:54:56.982] [DUMP_BEGIN]
[09:54:57.122] [DATA_FILE_BEGIN]
[09:54:57.154] timestamp_ms,type,seq,v1,v2,v3,v4,v5,v6
[09:54:57.170] 3545,ECG,0,0,0,0,0,0,0
[09:54:57.170] 3545,ECG,1,-1,0,0,0,0,0
[09:54:57.325] 3545,ECG,2,-2,0,0,0,0,0
[09:54:57.325] 3545,ECG,3,-1,0,0,0,0,0
[09:54:57.356] 3550,ECG,4,0,0,0,0,0,0
[09:54:57.356] 3550,ECG,5,-4,0,0,0,0,0
[09:54:57.387] 3550,ECG,6,4,0,0,0,0,0
[09:54:57.387] 3555,ECG,7,-5,0,0,0,0,0
[09:54:57.418] 3555,ECG,8,-7,0,0,0,0,0
[09:54:57.418] 3555,ECG,9,22,0,0,0,0,0
[09:54:57.543] 3560,ECG,10,-131,0,0,0,0,0
[09:54:57.574] 3560,ECG,11,-359,0,0,0,0,0
[09:54:57.574] 3560,ECG,12,-318,0,0,0,0,0
[09:54:57.605] 3565,ECG,13,-15,0,0,0,0,0
[09:54:57.605] 3565,ECG,14,561,0,0,0,0,0
[09:54:57.636] 3570,ECG,15,1459,0,0,0,0,0
[09:54:57.761] 3570,ECG,16,2544,0,0,0,0,0
[09:54:57.761] 3570,ECG,17,3654,0,0,0,0,0
[09:54:57.793] 3575,ECG,18,4631,0,0,0,0,0
[09:54:57.793] 3575,ECG,19,5313,0,0,0,0,0
[09:54:57.824] 3575,ECG,20,5689,0,0,0,0,0
[09:54:57.824] 3580,ECG,21,5823,0,0,0,0,0
[09:54:57.840] 3580,ECG,22,5655,0,0,0,0,0
[09:54:57.979] 3585,ECG,23,5435,0,0,0,0,0
[09:54:57.979] 3585,ECG,24,5425,0,0,0,0,0
[09:54:58.010] 3585,ECG,25,5439,0,0,0,0,0
[09:54:58.010] 3590,ECG,26,5415,0,0,0,0,0
[09:54:58.027] 3590,ECG,27,5419,0,0,0,0,0
[09:54:58.058] 3590,ECG,28,5413,0,0,0,0,0
[09:54:58.058] 3595,ECG,29,5405,0,0,0,0,0
[09:54:58.215] 3595,ECG,30,5403,0,0,0,0,0
[09:54:58.215] 3600,ECG,31,5398,0,0,0,0,0
[09:54:58.247] 3600,ECG,32,5393,0,0,0,0,0
[09:54:58.247] 3600,ECG,33,5388,0,0,0,0,0
[09:54:58.278] 3605,ECG,34,5383,0,0,0,0,0
[09:54:58.403] 3605,ECG,35,5377,0,0,0,0,0
[09:54:58.403] 3605,ECG,36,5371,0,0,0,0,0
[09:54:58.434] 3610,ECG,37,5365,0,0,0,0,0
[09:54:58.434] 3610,ECG,38,5359,0,0,0,0,0
[09:54:58.465] 3615,ECG,39,5353,0,0,0,0,0
[09:54:58.481] 3615,ECG,40,5346,0,0,0,0,0
[09:54:58.481] 3615,ECG,41,5340,0,0,0,0,0
[09:54:58.636] 3620,ECG,42,5334,0,0,0,0,0
[09:54:58.636] 3620,ECG,43,5328,0,0,0,0,0
[09:54:58.667] 3625,ECG,44,5322,0,0,0,0,0
[09:54:58.667] 3625,ECG,45,5315,0,0,0,0,0
[09:54:58.699] 3625,ECG,46,5308,0,0,0,0,0
[09:54:58.823] 3630,ECG,47,5301,0,0,0,0,0
[09:54:58.823] 3630,ECG,48,5294,0,0,0,0,0
[09:54:58.854] 3635,ECG,49,5287,0,0,0,0,0
