[14:08:47.266] ✅ 连接成功，开始接收数据
[14:08:58.708] ⚠ 串口异常: ClearCommError failed (PermissionError(13, '设备不识别此命令。', None, 22))
[14:08:58.709] ⚠ 连接断开，等待重连...
[14:08:58.989] ❌ 连接失败，重试中...
[14:09:02.281] ❌ 连接失败，重试中...
[14:09:03.395] ✅ 连接成功，开始接收数据
[14:09:03.395] 📈 累计重连次数: 2
[14:09:05.637] [ECG_V1] Sensor task started
[14:09:05.638] [SENSOR] before MAX30003_Init
[14:09:05.638] [MAX30003] Initializing...
[14:09:05.638] [MAX30003_INIT] step=cs
[14:09:05.668] [MAX30003_INIT] step=sw_reset
[14:09:05.668] [MAX30003_INIT] step=status1
[14:09:05.669] [MAX30003_INIT] step=status2
[14:09:05.669] [MAX30003_INIT] step=info1
[14:09:05.669] step=info2
[14:09:05.670] [MAX30003_INIT] step=info3
[14:09:05.684] [MAX3000
[14:09:05.684] [MAX30003_INIT] step=cnfg_ecg
[14:09:05.684] NFG_ECG = 0x025000
[14:09:05.776] [MAX30003_INIT] step=cnfg_gen
[14:09:05.777] [MAX30003][OK] CNFG_GEN = 0x081217
[14:09:05.792] NFG_CAL = 0x000000
[14:09:05.793] [MAX30003][OK] CNFG_EMUX = 0x000000
[14:09:05.793] [MAX30003_INIT] step=mngr_dyn_skip
[14:09:05.794] [MAX30003_INIT] step=pll_wait
[14:09:05.794] [MAX30003_INIT] step=en_int
[14:09:05.808] [MAX30003][OK] EN_INT = 0x000002
[14:09:05.809] [MAX30003_INIT] step=mngr_int
[14:09:05.809] [MAX30003][OK] MNGR_INT = 0x200000
[14:09:05.824] [MAX30003] Init done. STATUS=0x000100
[14:09:05.825] [SENSOR] after MAX30003_Init
[14:09:05.825] [SENSOR] after MAX30003_INIT_DONE log
[14:09:05.885] [SDDBG] new log opened path=0:/log_001.txt
[14:09:05.885] [MS_SD] mount begin file=0:/ecg_001.csv
[14:09:05.886] [MS_SD] mount ok
[14:09:05.900] [MS_SD] open begin file=0:/ecg_001.csv
[14:09:05.901] [MS_SD] open ok
[14:09:05.901] [MS_SD] header ok bw=41
[14:09:05.901] [MS_SD] first sync res=0
[14:09:05.902] [REC] record start file_opened=1 tick=3236
[14:09:05.902] [MS_SD] file opened and released
[14:09:05.902] [MIC] open ok file=0:/mic_001.wav
[14:09:05.902] [MIC] dma_start ret=0 words=16384 bytes=65536
[14:09:05.902] [SDDBG][ERR] open path=0:/log_001.txt res=18
[14:09:05.903] [REC] before MAX30003_StartStream tick=3311
[14:09:15.910] [MAX30003_INIT] step=fifo_synch
[14:09:15.910] [MAX30003] StartStream status1=0x000100 status2=0x000100 status3=0x000100
[14:09:15.910] [SDDBG][ERR] open path=0:/log_001.txt res=18
[14:09:15.910] [REC] after MAX30003_StartStream tick=3314 start_tick=3313
[14:09:16.413] [ECG_AUTO_STOP] t=13314
[14:09:16.414] [MAX30003] StopStream done. STATUS=0x100109
[14:09:16.414] [SDDBG][ERR] open path=0:/log_001.txt res=18
[14:09:16.523] [SDDBG][ERR] open path=0:/log_001.txt res=18
[14:09:16.523] [SDDBG][ERR] open path=0:/log_001.txt res=18
[14:09:16.524] [REC_STOP]
[14:09:16.570] [MS_SD] close final_sync=0 close=0 bytes=151864 ecg_written=5103
[14:09:16.618] [MIC] close seek=0 write=0 bw=44 sync=0 close=0 bytes=393216 halves=48 drops=0
[14:09:16.648] [DUMP_REQ]
[14:09:16.679] [LOG_FILE_BEGIN]
[14:09:16.680] tick,event
[14:09:16.680] 3205,LOG_FILE_BEGIN,seq=1
[14:09:16.695] 3229,MULTI_SENSOR_FILE_OPENED
[14:09:16.695] 3231,RECORD_START
[14:09:16.757] 3235,SYNC_ECG_FILE_OPEN,seq=1,file=0:/ecg_001.csv,epoch=3212
[14:09:16.772] 13718,MULTI_STATS,seq=1,epoch=3212,ecg_st[DUMP_BEGIN]
[14:09:16.882] art=3313,ecg_stop=13314,mic_dma_start=3309,mic_first_half=3528,mic_stop=0,ecg_samples=5103,ecg_write_ok=5103,ecg_write_fail=0,ppg_samples=0,ppg_write_13721,MULTI_SENSOR_RECORD_STOPPED
